[2026-05-28T20:42:48Z] ==================================================
[2026-05-28T20:42:48Z] LIVE_AUTO ACTIVATION STARTED
[2026-05-28T20:42:48Z] ==================================================
[2026-05-28T20:42:48Z] [1/11] Validating semantic governance...
[2026-05-28T20:42:48Z] [FAIL] Semantic governance validation failed
[2026-05-28T20:54:08Z] ==================================================
[2026-05-28T20:54:08Z] LIVE_AUTO ACTIVATION STARTED
[2026-05-28T20:54:08Z] ==================================================
[2026-05-28T20:54:08Z] [1/11] Validating semantic governance...
[2026-05-28T20:54:08Z] [PASS] Semantic governance validated
[2026-05-28T20:54:08Z] [2/11] Validating Stage 20 orchestrator...
[2026-05-28T20:54:08Z] [PASS] Stage 20 orchestrator validated
[2026-05-28T20:54:08Z] [3/11] Validating Stage 17 gate...
[2026-05-28T20:54:08Z] [PASS] Stage 17 gate validated
[2026-05-28T20:54:08Z] [4/11] Validating Stage 19 gate...
[2026-05-28T20:54:08Z] [PASS] Stage 19 gate validated
[2026-05-28T20:54:08Z] [5/11] Validating LIVE_SEMI operational state...
[2026-05-28T20:54:08Z] [FAIL] LIVE_SEMI not enabled
[2026-05-28T20:56:27Z] ==================================================
[2026-05-28T20:56:27Z] LIVE_AUTO ACTIVATION STARTED
[2026-05-28T20:56:27Z] ==================================================
[2026-05-28T20:56:27Z] [1/11] Validating semantic governance...
[2026-05-28T20:56:27Z] [PASS] Semantic governance validated
[2026-05-28T20:56:27Z] [2/11] Validating Stage 20 orchestrator...
[2026-05-28T20:56:27Z] [PASS] Stage 20 orchestrator validated
[2026-05-28T20:56:27Z] [3/11] Validating Stage 17 gate...
[2026-05-28T20:56:27Z] [PASS] Stage 17 gate validated
[2026-05-28T20:56:27Z] [4/11] Validating Stage 19 gate...
[2026-05-28T20:56:27Z] [PASS] Stage 19 gate validated
[2026-05-28T20:56:27Z] [5/11] Validating LIVE_SEMI operational state...
[2026-05-28T20:56:27Z] [PASS] LIVE_SEMI operational state validated
[2026-05-28T20:56:27Z] [6/11] Validating operational stability certification...
[2026-05-28T20:56:27Z] [FAIL] Operational stability validation failed
[2026-05-28T20:58:52Z] ==================================================
[2026-05-28T20:58:52Z] LIVE_AUTO ACTIVATION STARTED
[2026-05-28T20:58:52Z] ==================================================
[2026-05-28T20:58:52Z] [1/11] Validating semantic governance...
[2026-05-28T20:58:52Z] [PASS] Semantic governance validated
[2026-05-28T20:58:52Z] [2/11] Validating Stage 20 orchestrator...
[2026-05-28T20:58:52Z] [PASS] Stage 20 orchestrator validated
[2026-05-28T20:58:52Z] [3/11] Validating Stage 17 gate...
[2026-05-28T20:58:52Z] [PASS] Stage 17 gate validated
[2026-05-28T20:58:52Z] [4/11] Validating Stage 19 gate...
[2026-05-28T20:58:52Z] [PASS] Stage 19 gate validated
[2026-05-28T20:58:52Z] [5/11] Validating LIVE_SEMI operational state...
[2026-05-28T20:58:52Z] [PASS] LIVE_SEMI operational state validated
[2026-05-28T20:58:52Z] [6/11] Validating operational stability certification...
[2026-05-28T20:58:52Z] [FAIL] Operational stability validation failed
[2026-05-28T21:08:44Z] ==================================================
[2026-05-28T21:08:44Z] LIVE_AUTO ACTIVATION STARTED
[2026-05-28T21:08:44Z] ==================================================
[2026-05-28T21:08:44Z] [1/11] Validating semantic governance...
[2026-05-28T21:08:44Z] [PASS] Semantic governance validated
[2026-05-28T21:08:44Z] [2/11] Validating Stage 20 orchestrator...
[2026-05-28T21:08:44Z] [PASS] Stage 20 orchestrator validated
[2026-05-28T21:08:44Z] [3/11] Validating Stage 17 gate...
[2026-05-28T21:08:44Z] [PASS] Stage 17 gate validated
[2026-05-28T21:08:44Z] [4/11] Validating Stage 19 gate...
[2026-05-28T21:08:44Z] [PASS] Stage 19 gate validated
[2026-05-28T21:08:44Z] [5/11] Validating LIVE_SEMI operational state...
[2026-05-28T21:08:44Z] [PASS] LIVE_SEMI operational state validated
[2026-05-28T21:08:44Z] [6/11] Validating operational stability certification...
[2026-05-28T21:08:45Z] [FAIL] Operational stability validation failed
[2026-05-28T21:11:20Z] ==================================================
[2026-05-28T21:11:20Z] LIVE_AUTO ACTIVATION STARTED
[2026-05-28T21:11:20Z] ==================================================
[2026-05-28T21:11:20Z] [1/11] Validating semantic governance...
[2026-05-28T21:11:20Z] [PASS] Semantic governance validated
[2026-05-28T21:11:20Z] [2/11] Validating Stage 20 orchestrator...
[2026-05-28T21:11:20Z] [PASS] Stage 20 orchestrator validated
[2026-05-28T21:11:20Z] [3/11] Validating Stage 17 gate...
[2026-05-28T21:11:20Z] [PASS] Stage 17 gate validated
[2026-05-28T21:11:20Z] [4/11] Validating Stage 19 gate...
[2026-05-28T21:11:20Z] [PASS] Stage 19 gate validated
[2026-05-28T21:11:20Z] [5/11] Validating LIVE_SEMI operational state...
[2026-05-28T21:11:20Z] [PASS] LIVE_SEMI operational state validated
[2026-05-28T21:11:20Z] [6/11] Validating operational stability certification...
[2026-05-28T21:11:20Z] [FAIL] Operational stability validation failed
[2026-05-28T21:14:03Z] ==================================================
[2026-05-28T21:14:03Z] LIVE_AUTO ACTIVATION STARTED
[2026-05-28T21:14:03Z] ==================================================
[2026-05-28T21:14:03Z] [1/11] Validating semantic governance...
[2026-05-28T21:14:04Z] [PASS] Semantic governance validated
[2026-05-28T21:14:04Z] [2/11] Validating Stage 20 orchestrator...
[2026-05-28T21:14:04Z] [PASS] Stage 20 orchestrator validated
[2026-05-28T21:14:04Z] [3/11] Validating Stage 17 gate...
[2026-05-28T21:14:04Z] [PASS] Stage 17 gate validated
[2026-05-28T21:14:04Z] [4/11] Validating Stage 19 gate...
[2026-05-28T21:14:04Z] [PASS] Stage 19 gate validated
[2026-05-28T21:14:04Z] [5/11] Validating LIVE_SEMI operational state...
[2026-05-28T21:14:04Z] [PASS] LIVE_SEMI operational state validated
[2026-05-28T21:14:04Z] [6/11] Validating operational stability certification...
[2026-05-28T21:14:04Z] [PASS] Operational stability validated
[2026-05-28T21:14:04Z] [7/11] Validating scaling constraints...
[2026-05-28T21:14:04Z] [PASS] Scaling constraints validated
[2026-05-28T21:14:04Z] [8/11] Risk-admin authorization...
[2026-05-28T21:14:07Z] [PASS] Risk-admin authorization confirmed
[2026-05-28T21:14:07Z] [9/11] Operator confirmation required...
[2026-05-28T21:14:30Z] [PASS] Operator confirmation validated
[2026-05-28T21:14:30Z] [10/11] Activating LIVE_AUTO...
[2026-05-28T21:14:30Z] [PASS] LIVE_AUTO activated
[2026-05-28T21:14:30Z] [11/11] Finalizing autonomous execution lineage...
[2026-05-28T21:14:31Z] [PASS] Autonomous execution lineage finalized
[2026-05-28T21:14:31Z] ==================================================
[2026-05-28T21:14:31Z] LIVE_AUTO ACTIVATION COMPLETED
[2026-05-28T21:14:31Z] ==================================================
[2026-05-28T21:14:31Z] [PASS] Autonomous execution ENABLED for ACC_001
[2026-05-28T21:14:31Z] [PASS] Governance constraints remain ACTIVE
[2026-05-28T21:14:31Z] [PASS] Scaling constraints remain ENFORCED
[2026-05-28T21:17:47Z] ==================================================
[2026-05-28T21:17:47Z] LIVE_AUTO ACTIVATION STARTED
[2026-05-28T21:17:47Z] ==================================================
[2026-05-28T21:17:47Z] [1/11] Validating semantic governance...
[2026-05-28T21:17:47Z] [FAIL] Semantic governance validation failed
[2026-05-28T21:19:58Z] ==================================================
[2026-05-28T21:19:58Z] LIVE_AUTO ACTIVATION STARTED
[2026-05-28T21:19:58Z] ==================================================
[2026-05-28T21:19:58Z] [1/11] Validating semantic governance...
[2026-05-28T21:19:58Z] [PASS] Semantic governance validated
[2026-05-28T21:19:58Z] [2/11] Validating Stage 20 orchestrator...
[2026-05-28T21:19:58Z] [PASS] Stage 20 orchestrator validated
[2026-05-28T21:19:58Z] [3/11] Validating Stage 17 gate...
[2026-05-28T21:19:58Z] [PASS] Stage 17 gate validated
[2026-05-28T21:19:58Z] [4/11] Validating Stage 19 gate...
[2026-05-28T21:19:58Z] [PASS] Stage 19 gate validated
[2026-05-28T21:19:58Z] [5/11] Validating LIVE_SEMI operational state...
[2026-05-28T21:19:58Z] [PASS] LIVE_SEMI operational state validated
[2026-05-28T21:19:58Z] [6/11] Validating operational stability certification...
[2026-05-28T21:19:58Z] [PASS] Operational stability validated
[2026-05-28T21:19:58Z] [7/11] Validating scaling constraints...
[2026-05-28T21:19:58Z] [PASS] Scaling constraints validated
[2026-05-28T21:19:58Z] [8/11] Risk-admin authorization...
[2026-05-28T21:20:02Z] [PASS] Risk-admin authorization confirmed
[2026-05-28T21:20:02Z] [9/11] Operator confirmation required...
[2026-05-28T21:20:19Z] [PASS] Operator confirmation validated
[2026-05-28T21:20:19Z] [10/11] Activating LIVE_AUTO...
[2026-05-28T21:20:19Z] [PASS] LIVE_AUTO activated
[2026-05-28T21:20:19Z] [11/11] Finalizing autonomous execution lineage...
[2026-05-28T21:20:20Z] [PASS] Autonomous execution lineage finalized
[2026-05-28T21:20:20Z] ==================================================
[2026-05-28T21:20:20Z] LIVE_AUTO ACTIVATION COMPLETED
[2026-05-28T21:20:20Z] ==================================================
[2026-05-28T21:20:20Z] [PASS] Autonomous execution ENABLED for ACC_001
[2026-05-28T21:20:20Z] [PASS] Governance constraints remain ACTIVE
[2026-05-28T21:20:20Z] [PASS] Scaling constraints remain ENFORCED
[2026-05-28T21:22:45Z] ==================================================
[2026-05-28T21:22:45Z] LIVE_AUTO ACTIVATION STARTED
[2026-05-28T21:22:45Z] ==================================================
[2026-05-28T21:22:45Z] [1/11] Validating semantic governance...
[2026-05-28T21:22:45Z] [PASS] Semantic governance validated
[2026-05-28T21:22:45Z] [2/11] Validating Stage 20 orchestrator...
[2026-05-28T21:22:45Z] [PASS] Stage 20 orchestrator validated
[2026-05-28T21:22:45Z] [3/11] Validating Stage 17 gate...
[2026-05-28T21:22:45Z] [PASS] Stage 17 gate validated
[2026-05-28T21:22:45Z] [4/11] Validating Stage 19 gate...
[2026-05-28T21:22:45Z] [PASS] Stage 19 gate validated
[2026-05-28T21:22:45Z] [5/11] Validating LIVE_SEMI operational state...
[2026-05-28T21:22:45Z] [PASS] LIVE_SEMI operational state validated
[2026-05-28T21:22:45Z] [6/11] Validating operational stability certification...
[2026-05-28T21:22:45Z] [PASS] Operational stability validated
[2026-05-28T21:22:45Z] [7/11] Validating scaling constraints...
[2026-05-28T21:22:45Z] [PASS] Scaling constraints validated
[2026-05-28T21:22:45Z] [8/11] Risk-admin authorization...
[2026-05-28T21:22:49Z] [PASS] Risk-admin authorization confirmed
[2026-05-28T21:22:49Z] [9/11] Operator confirmation required...
[2026-05-28T21:23:07Z] [PASS] Operator confirmation validated
[2026-05-28T21:23:07Z] [10/11] Activating LIVE_AUTO...
[2026-05-28T21:23:07Z] [PASS] LIVE_AUTO activated
[2026-05-28T21:23:07Z] [11/11] Finalizing autonomous execution lineage...
[2026-05-28T21:23:08Z] [PASS] Autonomous execution lineage finalized
[2026-05-28T21:23:08Z] ==================================================
[2026-05-28T21:23:08Z] LIVE_AUTO ACTIVATION COMPLETED
[2026-05-28T21:23:08Z] ==================================================
[2026-05-28T21:23:08Z] [PASS] Autonomous execution ENABLED for ACC_001
[2026-05-28T21:23:08Z] [PASS] Governance constraints remain ACTIVE
[2026-05-28T21:23:08Z] [PASS] Scaling constraints remain ENFORCED
[2026-05-28T21:27:23Z] ==================================================
[2026-05-28T21:27:23Z] LIVE_AUTO VALIDATION STARTED
[2026-05-28T21:27:23Z] ==================================================
[2026-05-28T21:27:23Z] [1/10] Validating LIVE_AUTO state...
[2026-05-28T21:27:23Z] [PASS] LIVE_AUTO state present
[2026-05-28T21:27:23Z] [2/10] Validating LIVE_AUTO enabled...
[2026-05-28T21:27:23Z] [PASS] LIVE_AUTO enabled
[2026-05-28T21:27:23Z] [3/10] Validating account mode...
[2026-05-28T21:27:23Z] [PASS] LIVE_AUTO account mode validated
[2026-05-28T21:27:23Z] [4/10] Validating autonomous execution...
[2026-05-28T21:27:23Z] [PASS] Autonomous execution enabled
[2026-05-28T21:27:23Z] [5/10] Validating human approval release...
[2026-05-28T21:27:23Z] [PASS] Human approval correctly disabled
[2026-05-28T21:27:23Z] [6/10] Validating semantic governance...
[2026-05-28T21:27:23Z] [PASS] Semantic governance active
[2026-05-28T21:27:23Z] [7/10] Validating kill-switch governance...
[2026-05-28T21:27:23Z] [PASS] Kill-switch governance active
[2026-05-28T21:27:23Z] [8/10] Validating scaling constraints...
[2026-05-28T21:27:23Z] [PASS] Single-account containment enforced
[2026-05-28T21:27:23Z] [PASS] Single-strategy containment enforced
[2026-05-28T21:27:23Z] [PASS] Small-capital containment enforced
[2026-05-28T21:27:23Z] [9/10] Validating operational certification...
[2026-05-28T21:27:23Z] [PASS] Operational certification validated
[2026-05-28T21:27:23Z] [10/10] Validating audit lineage...
[2026-05-28T21:27:23Z] [PASS] Audit lineage active
[2026-05-28T21:27:23Z] ==================================================
[2026-05-28T21:27:23Z] LIVE_AUTO VALIDATION PASSED
[2026-05-28T21:27:23Z] ==================================================
[2026-05-28T21:27:23Z] [PASS] Autonomous execution governance certified
[2026-05-28T21:27:36Z] ==================================================
[2026-05-28T21:27:36Z] LIVE_AUTO VALIDATION STARTED
[2026-05-28T21:27:36Z] ==================================================
[2026-05-28T21:27:36Z] [1/10] Validating LIVE_AUTO state...
[2026-05-28T21:27:36Z] [PASS] LIVE_AUTO state present
[2026-05-28T21:27:36Z] [2/10] Validating LIVE_AUTO enabled...
[2026-05-28T21:27:36Z] [PASS] LIVE_AUTO enabled
[2026-05-28T21:27:36Z] [3/10] Validating account mode...
[2026-05-28T21:27:36Z] [PASS] LIVE_AUTO account mode validated
[2026-05-28T21:27:36Z] [4/10] Validating autonomous execution...
[2026-05-28T21:27:36Z] [PASS] Autonomous execution enabled
[2026-05-28T21:27:36Z] [5/10] Validating human approval release...
[2026-05-28T21:27:36Z] [PASS] Human approval correctly disabled
[2026-05-28T21:27:36Z] [6/10] Validating semantic governance...
[2026-05-28T21:27:36Z] [PASS] Semantic governance active
[2026-05-28T21:27:36Z] [7/10] Validating kill-switch governance...
[2026-05-28T21:27:36Z] [PASS] Kill-switch governance active
[2026-05-28T21:27:36Z] [8/10] Validating scaling constraints...
[2026-05-28T21:27:36Z] [PASS] Single-account containment enforced
[2026-05-28T21:27:36Z] [PASS] Single-strategy containment enforced
[2026-05-28T21:27:36Z] [PASS] Small-capital containment enforced
[2026-05-28T21:27:36Z] [9/10] Validating operational certification...
[2026-05-28T21:27:36Z] [PASS] Operational certification validated
[2026-05-28T21:27:36Z] [10/10] Validating audit lineage...
[2026-05-28T21:27:36Z] [PASS] Audit lineage active
[2026-05-28T21:27:36Z] ==================================================
[2026-05-28T21:27:36Z] LIVE_AUTO VALIDATION PASSED
[2026-05-28T21:27:36Z] ==================================================
[2026-05-28T21:27:36Z] [PASS] Autonomous execution governance certified
[2026-05-28T21:34:02Z] ==================================================
[2026-05-28T21:34:02Z] LIVE_AUTO VALIDATION STARTED
[2026-05-28T21:34:02Z] ==================================================
[2026-05-28T21:34:02Z] [1/10] Validating LIVE_AUTO state...
[2026-05-28T21:34:02Z] [PASS] LIVE_AUTO state present
[2026-05-28T21:34:02Z] [2/10] Validating LIVE_AUTO enabled...
[2026-05-28T21:34:02Z] [PASS] LIVE_AUTO enabled
[2026-05-28T21:34:02Z] [3/10] Validating account mode...
[2026-05-28T21:34:02Z] [PASS] LIVE_AUTO account mode validated
[2026-05-28T21:34:02Z] [4/10] Validating autonomous execution...
[2026-05-28T21:34:02Z] [PASS] Autonomous execution enabled
[2026-05-28T21:34:02Z] [5/10] Validating human approval release...
[2026-05-28T21:34:02Z] [PASS] Human approval correctly disabled
[2026-05-28T21:34:02Z] [6/10] Validating semantic governance...
[2026-05-28T21:34:02Z] [PASS] Semantic governance active
[2026-05-28T21:34:02Z] [7/10] Validating kill-switch governance...
[2026-05-28T21:34:02Z] [PASS] Kill-switch governance active
[2026-05-28T21:34:02Z] [8/10] Validating scaling constraints...
[2026-05-28T21:34:02Z] [PASS] Single-account containment enforced
[2026-05-28T21:34:02Z] [PASS] Single-strategy containment enforced
[2026-05-28T21:34:02Z] [PASS] Small-capital containment enforced
[2026-05-28T21:34:02Z] [9/10] Validating operational certification...
[2026-05-28T21:34:02Z] [PASS] Operational certification validated
[2026-05-28T21:34:02Z] [10/10] Validating audit lineage...
[2026-05-28T21:34:02Z] [PASS] Audit lineage active
[2026-05-28T21:34:02Z] ==================================================
[2026-05-28T21:34:02Z] LIVE_AUTO VALIDATION PASSED
[2026-05-28T21:34:02Z] ==================================================
[2026-05-28T21:34:02Z] [PASS] Autonomous execution governance certified
[2026-05-28T21:36:44Z] ==================================================
[2026-05-28T21:36:44Z] LIVE_AUTO VALIDATION STARTED
[2026-05-28T21:36:44Z] ==================================================
[2026-05-28T21:36:44Z] [1/10] Validating LIVE_AUTO state...
[2026-05-28T21:36:44Z] [PASS] LIVE_AUTO state present
[2026-05-28T21:36:44Z] [2/10] Validating LIVE_AUTO enabled...
[2026-05-28T21:36:44Z] [PASS] LIVE_AUTO enabled
[2026-05-28T21:36:44Z] [3/10] Validating account mode...
[2026-05-28T21:36:44Z] [PASS] LIVE_AUTO account mode validated
[2026-05-28T21:36:44Z] [4/10] Validating autonomous execution...
[2026-05-28T21:36:44Z] [PASS] Autonomous execution enabled
[2026-05-28T21:36:44Z] [5/10] Validating human approval release...
[2026-05-28T21:36:44Z] [PASS] Human approval correctly disabled
[2026-05-28T21:36:44Z] [6/10] Validating semantic governance...
[2026-05-28T21:36:44Z] [PASS] Semantic governance active
[2026-05-28T21:36:44Z] [7/10] Validating kill-switch governance...
[2026-05-28T21:36:44Z] [PASS] Kill-switch governance active
[2026-05-28T21:36:44Z] [8/10] Validating scaling constraints...
[2026-05-28T21:36:44Z] [PASS] Single-account containment enforced
[2026-05-28T21:36:44Z] [PASS] Single-strategy containment enforced
[2026-05-28T21:36:44Z] [PASS] Small-capital containment enforced
[2026-05-28T21:36:44Z] [9/10] Validating operational certification...
[2026-05-28T21:36:44Z] [PASS] Operational certification validated
[2026-05-28T21:36:44Z] [10/10] Validating audit lineage...
[2026-05-28T21:36:44Z] [PASS] Audit lineage active
[2026-05-28T21:36:44Z] ==================================================
[2026-05-28T21:36:44Z] LIVE_AUTO VALIDATION PASSED
[2026-05-28T21:36:44Z] ==================================================
[2026-05-28T21:36:44Z] [PASS] Autonomous execution governance certified
[2026-05-28T21:39:02Z] ==================================================
[2026-05-28T21:39:02Z] LIVE_AUTO VALIDATION STARTED
[2026-05-28T21:39:02Z] ==================================================
[2026-05-28T21:39:02Z] [1/10] Validating LIVE_AUTO state...
[2026-05-28T21:39:02Z] [PASS] LIVE_AUTO state present
[2026-05-28T21:39:02Z] [2/10] Validating LIVE_AUTO enabled...
[2026-05-28T21:39:02Z] [PASS] LIVE_AUTO enabled
[2026-05-28T21:39:02Z] [3/10] Validating account mode...
[2026-05-28T21:39:02Z] [PASS] LIVE_AUTO account mode validated
[2026-05-28T21:39:02Z] [4/10] Validating autonomous execution...
[2026-05-28T21:39:02Z] [PASS] Autonomous execution enabled
[2026-05-28T21:39:02Z] [5/10] Validating human approval release...
[2026-05-28T21:39:02Z] [PASS] Human approval correctly disabled
[2026-05-28T21:39:02Z] [6/10] Validating semantic governance...
[2026-05-28T21:39:03Z] [PASS] Semantic governance active
[2026-05-28T21:39:03Z] [7/10] Validating kill-switch governance...
[2026-05-28T21:39:03Z] [PASS] Kill-switch governance active
[2026-05-28T21:39:03Z] [8/10] Validating scaling constraints...
[2026-05-28T21:39:03Z] [PASS] Single-account containment enforced
[2026-05-28T21:39:03Z] [PASS] Single-strategy containment enforced
[2026-05-28T21:39:03Z] [PASS] Small-capital containment enforced
[2026-05-28T21:39:03Z] [9/10] Validating operational certification...
[2026-05-28T21:39:03Z] [PASS] Operational certification validated
[2026-05-28T21:39:03Z] [10/10] Validating audit lineage...
[2026-05-28T21:39:03Z] [PASS] Audit lineage active
[2026-05-28T21:39:03Z] ==================================================
[2026-05-28T21:39:03Z] LIVE_AUTO VALIDATION PASSED
[2026-05-28T21:39:03Z] ==================================================
[2026-05-28T21:39:03Z] [PASS] Autonomous execution governance certified
[2026-05-28T21:41:19Z] ==================================================
[2026-05-28T21:41:19Z] LIVE_AUTO VALIDATION STARTED
[2026-05-28T21:41:19Z] ==================================================
[2026-05-28T21:41:19Z] [1/10] Validating LIVE_AUTO state...
[2026-05-28T21:41:19Z] [PASS] LIVE_AUTO state present
[2026-05-28T21:41:19Z] [2/10] Validating LIVE_AUTO enabled...
[2026-05-28T21:41:19Z] [PASS] LIVE_AUTO enabled
[2026-05-28T21:41:19Z] [3/10] Validating account mode...
[2026-05-28T21:41:19Z] [PASS] LIVE_AUTO account mode validated
[2026-05-28T21:41:19Z] [4/10] Validating autonomous execution...
[2026-05-28T21:41:19Z] [PASS] Autonomous execution enabled
[2026-05-28T21:41:19Z] [5/10] Validating human approval release...
[2026-05-28T21:41:19Z] [PASS] Human approval correctly disabled
[2026-05-28T21:41:19Z] [6/10] Validating semantic governance...
[2026-05-28T21:41:19Z] [PASS] Semantic governance active
[2026-05-28T21:41:19Z] [7/10] Validating kill-switch governance...
[2026-05-28T21:41:19Z] [PASS] Kill-switch governance active
[2026-05-28T21:41:19Z] [8/10] Validating scaling constraints...
[2026-05-28T21:41:19Z] [PASS] Single-account containment enforced
[2026-05-28T21:41:19Z] [PASS] Single-strategy containment enforced
[2026-05-28T21:41:19Z] [PASS] Small-capital containment enforced
[2026-05-28T21:41:19Z] [9/10] Validating operational certification...
[2026-05-28T21:41:19Z] [PASS] Operational certification validated
[2026-05-28T21:41:19Z] [10/10] Validating audit lineage...
[2026-05-28T21:41:19Z] [PASS] Audit lineage active
[2026-05-28T21:41:19Z] ==================================================
[2026-05-28T21:41:19Z] LIVE_AUTO VALIDATION PASSED
[2026-05-28T21:41:19Z] ==================================================
[2026-05-28T21:41:19Z] [PASS] Autonomous execution governance certified
[2026-05-28T21:46:50Z] ==================================================
[2026-05-28T21:46:50Z] LIVE_AUTO VALIDATION STARTED
[2026-05-28T21:46:50Z] ==================================================
[2026-05-28T21:46:50Z] [1/10] Validating LIVE_AUTO state...
[2026-05-28T21:46:50Z] [PASS] LIVE_AUTO state present
[2026-05-28T21:46:50Z] [2/10] Validating LIVE_AUTO enabled...
[2026-05-28T21:46:50Z] [PASS] LIVE_AUTO enabled
[2026-05-28T21:46:50Z] [3/10] Validating account mode...
[2026-05-28T21:46:50Z] [PASS] LIVE_AUTO account mode validated
[2026-05-28T21:46:50Z] [4/10] Validating autonomous execution...
[2026-05-28T21:46:50Z] [PASS] Autonomous execution enabled
[2026-05-28T21:46:50Z] [5/10] Validating human approval release...
[2026-05-28T21:46:50Z] [PASS] Human approval correctly disabled
[2026-05-28T21:46:50Z] [6/10] Validating semantic governance...
[2026-05-28T21:46:50Z] [PASS] Semantic governance active
[2026-05-28T21:46:50Z] [7/10] Validating kill-switch governance...
[2026-05-28T21:46:50Z] [PASS] Kill-switch governance active
[2026-05-28T21:46:50Z] [8/10] Validating scaling constraints...
[2026-05-28T21:46:50Z] [PASS] Single-account containment enforced
[2026-05-28T21:46:50Z] [PASS] Single-strategy containment enforced
[2026-05-28T21:46:50Z] [PASS] Small-capital containment enforced
[2026-05-28T21:46:50Z] [9/10] Validating operational certification...
[2026-05-28T21:46:50Z] [PASS] Operational certification validated
[2026-05-28T21:46:50Z] [10/10] Validating audit lineage...
[2026-05-28T21:46:50Z] [PASS] Audit lineage active
[2026-05-28T21:46:50Z] ==================================================
[2026-05-28T21:46:50Z] LIVE_AUTO VALIDATION PASSED
[2026-05-28T21:46:50Z] ==================================================
[2026-05-28T21:46:50Z] [PASS] Autonomous execution governance certified
[2026-05-28T21:48:54Z] ==================================================
[2026-05-28T21:48:54Z] LIVE_AUTO VALIDATION STARTED
[2026-05-28T21:48:54Z] ==================================================
[2026-05-28T21:48:54Z] [1/10] Validating LIVE_AUTO state...
[2026-05-28T21:48:55Z] [PASS] LIVE_AUTO state present
[2026-05-28T21:48:55Z] [2/10] Validating LIVE_AUTO enabled...
[2026-05-28T21:48:55Z] [PASS] LIVE_AUTO enabled
[2026-05-28T21:48:55Z] [3/10] Validating account mode...
[2026-05-28T21:48:55Z] [PASS] LIVE_AUTO account mode validated
[2026-05-28T21:48:55Z] [4/10] Validating autonomous execution...
[2026-05-28T21:48:55Z] [PASS] Autonomous execution enabled
[2026-05-28T21:48:55Z] [5/10] Validating human approval release...
[2026-05-28T21:48:55Z] [PASS] Human approval correctly disabled
[2026-05-28T21:48:55Z] [6/10] Validating semantic governance...
[2026-05-28T21:48:55Z] [PASS] Semantic governance active
[2026-05-28T21:48:55Z] [7/10] Validating kill-switch governance...
[2026-05-28T21:48:55Z] [PASS] Kill-switch governance active
[2026-05-28T21:48:55Z] [8/10] Validating scaling constraints...
[2026-05-28T21:48:55Z] [PASS] Single-account containment enforced
[2026-05-28T21:48:55Z] [PASS] Single-strategy containment enforced
[2026-05-28T21:48:55Z] [PASS] Small-capital containment enforced
[2026-05-28T21:48:55Z] [9/10] Validating operational certification...
[2026-05-28T21:48:55Z] [PASS] Operational certification validated
[2026-05-28T21:48:55Z] [10/10] Validating audit lineage...
[2026-05-28T21:48:55Z] [PASS] Audit lineage active
[2026-05-28T21:48:55Z] ==================================================
[2026-05-28T21:48:55Z] LIVE_AUTO VALIDATION PASSED
[2026-05-28T21:48:55Z] ==================================================
[2026-05-28T21:48:55Z] [PASS] Autonomous execution governance certified
[2026-05-28T21:53:25Z] ==================================================
[2026-05-28T21:53:25Z] LIVE_AUTO VALIDATION STARTED
[2026-05-28T21:53:25Z] ==================================================
[2026-05-28T21:53:25Z] [1/10] Validating LIVE_AUTO state...
[2026-05-28T21:53:25Z] [PASS] LIVE_AUTO state present
[2026-05-28T21:53:25Z] [2/10] Validating LIVE_AUTO enabled...
[2026-05-28T21:53:25Z] [PASS] LIVE_AUTO enabled
[2026-05-28T21:53:25Z] [3/10] Validating account mode...
[2026-05-28T21:53:25Z] [PASS] LIVE_AUTO account mode validated
[2026-05-28T21:53:25Z] [4/10] Validating autonomous execution...
[2026-05-28T21:53:25Z] [PASS] Autonomous execution enabled
[2026-05-28T21:53:25Z] [5/10] Validating human approval release...
[2026-05-28T21:53:25Z] [PASS] Human approval correctly disabled
[2026-05-28T21:53:25Z] [6/10] Validating semantic governance...
[2026-05-28T21:53:25Z] [PASS] Semantic governance active
[2026-05-28T21:53:25Z] [7/10] Validating kill-switch governance...
[2026-05-28T21:53:25Z] [PASS] Kill-switch governance active
[2026-05-28T21:53:25Z] [8/10] Validating scaling constraints...
[2026-05-28T21:53:25Z] [PASS] Single-account containment enforced
[2026-05-28T21:53:25Z] [PASS] Single-strategy containment enforced
[2026-05-28T21:53:25Z] [PASS] Small-capital containment enforced
[2026-05-28T21:53:25Z] [9/10] Validating operational certification...
[2026-05-28T21:53:25Z] [PASS] Operational certification validated
[2026-05-28T21:53:25Z] [10/10] Validating audit lineage...
[2026-05-28T21:53:25Z] [PASS] Audit lineage active
[2026-05-28T21:53:25Z] ==================================================
[2026-05-28T21:53:25Z] LIVE_AUTO VALIDATION PASSED
[2026-05-28T21:53:25Z] ==================================================
[2026-05-28T21:53:25Z] [PASS] Autonomous execution governance certified
[2026-05-28T21:54:32Z] ==================================================
[2026-05-28T21:54:32Z] LIVE_AUTO VALIDATION STARTED
[2026-05-28T21:54:32Z] ==================================================
[2026-05-28T21:54:32Z] [1/10] Validating LIVE_AUTO state...
[2026-05-28T21:54:32Z] [PASS] LIVE_AUTO state present
[2026-05-28T21:54:32Z] [2/10] Validating LIVE_AUTO enabled...
[2026-05-28T21:54:32Z] [PASS] LIVE_AUTO enabled
[2026-05-28T21:54:32Z] [3/10] Validating account mode...
[2026-05-28T21:54:32Z] [PASS] LIVE_AUTO account mode validated
[2026-05-28T21:54:32Z] [4/10] Validating autonomous execution...
[2026-05-28T21:54:32Z] [PASS] Autonomous execution enabled
[2026-05-28T21:54:32Z] [5/10] Validating human approval release...
[2026-05-28T21:54:32Z] [PASS] Human approval correctly disabled
[2026-05-28T21:54:32Z] [6/10] Validating semantic governance...
[2026-05-28T21:54:32Z] [PASS] Semantic governance active
[2026-05-28T21:54:32Z] [7/10] Validating kill-switch governance...
[2026-05-28T21:54:32Z] [PASS] Kill-switch governance active
[2026-05-28T21:54:32Z] [8/10] Validating scaling constraints...
[2026-05-28T21:54:32Z] [PASS] Single-account containment enforced
[2026-05-28T21:54:32Z] [PASS] Single-strategy containment enforced
[2026-05-28T21:54:32Z] [PASS] Small-capital containment enforced
[2026-05-28T21:54:32Z] [9/10] Validating operational certification...
[2026-05-28T21:54:32Z] [PASS] Operational certification validated
[2026-05-28T21:54:32Z] [10/10] Validating audit lineage...
[2026-05-28T21:54:32Z] [PASS] Audit lineage active
[2026-05-28T21:54:32Z] ==================================================
[2026-05-28T21:54:32Z] LIVE_AUTO VALIDATION PASSED
[2026-05-28T21:54:32Z] ==================================================
[2026-05-28T21:54:32Z] [PASS] Autonomous execution governance certified
[2026-05-28T21:58:01Z] ==================================================
[2026-05-28T21:58:01Z] LIVE_AUTO VALIDATION STARTED
[2026-05-28T21:58:01Z] ==================================================
[2026-05-28T21:58:01Z] [1/10] Validating LIVE_AUTO state...
[2026-05-28T21:58:01Z] [PASS] LIVE_AUTO state present
[2026-05-28T21:58:01Z] [2/10] Validating LIVE_AUTO enabled...
[2026-05-28T21:58:01Z] [PASS] LIVE_AUTO enabled
[2026-05-28T21:58:01Z] [3/10] Validating account mode...
[2026-05-28T21:58:01Z] [PASS] LIVE_AUTO account mode validated
[2026-05-28T21:58:01Z] [4/10] Validating autonomous execution...
[2026-05-28T21:58:01Z] [PASS] Autonomous execution enabled
[2026-05-28T21:58:01Z] [5/10] Validating human approval release...
[2026-05-28T21:58:01Z] [PASS] Human approval correctly disabled
[2026-05-28T21:58:01Z] [6/10] Validating semantic governance...
[2026-05-28T21:58:01Z] [PASS] Semantic governance active
[2026-05-28T21:58:01Z] [7/10] Validating kill-switch governance...
[2026-05-28T21:58:01Z] [PASS] Kill-switch governance active
[2026-05-28T21:58:01Z] [8/10] Validating scaling constraints...
[2026-05-28T21:58:01Z] [PASS] Single-account containment enforced
[2026-05-28T21:58:01Z] [PASS] Single-strategy containment enforced
[2026-05-28T21:58:01Z] [PASS] Small-capital containment enforced
[2026-05-28T21:58:01Z] [9/10] Validating operational certification...
[2026-05-28T21:58:01Z] [PASS] Operational certification validated
[2026-05-28T21:58:01Z] [10/10] Validating audit lineage...
[2026-05-28T21:58:01Z] [PASS] Audit lineage active
[2026-05-28T21:58:01Z] ==================================================
[2026-05-28T21:58:01Z] LIVE_AUTO VALIDATION PASSED
[2026-05-28T21:58:01Z] ==================================================
[2026-05-28T21:58:01Z] [PASS] Autonomous execution governance certified
[2026-05-28T22:00:32Z] ==================================================
[2026-05-28T22:00:32Z] LIVE_AUTO VALIDATION STARTED
[2026-05-28T22:00:32Z] ==================================================
[2026-05-28T22:00:32Z] [1/10] Validating LIVE_AUTO state...
[2026-05-28T22:00:32Z] [PASS] LIVE_AUTO state present
[2026-05-28T22:00:32Z] [2/10] Validating LIVE_AUTO enabled...
[2026-05-28T22:00:32Z] [PASS] LIVE_AUTO enabled
[2026-05-28T22:00:32Z] [3/10] Validating account mode...
[2026-05-28T22:00:32Z] [PASS] LIVE_AUTO account mode validated
[2026-05-28T22:00:32Z] [4/10] Validating autonomous execution...
[2026-05-28T22:00:32Z] [PASS] Autonomous execution enabled
[2026-05-28T22:00:32Z] [5/10] Validating human approval release...
[2026-05-28T22:00:32Z] [PASS] Human approval correctly disabled
[2026-05-28T22:00:32Z] [6/10] Validating semantic governance...
[2026-05-28T22:00:32Z] [PASS] Semantic governance active
[2026-05-28T22:00:32Z] [7/10] Validating kill-switch governance...
[2026-05-28T22:00:32Z] [PASS] Kill-switch governance active
[2026-05-28T22:00:32Z] [8/10] Validating scaling constraints...
[2026-05-28T22:00:32Z] [PASS] Single-account containment enforced
[2026-05-28T22:00:32Z] [PASS] Single-strategy containment enforced
[2026-05-28T22:00:32Z] [PASS] Small-capital containment enforced
[2026-05-28T22:00:32Z] [9/10] Validating operational certification...
[2026-05-28T22:00:32Z] [PASS] Operational certification validated
[2026-05-28T22:00:32Z] [10/10] Validating audit lineage...
[2026-05-28T22:00:32Z] [PASS] Audit lineage active
[2026-05-28T22:00:32Z] ==================================================
[2026-05-28T22:00:32Z] LIVE_AUTO VALIDATION PASSED
[2026-05-28T22:00:32Z] ==================================================
[2026-05-28T22:00:32Z] [PASS] Autonomous execution governance certified
