[2026-05-28T20:35:28Z] ==================================================
[2026-05-28T20:35:28Z] LIVE OBSERVATION ENGINE STARTED
[2026-05-28T20:35:28Z] ==================================================
[2026-05-28T20:35:28Z] [1/9] Validating LIVE_SEMI state...
[2026-05-28T20:35:28Z] [PASS] LIVE_SEMI active
[2026-05-28T20:35:28Z] [2/9] Validating human supervision...
[2026-05-28T20:35:28Z] [PASS] Human supervision enforced
[2026-05-28T20:35:28Z] [3/9] Validating LIVE_AUTO prohibition...
[2026-05-28T20:35:28Z] [PASS] LIVE_AUTO correctly disabled
[2026-05-28T20:35:28Z] [4/9] Monitoring reconciliation integrity...
[2026-05-28T20:35:29Z] [PASS] No reconciliation mismatches detected
[2026-05-28T20:35:29Z] [5/9] Monitoring broker uptime...
[2026-05-28T20:35:30Z] [PASS] Broker uptime stable
[2026-05-28T20:35:30Z] [6/9] Monitoring fill integrity...
[2026-05-28T20:35:31Z] [PASS] Fill reconciliation stable
[2026-05-28T20:35:31Z] [7/9] Monitoring PnL accounting...
[2026-05-28T20:35:32Z] [PASS] PnL accounting stable
[2026-05-28T20:35:32Z] [8/9] Monitoring kill-switch state...
[2026-05-28T20:35:33Z] [PASS] No kill-switch activation detected
[2026-05-28T20:35:33Z] [9/9] Finalizing observation state...
[2026-05-28T20:35:33Z] [PASS] Observation state finalized
[2026-05-28T20:35:33Z] ==================================================
[2026-05-28T20:35:33Z] LIVE OBSERVATION VALIDATION PASSED
[2026-05-28T20:35:33Z] ==================================================
[2026-05-28T20:35:50Z] ==================================================
[2026-05-28T20:35:50Z] LIVE OBSERVATION ENGINE STARTED
[2026-05-28T20:35:50Z] ==================================================
[2026-05-28T20:35:50Z] [1/9] Validating LIVE_SEMI state...
[2026-05-28T20:35:50Z] [PASS] LIVE_SEMI active
[2026-05-28T20:35:50Z] [2/9] Validating human supervision...
[2026-05-28T20:35:50Z] [PASS] Human supervision enforced
[2026-05-28T20:35:50Z] [3/9] Validating LIVE_AUTO prohibition...
[2026-05-28T20:35:50Z] [PASS] LIVE_AUTO correctly disabled
[2026-05-28T20:35:50Z] [4/9] Monitoring reconciliation integrity...
[2026-05-28T20:35:51Z] [PASS] No reconciliation mismatches detected
[2026-05-28T20:35:51Z] [5/9] Monitoring broker uptime...
[2026-05-28T20:35:52Z] [PASS] Broker uptime stable
[2026-05-28T20:35:52Z] [6/9] Monitoring fill integrity...
[2026-05-28T20:35:53Z] [PASS] Fill reconciliation stable
[2026-05-28T20:35:53Z] [7/9] Monitoring PnL accounting...
[2026-05-28T20:35:54Z] [PASS] PnL accounting stable
[2026-05-28T20:35:54Z] [8/9] Monitoring kill-switch state...
[2026-05-28T20:35:55Z] [PASS] No kill-switch activation detected
[2026-05-28T20:35:55Z] [9/9] Finalizing observation state...
[2026-05-28T20:35:55Z] [PASS] Observation state finalized
[2026-05-28T20:35:55Z] ==================================================
[2026-05-28T20:35:55Z] LIVE OBSERVATION VALIDATION PASSED
[2026-05-28T20:35:55Z] ==================================================
[2026-05-28T20:36:03Z] ==================================================
[2026-05-28T20:36:03Z] OPERATIONAL STABILITY VALIDATION STARTED
[2026-05-28T20:36:03Z] ==================================================
[2026-05-28T20:36:03Z] [1/10] Validating LIVE_SEMI operational state...
[2026-05-28T20:36:03Z] [PASS] LIVE_SEMI operational state active
[2026-05-28T20:36:03Z] [2/10] Validating observation state...
[2026-05-28T20:36:03Z] [PASS] Observation state active
[2026-05-28T20:36:03Z] [3/10] Validating reconciliation stability...
[2026-05-28T20:36:03Z] [PASS] Reconciliation stability validated
[2026-05-28T20:36:03Z] [4/10] Validating broker uptime...
[2026-05-28T20:36:03Z] [PASS] Broker uptime stability validated
[2026-05-28T20:36:03Z] [5/10] Validating fill integrity...
[2026-05-28T20:36:03Z] [PASS] Fill integrity validated
[2026-05-28T20:36:03Z] [6/10] Validating PnL accounting...
[2026-05-28T20:36:03Z] [PASS] PnL accounting validated
[2026-05-28T20:36:03Z] [7/10] Validating kill-switch stability...
[2026-05-28T20:36:03Z] [PASS] Kill-switch stability validated
[2026-05-28T20:36:03Z] [8/10] Validating human supervision...
[2026-05-28T20:36:03Z] [PASS] Human supervision enforced
[2026-05-28T20:36:03Z] [9/10] Validating audit lineage...
[2026-05-28T20:36:03Z] [PASS] Audit lineage continuity validated
[2026-05-28T20:36:03Z] [10/10] Validating LIVE_AUTO prohibition...
[2026-05-28T20:36:03Z] [PASS] LIVE_AUTO correctly prohibited
[2026-05-28T20:36:03Z] ==================================================
[2026-05-28T20:36:03Z] OPERATIONAL STABILITY VALIDATION PASSED
[2026-05-28T20:36:03Z] ==================================================
[2026-05-28T20:36:03Z] [PASS] Platform eligible for LIVE_AUTO consideration
[2026-05-28T20:56:27Z] ==================================================
[2026-05-28T20:56:27Z] OPERATIONAL STABILITY VALIDATION STARTED
[2026-05-28T20:56:27Z] ==================================================
[2026-05-28T20:56:27Z] [1/10] Validating LIVE_SEMI operational state...
[2026-05-28T20:56:27Z] [FAIL] LIVE_SEMI operational state invalid
[2026-05-28T20:56:27Z] [2/10] Validating observation state...
[2026-05-28T20:56:27Z] [PASS] Observation state active
[2026-05-28T20:56:27Z] [3/10] Validating reconciliation stability...
[2026-05-28T20:56:27Z] [PASS] Reconciliation stability validated
[2026-05-28T20:56:27Z] [4/10] Validating broker uptime...
[2026-05-28T20:56:27Z] [PASS] Broker uptime stability validated
[2026-05-28T20:56:27Z] [5/10] Validating fill integrity...
[2026-05-28T20:56:27Z] [PASS] Fill integrity validated
[2026-05-28T20:56:27Z] [6/10] Validating PnL accounting...
[2026-05-28T20:56:27Z] [PASS] PnL accounting validated
[2026-05-28T20:56:27Z] [7/10] Validating kill-switch stability...
[2026-05-28T20:56:27Z] [PASS] Kill-switch stability validated
[2026-05-28T20:56:27Z] [8/10] Validating human supervision...
[2026-05-28T20:56:27Z] [PASS] Human supervision enforced
[2026-05-28T20:56:27Z] [9/10] Validating audit lineage...
[2026-05-28T20:56:27Z] [PASS] Audit lineage continuity validated
[2026-05-28T20:56:27Z] [10/10] Validating LIVE_AUTO prohibition...
[2026-05-28T20:56:27Z] [PASS] LIVE_AUTO correctly prohibited
[2026-05-28T20:56:27Z] ==================================================
[2026-05-28T20:56:27Z] OPERATIONAL STABILITY VALIDATION FAILED
[2026-05-28T20:56:27Z] ==================================================
[2026-05-28T20:58:52Z] ==================================================
[2026-05-28T20:58:52Z] OPERATIONAL STABILITY VALIDATION STARTED
[2026-05-28T20:58:52Z] ==================================================
[2026-05-28T20:58:52Z] [1/10] Validating LIVE_SEMI operational state...
[2026-05-28T20:58:52Z] [FAIL] LIVE_SEMI operational state invalid
[2026-05-28T20:58:52Z] [2/10] Validating observation state...
[2026-05-28T20:58:52Z] [PASS] Observation state active
[2026-05-28T20:58:52Z] [3/10] Validating reconciliation stability...
[2026-05-28T20:58:52Z] [PASS] Reconciliation stability validated
[2026-05-28T20:58:52Z] [4/10] Validating broker uptime...
[2026-05-28T20:58:52Z] [PASS] Broker uptime stability validated
[2026-05-28T20:58:52Z] [5/10] Validating fill integrity...
[2026-05-28T20:58:52Z] [PASS] Fill integrity validated
[2026-05-28T20:58:52Z] [6/10] Validating PnL accounting...
[2026-05-28T20:58:52Z] [PASS] PnL accounting validated
[2026-05-28T20:58:52Z] [7/10] Validating kill-switch stability...
[2026-05-28T20:58:52Z] [PASS] Kill-switch stability validated
[2026-05-28T20:58:52Z] [8/10] Validating human supervision...
[2026-05-28T20:58:52Z] [PASS] Human supervision enforced
[2026-05-28T20:58:52Z] [9/10] Validating audit lineage...
[2026-05-28T20:58:52Z] [PASS] Audit lineage continuity validated
[2026-05-28T20:58:52Z] [10/10] Validating LIVE_AUTO prohibition...
[2026-05-28T20:58:52Z] [PASS] LIVE_AUTO correctly prohibited
[2026-05-28T20:58:52Z] ==================================================
[2026-05-28T20:58:52Z] OPERATIONAL STABILITY VALIDATION FAILED
[2026-05-28T20:58:52Z] ==================================================
[2026-05-28T21:08:44Z] ==================================================
[2026-05-28T21:08:44Z] OPERATIONAL STABILITY VALIDATION STARTED
[2026-05-28T21:08:44Z] ==================================================
[2026-05-28T21:08:44Z] [1/10] Validating LIVE_SEMI operational state...
[2026-05-28T21:08:44Z] [FAIL] LIVE_SEMI operational state invalid
[2026-05-28T21:08:44Z] [2/10] Validating observation state...
[2026-05-28T21:08:44Z] [PASS] Observation state active
[2026-05-28T21:08:44Z] [3/10] Validating reconciliation stability...
[2026-05-28T21:08:44Z] [PASS] Reconciliation stability validated
[2026-05-28T21:08:44Z] [4/10] Validating broker uptime...
[2026-05-28T21:08:44Z] [PASS] Broker uptime stability validated
[2026-05-28T21:08:44Z] [5/10] Validating fill integrity...
[2026-05-28T21:08:44Z] [PASS] Fill integrity validated
[2026-05-28T21:08:44Z] [6/10] Validating PnL accounting...
[2026-05-28T21:08:44Z] [PASS] PnL accounting validated
[2026-05-28T21:08:44Z] [7/10] Validating kill-switch stability...
[2026-05-28T21:08:44Z] [PASS] Kill-switch stability validated
[2026-05-28T21:08:44Z] [8/10] Validating human supervision...
[2026-05-28T21:08:44Z] [PASS] Human supervision enforced
[2026-05-28T21:08:44Z] [9/10] Validating audit lineage...
[2026-05-28T21:08:45Z] [PASS] Audit lineage continuity validated
[2026-05-28T21:08:45Z] [10/10] Validating LIVE_AUTO prohibition...
[2026-05-28T21:08:45Z] [PASS] LIVE_AUTO correctly prohibited
[2026-05-28T21:08:45Z] ==================================================
[2026-05-28T21:08:45Z] OPERATIONAL STABILITY VALIDATION FAILED
[2026-05-28T21:08:45Z] ==================================================
[2026-05-28T21:11:20Z] ==================================================
[2026-05-28T21:11:20Z] OPERATIONAL STABILITY VALIDATION STARTED
[2026-05-28T21:11:20Z] ==================================================
[2026-05-28T21:11:20Z] [1/10] Validating LIVE_SEMI operational state...
[2026-05-28T21:11:20Z] [FAIL] LIVE_SEMI operational state invalid
[2026-05-28T21:11:20Z] [2/10] Validating observation state...
[2026-05-28T21:11:20Z] [PASS] Observation state active
[2026-05-28T21:11:20Z] [3/10] Validating reconciliation stability...
[2026-05-28T21:11:20Z] [PASS] Reconciliation stability validated
[2026-05-28T21:11:20Z] [4/10] Validating broker uptime...
[2026-05-28T21:11:20Z] [PASS] Broker uptime stability validated
[2026-05-28T21:11:20Z] [5/10] Validating fill integrity...
[2026-05-28T21:11:20Z] [PASS] Fill integrity validated
[2026-05-28T21:11:20Z] [6/10] Validating PnL accounting...
[2026-05-28T21:11:20Z] [PASS] PnL accounting validated
[2026-05-28T21:11:20Z] [7/10] Validating kill-switch stability...
[2026-05-28T21:11:20Z] [PASS] Kill-switch stability validated
[2026-05-28T21:11:20Z] [8/10] Validating human supervision...
[2026-05-28T21:11:20Z] [PASS] Human supervision enforced
[2026-05-28T21:11:20Z] [9/10] Validating audit lineage...
[2026-05-28T21:11:20Z] [PASS] Audit lineage continuity validated
[2026-05-28T21:11:20Z] [10/10] Validating LIVE_AUTO prohibition...
[2026-05-28T21:11:20Z] [PASS] LIVE_AUTO correctly prohibited
[2026-05-28T21:11:20Z] ==================================================
[2026-05-28T21:11:20Z] OPERATIONAL STABILITY VALIDATION FAILED
[2026-05-28T21:11:20Z] ==================================================
[2026-05-28T21:14:04Z] ==================================================
[2026-05-28T21:14:04Z] OPERATIONAL STABILITY VALIDATION STARTED
[2026-05-28T21:14:04Z] ==================================================
[2026-05-28T21:14:04Z] [1/10] Validating LIVE_SEMI operational state...
[2026-05-28T21:14:04Z] [PASS] LIVE_SEMI operational state active
[2026-05-28T21:14:04Z] [2/10] Validating observation state...
[2026-05-28T21:14:04Z] [PASS] Observation state active
[2026-05-28T21:14:04Z] [3/10] Validating reconciliation stability...
[2026-05-28T21:14:04Z] [PASS] Reconciliation stability validated
[2026-05-28T21:14:04Z] [4/10] Validating broker uptime...
[2026-05-28T21:14:04Z] [PASS] Broker uptime stability validated
[2026-05-28T21:14:04Z] [5/10] Validating fill integrity...
[2026-05-28T21:14:04Z] [PASS] Fill integrity validated
[2026-05-28T21:14:04Z] [6/10] Validating PnL accounting...
[2026-05-28T21:14:04Z] [PASS] PnL accounting validated
[2026-05-28T21:14:04Z] [7/10] Validating kill-switch stability...
[2026-05-28T21:14:04Z] [PASS] Kill-switch stability validated
[2026-05-28T21:14:04Z] [8/10] Validating human supervision...
[2026-05-28T21:14:04Z] [PASS] Human supervision enforced
[2026-05-28T21:14:04Z] [9/10] Validating audit lineage...
[2026-05-28T21:14:04Z] [PASS] Audit lineage continuity validated
[2026-05-28T21:14:04Z] [10/10] Validating LIVE_AUTO prohibition...
[2026-05-28T21:14:04Z] [PASS] LIVE_AUTO correctly prohibited
[2026-05-28T21:14:04Z] ==================================================
[2026-05-28T21:14:04Z] OPERATIONAL STABILITY VALIDATION PASSED
[2026-05-28T21:14:04Z] ==================================================
[2026-05-28T21:14:04Z] [PASS] Platform eligible for LIVE_AUTO consideration
[2026-05-28T21:19:58Z] ==================================================
[2026-05-28T21:19:58Z] OPERATIONAL STABILITY VALIDATION STARTED
[2026-05-28T21:19:58Z] ==================================================
[2026-05-28T21:19:58Z] [1/10] Validating LIVE_SEMI operational state...
[2026-05-28T21:19:58Z] [PASS] LIVE_SEMI operational state active
[2026-05-28T21:19:58Z] [2/10] Validating observation state...
[2026-05-28T21:19:58Z] [PASS] Observation state active
[2026-05-28T21:19:58Z] [3/10] Validating reconciliation stability...
[2026-05-28T21:19:58Z] [PASS] Reconciliation stability validated
[2026-05-28T21:19:58Z] [4/10] Validating broker uptime...
[2026-05-28T21:19:58Z] [PASS] Broker uptime stability validated
[2026-05-28T21:19:58Z] [5/10] Validating fill integrity...
[2026-05-28T21:19:58Z] [PASS] Fill integrity validated
[2026-05-28T21:19:58Z] [6/10] Validating PnL accounting...
[2026-05-28T21:19:58Z] [PASS] PnL accounting validated
[2026-05-28T21:19:58Z] [7/10] Validating kill-switch stability...
[2026-05-28T21:19:58Z] [PASS] Kill-switch stability validated
[2026-05-28T21:19:58Z] [8/10] Validating human supervision...
[2026-05-28T21:19:58Z] [PASS] Human supervision enforced
[2026-05-28T21:19:58Z] [9/10] Validating audit lineage...
[2026-05-28T21:19:58Z] [PASS] Audit lineage continuity validated
[2026-05-28T21:19:58Z] [10/10] Validating LIVE_AUTO prohibition...
[2026-05-28T21:19:58Z] [PASS] LIVE_AUTO correctly prohibited
[2026-05-28T21:19:58Z] ==================================================
[2026-05-28T21:19:58Z] OPERATIONAL STABILITY VALIDATION PASSED
[2026-05-28T21:19:58Z] ==================================================
[2026-05-28T21:19:58Z] [PASS] Platform eligible for LIVE_AUTO consideration
[2026-05-28T21:22:45Z] ==================================================
[2026-05-28T21:22:45Z] OPERATIONAL STABILITY VALIDATION STARTED
[2026-05-28T21:22:45Z] ==================================================
[2026-05-28T21:22:45Z] [1/10] Validating LIVE_SEMI operational state...
[2026-05-28T21:22:45Z] [PASS] LIVE_SEMI operational state active
[2026-05-28T21:22:45Z] [2/10] Validating observation state...
[2026-05-28T21:22:45Z] [PASS] Observation state active
[2026-05-28T21:22:45Z] [3/10] Validating reconciliation stability...
[2026-05-28T21:22:45Z] [PASS] Reconciliation stability validated
[2026-05-28T21:22:45Z] [4/10] Validating broker uptime...
[2026-05-28T21:22:45Z] [PASS] Broker uptime stability validated
[2026-05-28T21:22:45Z] [5/10] Validating fill integrity...
[2026-05-28T21:22:45Z] [PASS] Fill integrity validated
[2026-05-28T21:22:45Z] [6/10] Validating PnL accounting...
[2026-05-28T21:22:45Z] [PASS] PnL accounting validated
[2026-05-28T21:22:45Z] [7/10] Validating kill-switch stability...
[2026-05-28T21:22:45Z] [PASS] Kill-switch stability validated
[2026-05-28T21:22:45Z] [8/10] Validating human supervision...
[2026-05-28T21:22:45Z] [PASS] Human supervision enforced
[2026-05-28T21:22:45Z] [9/10] Validating audit lineage...
[2026-05-28T21:22:45Z] [PASS] Audit lineage continuity validated
[2026-05-28T21:22:45Z] [10/10] Validating LIVE_AUTO prohibition...
[2026-05-28T21:22:45Z] [PASS] LIVE_AUTO correctly prohibited
[2026-05-28T21:22:45Z] ==================================================
[2026-05-28T21:22:45Z] OPERATIONAL STABILITY VALIDATION PASSED
[2026-05-28T21:22:45Z] ==================================================
[2026-05-28T21:22:45Z] [PASS] Platform eligible for LIVE_AUTO consideration
