/******************************************************************************
 *
 * COREI OPERATING SYSTEM
 *
 * STAGE-25
 * PHASE-17
 * STEP-02
 *
 * FILE:
 * workspace-foundation.css
 *
 * PURPOSE:
 * Legacy Workspace Visuals Removed
 *
 ******************************************************************************/
