metaPropertiesEnsemble=MetaPropertiesEnsemble(metadataLogDir=Optional.empty, dirs={/var/lib/kafka/data/logs: MetaProperties(version=1, clusterId=MkU3OEVBNTcwNTJENDM2Qk, nodeId=0, directoryId=wMy22utBrLK9FU8Xi6N7Vw)})
All of the log directories are already formatted.
[2026-05-30 21:27:14,451] INFO Registered kafka:type=kafka.Log4jController MBean (kafka.utils.Log4jControllerRegistration$)
[2026-05-30 21:27:14,876] INFO Setting -D jdk.tls.rejectClientInitiatedRenegotiation=true to disable client-initiated TLS renegotiation (org.apache.zookeeper.common.X509Util)
[2026-05-30 21:27:15,143] INFO Registered signal handlers for TERM, INT, HUP (org.apache.kafka.common.utils.LoggingSignalHandler)
[2026-05-30 21:27:15,146] INFO [ControllerServer id=0] Starting controller (kafka.server.ControllerServer)
[2026-05-30 21:27:15,669] INFO Updated connection-accept-rate max connection creation rate to 2147483647 (kafka.network.ConnectionQuotas)
[2026-05-30 21:27:15,743] INFO [SocketServer listenerType=CONTROLLER, nodeId=0] Created data-plane acceptor and processors for endpoint : ListenerName(CONTROLLER) (kafka.network.SocketServer)
[2026-05-30 21:27:15,750] INFO authorizerStart completed for endpoint CONTROLLER. Endpoint is now READY. (org.apache.kafka.server.network.EndpointReadyFutures)
[2026-05-30 21:27:15,750] INFO [SharedServer id=0] Starting SharedServer (kafka.server.SharedServer)
[2026-05-30 21:27:15,858] INFO [LogLoader partition=__cluster_metadata-0, dir=/var/lib/kafka/data/logs] Recovering unflushed segment 0. 0/1 recovered for __cluster_metadata-0. (kafka.log.LogLoader)
[2026-05-30 21:27:15,861] INFO [LogLoader partition=__cluster_metadata-0, dir=/var/lib/kafka/data/logs] Loading producer state till offset 0 with message format version 2 (kafka.log.UnifiedLog$)
[2026-05-30 21:27:15,862] INFO [LogLoader partition=__cluster_metadata-0, dir=/var/lib/kafka/data/logs] Reloading from producer snapshot and rebuilding producer state from offset 0 (kafka.log.UnifiedLog$)
[2026-05-30 21:27:15,862] INFO Deleted producer state snapshot /var/lib/kafka/data/logs/__cluster_metadata-0/00000000000000351087.snapshot (org.apache.kafka.storage.internals.log.SnapshotFile)
[2026-05-30 21:27:15,863] INFO Deleted producer state snapshot /var/lib/kafka/data/logs/__cluster_metadata-0/00000000000000351089.snapshot (org.apache.kafka.storage.internals.log.SnapshotFile)
[2026-05-30 21:27:15,863] INFO [LogLoader partition=__cluster_metadata-0, dir=/var/lib/kafka/data/logs] Producer state recovery took 1ms for snapshot load and 0ms for segment recovery from offset 0 (kafka.log.UnifiedLog$)
[2026-05-30 21:27:17,210] INFO [ProducerStateManager partition=__cluster_metadata-0] Wrote producer snapshot at offset 351089 with 0 producer ids in 5 ms. (org.apache.kafka.storage.internals.log.ProducerStateManager)
[2026-05-30 21:27:17,221] INFO [LogLoader partition=__cluster_metadata-0, dir=/var/lib/kafka/data/logs] Loading producer state till offset 351089 with message format version 2 (kafka.log.UnifiedLog$)
[2026-05-30 21:27:17,221] INFO [LogLoader partition=__cluster_metadata-0, dir=/var/lib/kafka/data/logs] Reloading from producer snapshot and rebuilding producer state from offset 351089 (kafka.log.UnifiedLog$)
[2026-05-30 21:27:17,222] INFO [ProducerStateManager partition=__cluster_metadata-0] Loading producer state from snapshot file 'SnapshotFile(offset=351089, file=/var/lib/kafka/data/logs/__cluster_metadata-0/00000000000000351089.snapshot)' (org.apache.kafka.storage.internals.log.ProducerStateManager)
[2026-05-30 21:27:17,223] INFO [LogLoader partition=__cluster_metadata-0, dir=/var/lib/kafka/data/logs] Producer state recovery took 1ms for snapshot load and 0ms for segment recovery from offset 351089 (kafka.log.UnifiedLog$)
[2026-05-30 21:27:17,260] INFO Initialized snapshots with IDs SortedSet(OffsetAndEpoch(offset=8725, epoch=3), OffsetAndEpoch(offset=20311, epoch=4), OffsetAndEpoch(offset=27508, epoch=4), OffsetAndEpoch(offset=34781, epoch=4), OffsetAndEpoch(offset=41979, epoch=4), OffsetAndEpoch(offset=49254, epoch=4), OffsetAndEpoch(offset=56454, epoch=4), OffsetAndEpoch(offset=63652, epoch=4), OffsetAndEpoch(offset=70850, epoch=4), OffsetAndEpoch(offset=78048, epoch=4), OffsetAndEpoch(offset=85215, epoch=4), OffsetAndEpoch(offset=92412, epoch=4), OffsetAndEpoch(offset=99609, epoch=4), OffsetAndEpoch(offset=106806, epoch=4), OffsetAndEpoch(offset=114004, epoch=4), OffsetAndEpoch(offset=121197, epoch=4), OffsetAndEpoch(offset=128394, epoch=4), OffsetAndEpoch(offset=135584, epoch=4), OffsetAndEpoch(offset=142811, epoch=4), OffsetAndEpoch(offset=149994, epoch=4), OffsetAndEpoch(offset=157192, epoch=4), OffsetAndEpoch(offset=164390, epoch=4), OffsetAndEpoch(offset=171588, epoch=4), OffsetAndEpoch(offset=178786, epoch=4), OffsetAndEpoch(offset=185984, epoch=4), OffsetAndEpoch(offset=193164, epoch=4), OffsetAndEpoch(offset=200347, epoch=4), OffsetAndEpoch(offset=207545, epoch=4), OffsetAndEpoch(offset=214739, epoch=4), OffsetAndEpoch(offset=222013, epoch=4), OffsetAndEpoch(offset=229350, epoch=4), OffsetAndEpoch(offset=236546, epoch=4), OffsetAndEpoch(offset=243744, epoch=4), OffsetAndEpoch(offset=251023, epoch=4), OffsetAndEpoch(offset=258221, epoch=4), OffsetAndEpoch(offset=265419, epoch=4), OffsetAndEpoch(offset=272617, epoch=4), OffsetAndEpoch(offset=279815, epoch=4), OffsetAndEpoch(offset=287143, epoch=4), OffsetAndEpoch(offset=294340, epoch=4), OffsetAndEpoch(offset=301539, epoch=4), OffsetAndEpoch(offset=308733, epoch=4), OffsetAndEpoch(offset=324006, epoch=16), OffsetAndEpoch(offset=331203, epoch=16), OffsetAndEpoch(offset=338398, epoch=16), OffsetAndEpoch(offset=345596, epoch=16)) from /var/lib/kafka/data/logs/__cluster_metadata-0 (kafka.raft.KafkaMetadataLog$)
[2026-05-30 21:27:17,270] INFO [raft-expiration-reaper]: Starting (kafka.raft.TimingWheelExpirationService$ExpiredOperationReaper)
[2026-05-30 21:27:17,468] INFO [RaftManager id=0] Completed transition to ResignedState(localId=0, epoch=144, voters=[0], electionTimeoutMs=1013, unackedVoters=[], preferredSuccessors=[]) from null (org.apache.kafka.raft.QuorumState)
[2026-05-30 21:27:17,476] INFO [RaftManager id=0] Completed transition to CandidateState(localId=0, epoch=145, retries=1, voteStates={0=GRANTED}, highWatermark=Optional.empty, electionTimeoutMs=1081) from ResignedState(localId=0, epoch=144, voters=[0], electionTimeoutMs=1013, unackedVoters=[], preferredSuccessors=[]) (org.apache.kafka.raft.QuorumState)
[2026-05-30 21:27:17,485] INFO [RaftManager id=0] Completed transition to Leader(localId=0, epoch=145, epochStartOffset=351089, highWatermark=Optional.empty, voterStates={0=ReplicaState(nodeId=0, endOffset=Optional.empty, lastFetchTimestamp=-1, lastCaughtUpTimestamp=-1, hasAcknowledgedLeader=true)}) from CandidateState(localId=0, epoch=145, retries=1, voteStates={0=GRANTED}, highWatermark=Optional.empty, electionTimeoutMs=1081) (org.apache.kafka.raft.QuorumState)
[2026-05-30 21:27:17,507] INFO [kafka-0-raft-outbound-request-thread]: Starting (org.apache.kafka.raft.KafkaNetworkChannel$SendThread)
[2026-05-30 21:27:17,508] INFO [kafka-0-raft-io-thread]: Starting (kafka.raft.KafkaRaftManager$RaftIoThread)
[2026-05-30 21:27:17,535] INFO [RaftManager id=0] High watermark set to LogOffsetMetadata(offset=351090, metadata=Optional[(segmentBaseOffset=0,relativePositionInSegment=25217633)]) for the first time for epoch 145 based on indexOfHw 0 and voters [ReplicaState(nodeId=0, endOffset=Optional[LogOffsetMetadata(offset=351090, metadata=Optional[(segmentBaseOffset=0,relativePositionInSegment=25217633)])], lastFetchTimestamp=-1, lastCaughtUpTimestamp=-1, hasAcknowledgedLeader=true)] (org.apache.kafka.raft.LeaderState)
[2026-05-30 21:27:17,536] INFO [MetadataLoader id=0] initializeNewPublishers: The loader is still catching up because we have loaded up to offset -1, but the high water mark is 351090 (org.apache.kafka.image.loader.MetadataLoader)
[2026-05-30 21:27:17,537] INFO [ControllerServer id=0] Waiting for controller quorum voters future (kafka.server.ControllerServer)
[2026-05-30 21:27:17,537] INFO [ControllerServer id=0] Finished waiting for controller quorum voters future (kafka.server.ControllerServer)
[2026-05-30 21:27:17,548] INFO [RaftManager id=0] Registered the listener org.apache.kafka.image.loader.MetadataLoader@1030508333 (org.apache.kafka.raft.KafkaRaftClient)
[2026-05-30 21:27:17,552] INFO [MetadataLoader id=0] handleLoadSnapshot(00000000000000345596-0000000016): incrementing HandleLoadSnapshotCount to 1. (org.apache.kafka.image.loader.MetadataLoader)
[2026-05-30 21:27:17,567] INFO [RaftManager id=0] Registered the listener org.apache.kafka.controller.QuorumController$QuorumMetaLogListener@625595112 (org.apache.kafka.raft.KafkaRaftClient)
[2026-05-30 21:27:17,644] INFO [controller-0-ThrottledChannelReaper-Produce]: Starting (kafka.server.ClientQuotaManager$ThrottledChannelReaper)
[2026-05-30 21:27:17,645] INFO [controller-0-ThrottledChannelReaper-Request]: Starting (kafka.server.ClientQuotaManager$ThrottledChannelReaper)
[2026-05-30 21:27:17,645] INFO [controller-0-ThrottledChannelReaper-Fetch]: Starting (kafka.server.ClientQuotaManager$ThrottledChannelReaper)
[2026-05-30 21:27:17,648] INFO [controller-0-ThrottledChannelReaper-ControllerMutation]: Starting (kafka.server.ClientQuotaManager$ThrottledChannelReaper)
[2026-05-30 21:27:17,650] INFO [MetadataLoader id=0] handleLoadSnapshot(00000000000000345596-0000000016): generated a metadata delta between offset -1 and this snapshot in 97199 us. (org.apache.kafka.image.loader.MetadataLoader)
[2026-05-30 21:27:17,651] INFO [MetadataLoader id=0] maybePublishMetadata(SNAPSHOT): The loader is still catching up because we have loaded up to offset 345595, but the high water mark is 351090 (org.apache.kafka.image.loader.MetadataLoader)
[2026-05-30 21:27:17,651] INFO [MetadataLoader id=0] initializeNewPublishers: The loader is still catching up because we have loaded up to offset 345595, but the high water mark is 351090 (org.apache.kafka.image.loader.MetadataLoader)
[2026-05-30 21:27:17,667] INFO [ExpirationReaper-0-AlterAcls]: Starting (kafka.server.DelayedOperationPurgatory$ExpiredOperationReaper)
[2026-05-30 21:27:17,749] INFO [ControllerServer id=0] Waiting for the controller metadata publishers to be installed (kafka.server.ControllerServer)
[2026-05-30 21:27:17,952] INFO [MetadataLoader id=0] maybePublishMetadata(LOG_DELTA): The loader finished catching up to the current high water mark of 351090 (org.apache.kafka.image.loader.MetadataLoader)
[2026-05-30 21:27:17,955] INFO [MetadataLoader id=0] InitializeNewPublishers: initializing SnapshotGenerator with a snapshot at offset 351089 (org.apache.kafka.image.loader.MetadataLoader)
[2026-05-30 21:27:17,955] INFO [ControllerServer id=0] Finished waiting for the controller metadata publishers to be installed (kafka.server.ControllerServer)
[2026-05-30 21:27:17,956] INFO [SocketServer listenerType=CONTROLLER, nodeId=0] Enabling request processing. (kafka.network.SocketServer)
[2026-05-30 21:27:17,958] INFO Awaiting socket connections on 0.0.0.0:9093. (kafka.network.DataPlaneAcceptor)
[2026-05-30 21:27:18,035] INFO [MetadataLoader id=0] InitializeNewPublishers: initializing KRaftMetadataCachePublisher with a snapshot at offset 351089 (org.apache.kafka.image.loader.MetadataLoader)
[2026-05-30 21:27:18,035] INFO [MetadataLoader id=0] InitializeNewPublishers: initializing FeaturesPublisher with a snapshot at offset 351089 (org.apache.kafka.image.loader.MetadataLoader)
[2026-05-30 21:27:18,035] INFO [ControllerServer id=0] Loaded new metadata Features(version=3.7-IV4, finalizedFeatures={metadata.version=19}, finalizedFeaturesEpoch=351089). (org.apache.kafka.metadata.publisher.FeaturesPublisher)
[2026-05-30 21:27:18,035] INFO [MetadataLoader id=0] InitializeNewPublishers: initializing ControllerRegistrationsPublisher with a snapshot at offset 351089 (org.apache.kafka.image.loader.MetadataLoader)
[2026-05-30 21:27:18,035] INFO [MetadataLoader id=0] InitializeNewPublishers: initializing ControllerRegistrationManager with a snapshot at offset 351089 (org.apache.kafka.image.loader.MetadataLoader)
[2026-05-30 21:27:18,036] INFO [ControllerRegistrationManager id=0 incarnation=8pHJzID_SniAQSdSUThP_g] Found registration for Utl7ZxsJTHqt_-RSTFdUpQ instead of our incarnation. (kafka.server.ControllerRegistrationManager)
[2026-05-30 21:27:18,037] INFO [MetadataLoader id=0] InitializeNewPublishers: initializing DynamicConfigPublisher controller id=0 with a snapshot at offset 351089 (org.apache.kafka.image.loader.MetadataLoader)
[2026-05-30 21:27:18,039] INFO [MetadataLoader id=0] InitializeNewPublishers: initializing DynamicClientQuotaPublisher controller id=0 with a snapshot at offset 351089 (org.apache.kafka.image.loader.MetadataLoader)
[2026-05-30 21:27:18,040] INFO [MetadataLoader id=0] InitializeNewPublishers: initializing ScramPublisher controller id=0 with a snapshot at offset 351089 (org.apache.kafka.image.loader.MetadataLoader)
[2026-05-30 21:27:18,041] INFO [MetadataLoader id=0] InitializeNewPublishers: initializing DelegationTokenPublisher controller id=0 with a snapshot at offset 351089 (org.apache.kafka.image.loader.MetadataLoader)
[2026-05-30 21:27:18,042] INFO [MetadataLoader id=0] InitializeNewPublishers: initializing ControllerMetadataMetricsPublisher with a snapshot at offset 351089 (org.apache.kafka.image.loader.MetadataLoader)
[2026-05-30 21:27:18,045] INFO [ControllerServer id=0] Waiting for all of the authorizer futures to be completed (kafka.server.ControllerServer)
[2026-05-30 21:27:18,045] INFO [ControllerServer id=0] Finished waiting for all of the authorizer futures to be completed (kafka.server.ControllerServer)
[2026-05-30 21:27:18,045] INFO [ControllerServer id=0] Waiting for all of the SocketServer Acceptors to be started (kafka.server.ControllerServer)
[2026-05-30 21:27:18,045] INFO [ControllerServer id=0] Finished waiting for all of the SocketServer Acceptors to be started (kafka.server.ControllerServer)
[2026-05-30 21:27:18,045] INFO [ControllerRegistrationManager id=0 incarnation=8pHJzID_SniAQSdSUThP_g] initialized channel manager. (kafka.server.ControllerRegistrationManager)
[2026-05-30 21:27:18,045] INFO [BrokerServer id=0] Transition from SHUTDOWN to STARTING (kafka.server.BrokerServer)
[2026-05-30 21:27:18,046] INFO [MetadataLoader id=0] InitializeNewPublishers: initializing AclPublisher controller id=0 with a snapshot at offset 351089 (org.apache.kafka.image.loader.MetadataLoader)
[2026-05-30 21:27:18,046] INFO [ControllerRegistrationManager id=0 incarnation=8pHJzID_SniAQSdSUThP_g] sendControllerRegistration: attempting to send ControllerRegistrationRequestData(controllerId=0, incarnationId=8pHJzID_SniAQSdSUThP_g, zkMigrationReady=false, listeners=[Listener(name='CONTROLLER', host='0.0.0.0', port=9093, securityProtocol=0)], features=[Feature(name='metadata.version', minSupportedVersion=1, maxSupportedVersion=19)]) (kafka.server.ControllerRegistrationManager)
[2026-05-30 21:27:18,048] INFO [controller-0-to-controller-registration-channel-manager]: Starting (kafka.server.NodeToControllerRequestThread)
[2026-05-30 21:27:18,049] INFO [BrokerServer id=0] Starting broker (kafka.server.BrokerServer)
[2026-05-30 21:27:18,051] INFO [controller-0-to-controller-registration-channel-manager]: Recorded new KRaft controller, from now on will use node kafka-0.kafka-headless.kafka.svc.cluster.local:9093 (id: 0 rack: null) (kafka.server.NodeToControllerRequestThread)
[2026-05-30 21:27:18,055] INFO [broker-0-ThrottledChannelReaper-Fetch]: Starting (kafka.server.ClientQuotaManager$ThrottledChannelReaper)
[2026-05-30 21:27:18,056] INFO [broker-0-ThrottledChannelReaper-Produce]: Starting (kafka.server.ClientQuotaManager$ThrottledChannelReaper)
[2026-05-30 21:27:18,056] INFO [broker-0-ThrottledChannelReaper-Request]: Starting (kafka.server.ClientQuotaManager$ThrottledChannelReaper)
[2026-05-30 21:27:18,060] INFO [broker-0-ThrottledChannelReaper-ControllerMutation]: Starting (kafka.server.ClientQuotaManager$ThrottledChannelReaper)
[2026-05-30 21:27:18,235] INFO [BrokerServer id=0] Waiting for controller quorum voters future (kafka.server.BrokerServer)
[2026-05-30 21:27:18,235] INFO [BrokerServer id=0] Finished waiting for controller quorum voters future (kafka.server.BrokerServer)
[2026-05-30 21:27:18,237] INFO [broker-0-to-controller-forwarding-channel-manager]: Starting (kafka.server.NodeToControllerRequestThread)
[2026-05-30 21:27:18,237] INFO [broker-0-to-controller-forwarding-channel-manager]: Recorded new KRaft controller, from now on will use node kafka-0.kafka-headless.kafka.svc.cluster.local:9093 (id: 0 rack: null) (kafka.server.NodeToControllerRequestThread)
[2026-05-30 21:27:18,336] INFO Updated connection-accept-rate max connection creation rate to 2147483647 (kafka.network.ConnectionQuotas)
[2026-05-30 21:27:18,341] INFO [SocketServer listenerType=BROKER, nodeId=0] Created data-plane acceptor and processors for endpoint : ListenerName(PLAINTEXT) (kafka.network.SocketServer)
[2026-05-30 21:27:18,341] INFO Updated connection-accept-rate max connection creation rate to 2147483647 (kafka.network.ConnectionQuotas)
[2026-05-30 21:27:18,358] INFO [BrokerServer id=0] Transition from STARTING to STARTED (kafka.server.BrokerServer)
[2026-05-30 21:27:18,360] ERROR [BrokerServer id=0] Fatal error during broker startup. Prepare to shutdown (kafka.server.BrokerServer)
org.apache.kafka.common.KafkaException: java.lang.IllegalArgumentException: No serviceName defined in either JAAS or Kafka config
	at org.apache.kafka.common.network.SaslChannelBuilder.configure(SaslChannelBuilder.java:184)
	at org.apache.kafka.common.network.ChannelBuilders.create(ChannelBuilders.java:192)
	at org.apache.kafka.common.network.ChannelBuilders.serverChannelBuilder(ChannelBuilders.java:107)
	at kafka.network.Processor.<init>(SocketServer.scala:973)
	at kafka.network.Acceptor.newProcessor(SocketServer.scala:879)
	at kafka.network.Acceptor.$anonfun$addProcessors$1(SocketServer.scala:849)
	at scala.collection.immutable.Range.foreach$mVc$sp(Range.scala:190)
	at kafka.network.Acceptor.addProcessors(SocketServer.scala:848)
	at kafka.network.DataPlaneAcceptor.configure(SocketServer.scala:523)
	at kafka.network.SocketServer.createDataPlaneAcceptorAndProcessors(SocketServer.scala:251)
	at kafka.network.SocketServer.$anonfun$new$31(SocketServer.scala:175)
	at kafka.network.SocketServer.$anonfun$new$31$adapted(SocketServer.scala:175)
	at scala.collection.IterableOnceOps.foreach(IterableOnce.scala:576)
	at scala.collection.IterableOnceOps.foreach$(IterableOnce.scala:574)
	at scala.collection.AbstractIterable.foreach(Iterable.scala:933)
	at kafka.network.SocketServer.<init>(SocketServer.scala:175)
	at kafka.server.BrokerServer.startup(BrokerServer.scala:255)
	at kafka.server.KafkaRaftServer.$anonfun$startup$2(KafkaRaftServer.scala:99)
	at kafka.server.KafkaRaftServer.$anonfun$startup$2$adapted(KafkaRaftServer.scala:99)
	at scala.Option.foreach(Option.scala:437)
	at kafka.server.KafkaRaftServer.startup(KafkaRaftServer.scala:99)
	at kafka.Kafka$.main(Kafka.scala:112)
	at kafka.Kafka.main(Kafka.scala)
Caused by: java.lang.IllegalArgumentException: No serviceName defined in either JAAS or Kafka config
	at org.apache.kafka.common.security.kerberos.KerberosLogin.getServiceName(KerberosLogin.java:303)
	at org.apache.kafka.common.security.kerberos.KerberosLogin.configure(KerberosLogin.java:92)
	at org.apache.kafka.common.security.authenticator.LoginManager.<init>(LoginManager.java:61)
	at org.apache.kafka.common.security.authenticator.LoginManager.acquireLoginManager(LoginManager.java:112)
	at org.apache.kafka.common.network.SaslChannelBuilder.configure(SaslChannelBuilder.java:170)
	... 22 more
[2026-05-30 21:27:18,362] INFO [BrokerServer id=0] Transition from STARTED to SHUTTING_DOWN (kafka.server.BrokerServer)
[2026-05-30 21:27:18,362] INFO [BrokerServer id=0] shutting down (kafka.server.BrokerServer)
[2026-05-30 21:27:18,363] INFO [BrokerLifecycleManager id=0] Skipping controlled shutdown because we are in state NOT_RUNNING. (kafka.server.BrokerLifecycleManager)
[2026-05-30 21:27:18,363] INFO [BrokerLifecycleManager id=0] beginShutdown: shutting down event queue. (org.apache.kafka.queue.KafkaEventQueue)
[2026-05-30 21:27:18,363] INFO [BrokerLifecycleManager id=0] Transitioning from NOT_RUNNING to SHUTTING_DOWN. (kafka.server.BrokerLifecycleManager)
[2026-05-30 21:27:18,365] INFO [broker-0-to-controller-forwarding-channel-manager]: Shutting down (kafka.server.NodeToControllerRequestThread)
[2026-05-30 21:27:18,365] INFO [broker-0-to-controller-forwarding-channel-manager]: Stopped (kafka.server.NodeToControllerRequestThread)
[2026-05-30 21:27:18,365] INFO [broker-0-to-controller-forwarding-channel-manager]: Shutdown completed (kafka.server.NodeToControllerRequestThread)
[2026-05-30 21:27:18,367] INFO Node to controller channel manager for forwarding shutdown (kafka.server.NodeToControllerChannelManagerImpl)
[2026-05-30 21:27:18,367] INFO Shutting down. (kafka.log.LogManager)
[2026-05-30 21:27:18,369] INFO [ControllerRegistrationManager id=0 incarnation=8pHJzID_SniAQSdSUThP_g] Our registration has been persisted to the metadata log. (kafka.server.ControllerRegistrationManager)
[2026-05-30 21:27:18,371] INFO [ControllerRegistrationManager id=0 incarnation=8pHJzID_SniAQSdSUThP_g] RegistrationResponseHandler: controller acknowledged ControllerRegistrationRequest. (kafka.server.ControllerRegistrationManager)
[2026-05-30 21:27:18,457] INFO Shutdown complete. (kafka.log.LogManager)
[2026-05-30 21:27:18,458] INFO [broker-0-ThrottledChannelReaper-Fetch]: Shutting down (kafka.server.ClientQuotaManager$ThrottledChannelReaper)
[2026-05-30 21:27:18,459] INFO [broker-0-ThrottledChannelReaper-Fetch]: Stopped (kafka.server.ClientQuotaManager$ThrottledChannelReaper)
[2026-05-30 21:27:18,459] INFO [broker-0-ThrottledChannelReaper-Fetch]: Shutdown completed (kafka.server.ClientQuotaManager$ThrottledChannelReaper)
[2026-05-30 21:27:18,460] INFO [broker-0-ThrottledChannelReaper-Produce]: Shutting down (kafka.server.ClientQuotaManager$ThrottledChannelReaper)
[2026-05-30 21:27:18,460] INFO [broker-0-ThrottledChannelReaper-Produce]: Stopped (kafka.server.ClientQuotaManager$ThrottledChannelReaper)
[2026-05-30 21:27:18,460] INFO [broker-0-ThrottledChannelReaper-Produce]: Shutdown completed (kafka.server.ClientQuotaManager$ThrottledChannelReaper)
[2026-05-30 21:27:18,460] INFO [broker-0-ThrottledChannelReaper-Request]: Shutting down (kafka.server.ClientQuotaManager$ThrottledChannelReaper)
[2026-05-30 21:27:18,460] INFO [broker-0-ThrottledChannelReaper-Request]: Stopped (kafka.server.ClientQuotaManager$ThrottledChannelReaper)
[2026-05-30 21:27:18,460] INFO [broker-0-ThrottledChannelReaper-Request]: Shutdown completed (kafka.server.ClientQuotaManager$ThrottledChannelReaper)
[2026-05-30 21:27:18,460] INFO [broker-0-ThrottledChannelReaper-ControllerMutation]: Shutting down (kafka.server.ClientQuotaManager$ThrottledChannelReaper)
[2026-05-30 21:27:18,461] INFO [broker-0-ThrottledChannelReaper-ControllerMutation]: Stopped (kafka.server.ClientQuotaManager$ThrottledChannelReaper)
[2026-05-30 21:27:18,461] INFO [broker-0-ThrottledChannelReaper-ControllerMutation]: Shutdown completed (kafka.server.ClientQuotaManager$ThrottledChannelReaper)
[2026-05-30 21:27:18,464] INFO Broker and topic stats closed (kafka.server.BrokerTopicStats)
[2026-05-30 21:27:18,464] INFO [BrokerLifecycleManager id=0] closed event queue. (org.apache.kafka.queue.KafkaEventQueue)
[2026-05-30 21:27:18,465] INFO [BrokerServer id=0] shut down completed (kafka.server.BrokerServer)
[2026-05-30 21:27:18,465] INFO [BrokerServer id=0] Transition from SHUTTING_DOWN to SHUTDOWN (kafka.server.BrokerServer)
[2026-05-30 21:27:18,465] ERROR Exiting Kafka due to fatal exception during startup. (kafka.Kafka$)
org.apache.kafka.common.KafkaException: java.lang.IllegalArgumentException: No serviceName defined in either JAAS or Kafka config
	at org.apache.kafka.common.network.SaslChannelBuilder.configure(SaslChannelBuilder.java:184)
	at org.apache.kafka.common.network.ChannelBuilders.create(ChannelBuilders.java:192)
	at org.apache.kafka.common.network.ChannelBuilders.serverChannelBuilder(ChannelBuilders.java:107)
	at kafka.network.Processor.<init>(SocketServer.scala:973)
	at kafka.network.Acceptor.newProcessor(SocketServer.scala:879)
	at kafka.network.Acceptor.$anonfun$addProcessors$1(SocketServer.scala:849)
	at scala.collection.immutable.Range.foreach$mVc$sp(Range.scala:190)
	at kafka.network.Acceptor.addProcessors(SocketServer.scala:848)
	at kafka.network.DataPlaneAcceptor.configure(SocketServer.scala:523)
	at kafka.network.SocketServer.createDataPlaneAcceptorAndProcessors(SocketServer.scala:251)
	at kafka.network.SocketServer.$anonfun$new$31(SocketServer.scala:175)
	at kafka.network.SocketServer.$anonfun$new$31$adapted(SocketServer.scala:175)
	at scala.collection.IterableOnceOps.foreach(IterableOnce.scala:576)
	at scala.collection.IterableOnceOps.foreach$(IterableOnce.scala:574)
	at scala.collection.AbstractIterable.foreach(Iterable.scala:933)
	at kafka.network.SocketServer.<init>(SocketServer.scala:175)
	at kafka.server.BrokerServer.startup(BrokerServer.scala:255)
	at kafka.server.KafkaRaftServer.$anonfun$startup$2(KafkaRaftServer.scala:99)
	at kafka.server.KafkaRaftServer.$anonfun$startup$2$adapted(KafkaRaftServer.scala:99)
	at scala.Option.foreach(Option.scala:437)
	at kafka.server.KafkaRaftServer.startup(KafkaRaftServer.scala:99)
	at kafka.Kafka$.main(Kafka.scala:112)
	at kafka.Kafka.main(Kafka.scala)
Caused by: java.lang.IllegalArgumentException: No serviceName defined in either JAAS or Kafka config
	at org.apache.kafka.common.security.kerberos.KerberosLogin.getServiceName(KerberosLogin.java:303)
	at org.apache.kafka.common.security.kerberos.KerberosLogin.configure(KerberosLogin.java:92)
	at org.apache.kafka.common.security.authenticator.LoginManager.<init>(LoginManager.java:61)
	at org.apache.kafka.common.security.authenticator.LoginManager.acquireLoginManager(LoginManager.java:112)
	at org.apache.kafka.common.network.SaslChannelBuilder.configure(SaslChannelBuilder.java:170)
	... 22 more
[2026-05-30 21:27:18,467] INFO [ControllerServer id=0] shutting down (kafka.server.ControllerServer)
[2026-05-30 21:27:18,468] INFO [raft-expiration-reaper]: Shutting down (kafka.raft.TimingWheelExpirationService$ExpiredOperationReaper)
[2026-05-30 21:27:18,535] INFO [raft-expiration-reaper]: Stopped (kafka.raft.TimingWheelExpirationService$ExpiredOperationReaper)
[2026-05-30 21:27:18,535] INFO [raft-expiration-reaper]: Shutdown completed (kafka.raft.TimingWheelExpirationService$ExpiredOperationReaper)
[2026-05-30 21:27:18,536] INFO [kafka-0-raft-io-thread]: Shutting down (kafka.raft.KafkaRaftManager$RaftIoThread)
[2026-05-30 21:27:18,536] INFO [RaftManager id=0] Beginning graceful shutdown (org.apache.kafka.raft.KafkaRaftClient)
[2026-05-30 21:27:18,537] INFO [RaftManager id=0] Graceful shutdown completed (org.apache.kafka.raft.KafkaRaftClient)
[2026-05-30 21:27:18,537] INFO [kafka-0-raft-io-thread]: Completed graceful shutdown of RaftClient (kafka.raft.KafkaRaftManager$RaftIoThread)
[2026-05-30 21:27:18,537] INFO [kafka-0-raft-io-thread]: Stopped (kafka.raft.KafkaRaftManager$RaftIoThread)
[2026-05-30 21:27:18,537] INFO [kafka-0-raft-io-thread]: Shutdown completed (kafka.raft.KafkaRaftManager$RaftIoThread)
[2026-05-30 21:27:18,539] INFO [kafka-0-raft-outbound-request-thread]: Shutting down (org.apache.kafka.raft.KafkaNetworkChannel$SendThread)
[2026-05-30 21:27:18,540] INFO [kafka-0-raft-outbound-request-thread]: Stopped (org.apache.kafka.raft.KafkaNetworkChannel$SendThread)
[2026-05-30 21:27:18,540] INFO [kafka-0-raft-outbound-request-thread]: Shutdown completed (org.apache.kafka.raft.KafkaNetworkChannel$SendThread)
[2026-05-30 21:27:18,545] INFO [ProducerStateManager partition=__cluster_metadata-0] Wrote producer snapshot at offset 351091 with 0 producer ids in 5 ms. (org.apache.kafka.storage.internals.log.ProducerStateManager)
[2026-05-30 21:27:18,549] INFO [ControllerRegistrationManager id=0 incarnation=8pHJzID_SniAQSdSUThP_g] beginShutdown: shutting down event queue. (org.apache.kafka.queue.KafkaEventQueue)
[2026-05-30 21:27:18,549] INFO [ControllerRegistrationManager id=0 incarnation=8pHJzID_SniAQSdSUThP_g] shutting down. (kafka.server.ControllerRegistrationManager)
[2026-05-30 21:27:18,549] INFO [controller-0-to-controller-registration-channel-manager]: Shutting down (kafka.server.NodeToControllerRequestThread)
[2026-05-30 21:27:18,549] INFO [controller-0-to-controller-registration-channel-manager]: Stopped (kafka.server.NodeToControllerRequestThread)
[2026-05-30 21:27:18,550] INFO [controller-0-to-controller-registration-channel-manager]: Shutdown completed (kafka.server.NodeToControllerRequestThread)
[2026-05-30 21:27:18,551] INFO Node to controller channel manager for registration shutdown (kafka.server.NodeToControllerChannelManagerImpl)
[2026-05-30 21:27:18,551] INFO [ControllerRegistrationManager id=0 incarnation=8pHJzID_SniAQSdSUThP_g] closed event queue. (org.apache.kafka.queue.KafkaEventQueue)
[2026-05-30 21:27:18,552] INFO [controller-0-to-controller-registration-channel-manager]: Shutdown completed (kafka.server.NodeToControllerRequestThread)
[2026-05-30 21:27:18,552] WARN [NodeToControllerChannelManager id=0 name=registration] Attempting to close NetworkClient that has already been closed. (org.apache.kafka.clients.NetworkClient)
[2026-05-30 21:27:18,552] INFO Node to controller channel manager for registration shutdown (kafka.server.NodeToControllerChannelManagerImpl)
[2026-05-30 21:27:18,555] INFO [ControllerRegistrationManager id=0 incarnation=8pHJzID_SniAQSdSUThP_g] closed event queue. (org.apache.kafka.queue.KafkaEventQueue)
[2026-05-30 21:27:18,556] INFO [SocketServer listenerType=CONTROLLER, nodeId=0] Stopping socket server request processors (kafka.network.SocketServer)
[2026-05-30 21:27:18,559] INFO [SocketServer listenerType=CONTROLLER, nodeId=0] Stopped socket server request processors (kafka.network.SocketServer)
[2026-05-30 21:27:18,560] INFO [QuorumController id=0] QuorumController#beginShutdown: shutting down event queue. (org.apache.kafka.queue.KafkaEventQueue)
[2026-05-30 21:27:18,561] INFO [SocketServer listenerType=CONTROLLER, nodeId=0] Shutting down socket server (kafka.network.SocketServer)
[2026-05-30 21:27:18,570] INFO [SocketServer listenerType=CONTROLLER, nodeId=0] Shutdown completed (kafka.network.SocketServer)
[2026-05-30 21:27:18,570] INFO [data-plane Kafka Request Handler on Broker 0], shutting down (kafka.server.KafkaRequestHandlerPool)
[2026-05-30 21:27:18,573] INFO [data-plane Kafka Request Handler on Broker 0], shut down completely (kafka.server.KafkaRequestHandlerPool)
[2026-05-30 21:27:18,573] INFO [ExpirationReaper-0-AlterAcls]: Shutting down (kafka.server.DelayedOperationPurgatory$ExpiredOperationReaper)
[2026-05-30 21:27:18,574] INFO [ExpirationReaper-0-AlterAcls]: Stopped (kafka.server.DelayedOperationPurgatory$ExpiredOperationReaper)
[2026-05-30 21:27:18,574] INFO [ExpirationReaper-0-AlterAcls]: Shutdown completed (kafka.server.DelayedOperationPurgatory$ExpiredOperationReaper)
[2026-05-30 21:27:18,574] INFO [controller-0-ThrottledChannelReaper-Fetch]: Shutting down (kafka.server.ClientQuotaManager$ThrottledChannelReaper)
[2026-05-30 21:27:18,575] INFO [controller-0-ThrottledChannelReaper-Fetch]: Stopped (kafka.server.ClientQuotaManager$ThrottledChannelReaper)
[2026-05-30 21:27:18,575] INFO [controller-0-ThrottledChannelReaper-Fetch]: Shutdown completed (kafka.server.ClientQuotaManager$ThrottledChannelReaper)
[2026-05-30 21:27:18,575] INFO [controller-0-ThrottledChannelReaper-Produce]: Shutting down (kafka.server.ClientQuotaManager$ThrottledChannelReaper)
[2026-05-30 21:27:18,575] INFO [controller-0-ThrottledChannelReaper-Produce]: Stopped (kafka.server.ClientQuotaManager$ThrottledChannelReaper)
[2026-05-30 21:27:18,575] INFO [controller-0-ThrottledChannelReaper-Produce]: Shutdown completed (kafka.server.ClientQuotaManager$ThrottledChannelReaper)
[2026-05-30 21:27:18,575] INFO [controller-0-ThrottledChannelReaper-Request]: Shutting down (kafka.server.ClientQuotaManager$ThrottledChannelReaper)
[2026-05-30 21:27:18,576] INFO [controller-0-ThrottledChannelReaper-Request]: Stopped (kafka.server.ClientQuotaManager$ThrottledChannelReaper)
[2026-05-30 21:27:18,576] INFO [controller-0-ThrottledChannelReaper-Request]: Shutdown completed (kafka.server.ClientQuotaManager$ThrottledChannelReaper)
[2026-05-30 21:27:18,576] INFO [controller-0-ThrottledChannelReaper-ControllerMutation]: Shutting down (kafka.server.ClientQuotaManager$ThrottledChannelReaper)
[2026-05-30 21:27:18,576] INFO [controller-0-ThrottledChannelReaper-ControllerMutation]: Stopped (kafka.server.ClientQuotaManager$ThrottledChannelReaper)
[2026-05-30 21:27:18,576] INFO [controller-0-ThrottledChannelReaper-ControllerMutation]: Shutdown completed (kafka.server.ClientQuotaManager$ThrottledChannelReaper)
[2026-05-30 21:27:18,576] INFO [QuorumController id=0] closed event queue. (org.apache.kafka.queue.KafkaEventQueue)
[2026-05-30 21:27:18,578] INFO [SharedServer id=0] Stopping SharedServer (kafka.server.SharedServer)
[2026-05-30 21:27:18,578] INFO [MetadataLoader id=0] beginShutdown: shutting down event queue. (org.apache.kafka.queue.KafkaEventQueue)
[2026-05-30 21:27:18,578] INFO [SnapshotGenerator id=0] close: shutting down event queue. (org.apache.kafka.queue.KafkaEventQueue)
[2026-05-30 21:27:18,578] INFO [SnapshotGenerator id=0] closed event queue. (org.apache.kafka.queue.KafkaEventQueue)
[2026-05-30 21:27:18,579] INFO [MetadataLoader id=0] closed event queue. (org.apache.kafka.queue.KafkaEventQueue)
[2026-05-30 21:27:18,579] INFO [SnapshotGenerator id=0] closed event queue. (org.apache.kafka.queue.KafkaEventQueue)
[2026-05-30 21:27:18,634] INFO Metrics scheduler closed (org.apache.kafka.common.metrics.Metrics)
[2026-05-30 21:27:18,634] INFO Metrics reporters closed (org.apache.kafka.common.metrics.Metrics)
[2026-05-30 21:27:18,635] INFO App info kafka.server for 0 unregistered (org.apache.kafka.common.utils.AppInfoParser)
[2026-05-30 21:27:18,635] INFO App info kafka.server for 0 unregistered (org.apache.kafka.common.utils.AppInfoParser)
