metaPropertiesEnsemble=MetaPropertiesEnsemble(metadataLogDir=Optional.empty, dirs={/var/lib/kafka/data/logs: MetaProperties(version=1, clusterId=MkU3OEVBNTcwNTJENDM2Qk, nodeId=0, directoryId=wMy22utBrLK9FU8Xi6N7Vw)})
All of the log directories are already formatted.
[2026-05-30 21:16:35,863] INFO Registered kafka:type=kafka.Log4jController MBean (kafka.utils.Log4jControllerRegistration$)
[2026-05-30 21:16:36,436] INFO Setting -D jdk.tls.rejectClientInitiatedRenegotiation=true to disable client-initiated TLS renegotiation (org.apache.zookeeper.common.X509Util)
[2026-05-30 21:16:36,751] INFO Registered signal handlers for TERM, INT, HUP (org.apache.kafka.common.utils.LoggingSignalHandler)
[2026-05-30 21:16:36,754] INFO [ControllerServer id=0] Starting controller (kafka.server.ControllerServer)
[2026-05-30 21:16:37,471] INFO Updated connection-accept-rate max connection creation rate to 2147483647 (kafka.network.ConnectionQuotas)
[2026-05-30 21:16:37,560] INFO [SocketServer listenerType=CONTROLLER, nodeId=0] Created data-plane acceptor and processors for endpoint : ListenerName(CONTROLLER) (kafka.network.SocketServer)
[2026-05-30 21:16:37,569] INFO authorizerStart completed for endpoint CONTROLLER. Endpoint is now READY. (org.apache.kafka.server.network.EndpointReadyFutures)
[2026-05-30 21:16:37,570] INFO [SharedServer id=0] Starting SharedServer (kafka.server.SharedServer)
[2026-05-30 21:16:37,734] INFO [LogLoader partition=__cluster_metadata-0, dir=/var/lib/kafka/data/logs] Recovering unflushed segment 0. 0/1 recovered for __cluster_metadata-0. (kafka.log.LogLoader)
[2026-05-30 21:16:37,738] INFO [LogLoader partition=__cluster_metadata-0, dir=/var/lib/kafka/data/logs] Loading producer state till offset 0 with message format version 2 (kafka.log.UnifiedLog$)
[2026-05-30 21:16:37,739] INFO [LogLoader partition=__cluster_metadata-0, dir=/var/lib/kafka/data/logs] Reloading from producer snapshot and rebuilding producer state from offset 0 (kafka.log.UnifiedLog$)
[2026-05-30 21:16:37,739] INFO Deleted producer state snapshot /var/lib/kafka/data/logs/__cluster_metadata-0/00000000000000351081.snapshot (org.apache.kafka.storage.internals.log.SnapshotFile)
[2026-05-30 21:16:37,739] INFO Deleted producer state snapshot /var/lib/kafka/data/logs/__cluster_metadata-0/00000000000000351084.snapshot (org.apache.kafka.storage.internals.log.SnapshotFile)
[2026-05-30 21:16:37,740] INFO [LogLoader partition=__cluster_metadata-0, dir=/var/lib/kafka/data/logs] Producer state recovery took 1ms for snapshot load and 0ms for segment recovery from offset 0 (kafka.log.UnifiedLog$)
[2026-05-30 21:16:39,888] INFO [ProducerStateManager partition=__cluster_metadata-0] Wrote producer snapshot at offset 351084 with 0 producer ids in 6 ms. (org.apache.kafka.storage.internals.log.ProducerStateManager)
[2026-05-30 21:16:39,899] INFO [LogLoader partition=__cluster_metadata-0, dir=/var/lib/kafka/data/logs] Loading producer state till offset 351084 with message format version 2 (kafka.log.UnifiedLog$)
[2026-05-30 21:16:39,899] INFO [LogLoader partition=__cluster_metadata-0, dir=/var/lib/kafka/data/logs] Reloading from producer snapshot and rebuilding producer state from offset 351084 (kafka.log.UnifiedLog$)
[2026-05-30 21:16:39,899] INFO [ProducerStateManager partition=__cluster_metadata-0] Loading producer state from snapshot file 'SnapshotFile(offset=351084, file=/var/lib/kafka/data/logs/__cluster_metadata-0/00000000000000351084.snapshot)' (org.apache.kafka.storage.internals.log.ProducerStateManager)
[2026-05-30 21:16:39,901] INFO [LogLoader partition=__cluster_metadata-0, dir=/var/lib/kafka/data/logs] Producer state recovery took 2ms for snapshot load and 0ms for segment recovery from offset 351084 (kafka.log.UnifiedLog$)
[2026-05-30 21:16:39,944] INFO Initialized snapshots with IDs SortedSet(OffsetAndEpoch(offset=8725, epoch=3), OffsetAndEpoch(offset=20311, epoch=4), OffsetAndEpoch(offset=27508, epoch=4), OffsetAndEpoch(offset=34781, epoch=4), OffsetAndEpoch(offset=41979, epoch=4), OffsetAndEpoch(offset=49254, epoch=4), OffsetAndEpoch(offset=56454, epoch=4), OffsetAndEpoch(offset=63652, epoch=4), OffsetAndEpoch(offset=70850, epoch=4), OffsetAndEpoch(offset=78048, epoch=4), OffsetAndEpoch(offset=85215, epoch=4), OffsetAndEpoch(offset=92412, epoch=4), OffsetAndEpoch(offset=99609, epoch=4), OffsetAndEpoch(offset=106806, epoch=4), OffsetAndEpoch(offset=114004, epoch=4), OffsetAndEpoch(offset=121197, epoch=4), OffsetAndEpoch(offset=128394, epoch=4), OffsetAndEpoch(offset=135584, epoch=4), OffsetAndEpoch(offset=142811, epoch=4), OffsetAndEpoch(offset=149994, epoch=4), OffsetAndEpoch(offset=157192, epoch=4), OffsetAndEpoch(offset=164390, epoch=4), OffsetAndEpoch(offset=171588, epoch=4), OffsetAndEpoch(offset=178786, epoch=4), OffsetAndEpoch(offset=185984, epoch=4), OffsetAndEpoch(offset=193164, epoch=4), OffsetAndEpoch(offset=200347, epoch=4), OffsetAndEpoch(offset=207545, epoch=4), OffsetAndEpoch(offset=214739, epoch=4), OffsetAndEpoch(offset=222013, epoch=4), OffsetAndEpoch(offset=229350, epoch=4), OffsetAndEpoch(offset=236546, epoch=4), OffsetAndEpoch(offset=243744, epoch=4), OffsetAndEpoch(offset=251023, epoch=4), OffsetAndEpoch(offset=258221, epoch=4), OffsetAndEpoch(offset=265419, epoch=4), OffsetAndEpoch(offset=272617, epoch=4), OffsetAndEpoch(offset=279815, epoch=4), OffsetAndEpoch(offset=287143, epoch=4), OffsetAndEpoch(offset=294340, epoch=4), OffsetAndEpoch(offset=301539, epoch=4), OffsetAndEpoch(offset=308733, epoch=4), OffsetAndEpoch(offset=324006, epoch=16), OffsetAndEpoch(offset=331203, epoch=16), OffsetAndEpoch(offset=338398, epoch=16), OffsetAndEpoch(offset=345596, epoch=16)) from /var/lib/kafka/data/logs/__cluster_metadata-0 (kafka.raft.KafkaMetadataLog$)
[2026-05-30 21:16:39,956] INFO [raft-expiration-reaper]: Starting (kafka.raft.TimingWheelExpirationService$ExpiredOperationReaper)
[2026-05-30 21:16:40,188] INFO [RaftManager id=0] Completed transition to ResignedState(localId=0, epoch=142, voters=[0], electionTimeoutMs=1367, unackedVoters=[], preferredSuccessors=[]) from null (org.apache.kafka.raft.QuorumState)
[2026-05-30 21:16:40,198] INFO [RaftManager id=0] Completed transition to CandidateState(localId=0, epoch=143, retries=1, voteStates={0=GRANTED}, highWatermark=Optional.empty, electionTimeoutMs=1383) from ResignedState(localId=0, epoch=142, voters=[0], electionTimeoutMs=1367, unackedVoters=[], preferredSuccessors=[]) (org.apache.kafka.raft.QuorumState)
[2026-05-30 21:16:40,209] INFO [RaftManager id=0] Completed transition to Leader(localId=0, epoch=143, epochStartOffset=351084, highWatermark=Optional.empty, voterStates={0=ReplicaState(nodeId=0, endOffset=Optional.empty, lastFetchTimestamp=-1, lastCaughtUpTimestamp=-1, hasAcknowledgedLeader=true)}) from CandidateState(localId=0, epoch=143, retries=1, voteStates={0=GRANTED}, highWatermark=Optional.empty, electionTimeoutMs=1383) (org.apache.kafka.raft.QuorumState)
[2026-05-30 21:16:40,232] INFO [kafka-0-raft-outbound-request-thread]: Starting (org.apache.kafka.raft.KafkaNetworkChannel$SendThread)
[2026-05-30 21:16:40,232] INFO [kafka-0-raft-io-thread]: Starting (kafka.raft.KafkaRaftManager$RaftIoThread)
[2026-05-30 21:16:40,248] INFO [MetadataLoader id=0] initializeNewPublishers: the loader is still catching up because we still don't know the high water mark yet. (org.apache.kafka.image.loader.MetadataLoader)
[2026-05-30 21:16:40,248] INFO [RaftManager id=0] High watermark set to LogOffsetMetadata(offset=351085, metadata=Optional[(segmentBaseOffset=0,relativePositionInSegment=25217093)]) for the first time for epoch 143 based on indexOfHw 0 and voters [ReplicaState(nodeId=0, endOffset=Optional[LogOffsetMetadata(offset=351085, metadata=Optional[(segmentBaseOffset=0,relativePositionInSegment=25217093)])], lastFetchTimestamp=-1, lastCaughtUpTimestamp=-1, hasAcknowledgedLeader=true)] (org.apache.kafka.raft.LeaderState)
[2026-05-30 21:16:40,249] INFO [ControllerServer id=0] Waiting for controller quorum voters future (kafka.server.ControllerServer)
[2026-05-30 21:16:40,249] INFO [ControllerServer id=0] Finished waiting for controller quorum voters future (kafka.server.ControllerServer)
[2026-05-30 21:16:40,272] INFO [RaftManager id=0] Registered the listener org.apache.kafka.image.loader.MetadataLoader@1845077888 (org.apache.kafka.raft.KafkaRaftClient)
[2026-05-30 21:16:40,277] INFO [MetadataLoader id=0] handleLoadSnapshot(00000000000000345596-0000000016): incrementing HandleLoadSnapshotCount to 1. (org.apache.kafka.image.loader.MetadataLoader)
[2026-05-30 21:16:40,339] INFO [RaftManager id=0] Registered the listener org.apache.kafka.controller.QuorumController$QuorumMetaLogListener@1450899046 (org.apache.kafka.raft.KafkaRaftClient)
[2026-05-30 21:16:40,358] INFO [controller-0-ThrottledChannelReaper-Fetch]: Starting (kafka.server.ClientQuotaManager$ThrottledChannelReaper)
[2026-05-30 21:16:40,367] INFO [controller-0-ThrottledChannelReaper-Produce]: Starting (kafka.server.ClientQuotaManager$ThrottledChannelReaper)
[2026-05-30 21:16:40,371] INFO [controller-0-ThrottledChannelReaper-Request]: Starting (kafka.server.ClientQuotaManager$ThrottledChannelReaper)
[2026-05-30 21:16:40,374] INFO [controller-0-ThrottledChannelReaper-ControllerMutation]: Starting (kafka.server.ClientQuotaManager$ThrottledChannelReaper)
[2026-05-30 21:16:40,437] INFO [MetadataLoader id=0] handleLoadSnapshot(00000000000000345596-0000000016): generated a metadata delta between offset -1 and this snapshot in 158932 us. (org.apache.kafka.image.loader.MetadataLoader)
[2026-05-30 21:16:40,438] INFO [MetadataLoader id=0] maybePublishMetadata(SNAPSHOT): The loader is still catching up because we have loaded up to offset 345595, but the high water mark is 351085 (org.apache.kafka.image.loader.MetadataLoader)
[2026-05-30 21:16:40,439] INFO [MetadataLoader id=0] initializeNewPublishers: The loader is still catching up because we have loaded up to offset 345595, but the high water mark is 351085 (org.apache.kafka.image.loader.MetadataLoader)
[2026-05-30 21:16:40,458] INFO [ExpirationReaper-0-AlterAcls]: Starting (kafka.server.DelayedOperationPurgatory$ExpiredOperationReaper)
[2026-05-30 21:16:40,550] INFO [ControllerServer id=0] Waiting for the controller metadata publishers to be installed (kafka.server.ControllerServer)
[2026-05-30 21:16:40,848] INFO [MetadataLoader id=0] maybePublishMetadata(LOG_DELTA): The loader finished catching up to the current high water mark of 351085 (org.apache.kafka.image.loader.MetadataLoader)
[2026-05-30 21:16:40,852] INFO [MetadataLoader id=0] InitializeNewPublishers: initializing SnapshotGenerator with a snapshot at offset 351084 (org.apache.kafka.image.loader.MetadataLoader)
[2026-05-30 21:16:40,852] INFO [ControllerServer id=0] Finished waiting for the controller metadata publishers to be installed (kafka.server.ControllerServer)
[2026-05-30 21:16:40,853] INFO [SocketServer listenerType=CONTROLLER, nodeId=0] Enabling request processing. (kafka.network.SocketServer)
[2026-05-30 21:16:40,853] INFO [MetadataLoader id=0] InitializeNewPublishers: initializing KRaftMetadataCachePublisher with a snapshot at offset 351084 (org.apache.kafka.image.loader.MetadataLoader)
[2026-05-30 21:16:40,854] INFO [MetadataLoader id=0] InitializeNewPublishers: initializing FeaturesPublisher with a snapshot at offset 351084 (org.apache.kafka.image.loader.MetadataLoader)
[2026-05-30 21:16:40,854] INFO [ControllerServer id=0] Loaded new metadata Features(version=3.7-IV4, finalizedFeatures={metadata.version=19}, finalizedFeaturesEpoch=351084). (org.apache.kafka.metadata.publisher.FeaturesPublisher)
[2026-05-30 21:16:40,854] INFO [MetadataLoader id=0] InitializeNewPublishers: initializing ControllerRegistrationsPublisher with a snapshot at offset 351084 (org.apache.kafka.image.loader.MetadataLoader)
[2026-05-30 21:16:40,854] INFO [MetadataLoader id=0] InitializeNewPublishers: initializing ControllerRegistrationManager with a snapshot at offset 351084 (org.apache.kafka.image.loader.MetadataLoader)
[2026-05-30 21:16:40,856] INFO Awaiting socket connections on 0.0.0.0:9093. (kafka.network.DataPlaneAcceptor)
[2026-05-30 21:16:40,858] INFO [MetadataLoader id=0] InitializeNewPublishers: initializing DynamicConfigPublisher controller id=0 with a snapshot at offset 351084 (org.apache.kafka.image.loader.MetadataLoader)
[2026-05-30 21:16:40,858] INFO [ControllerRegistrationManager id=0 incarnation=3reGdlDJTzeod6w51dSysA] Found registration for tzwqNhuiTGq_SytRJRHthQ instead of our incarnation. (kafka.server.ControllerRegistrationManager)
[2026-05-30 21:16:40,863] INFO [MetadataLoader id=0] InitializeNewPublishers: initializing DynamicClientQuotaPublisher controller id=0 with a snapshot at offset 351084 (org.apache.kafka.image.loader.MetadataLoader)
[2026-05-30 21:16:40,935] INFO [MetadataLoader id=0] InitializeNewPublishers: initializing ScramPublisher controller id=0 with a snapshot at offset 351084 (org.apache.kafka.image.loader.MetadataLoader)
[2026-05-30 21:16:40,936] INFO [MetadataLoader id=0] InitializeNewPublishers: initializing DelegationTokenPublisher controller id=0 with a snapshot at offset 351084 (org.apache.kafka.image.loader.MetadataLoader)
[2026-05-30 21:16:40,937] INFO [MetadataLoader id=0] InitializeNewPublishers: initializing ControllerMetadataMetricsPublisher with a snapshot at offset 351084 (org.apache.kafka.image.loader.MetadataLoader)
[2026-05-30 21:16:40,938] INFO [MetadataLoader id=0] InitializeNewPublishers: initializing AclPublisher controller id=0 with a snapshot at offset 351084 (org.apache.kafka.image.loader.MetadataLoader)
[2026-05-30 21:16:40,939] INFO [controller-0-to-controller-registration-channel-manager]: Starting (kafka.server.NodeToControllerRequestThread)
[2026-05-30 21:16:40,939] INFO [ControllerServer id=0] Waiting for all of the authorizer futures to be completed (kafka.server.ControllerServer)
[2026-05-30 21:16:40,940] INFO [ControllerRegistrationManager id=0 incarnation=3reGdlDJTzeod6w51dSysA] initialized channel manager. (kafka.server.ControllerRegistrationManager)
[2026-05-30 21:16:40,940] INFO [controller-0-to-controller-registration-channel-manager]: Recorded new KRaft controller, from now on will use node kafka-0.kafka-headless.kafka.svc.cluster.local:9093 (id: 0 rack: null) (kafka.server.NodeToControllerRequestThread)
[2026-05-30 21:16:40,941] INFO [ControllerServer id=0] Finished waiting for all of the authorizer futures to be completed (kafka.server.ControllerServer)
[2026-05-30 21:16:40,941] INFO [ControllerServer id=0] Waiting for all of the SocketServer Acceptors to be started (kafka.server.ControllerServer)
[2026-05-30 21:16:40,941] INFO [ControllerServer id=0] Finished waiting for all of the SocketServer Acceptors to be started (kafka.server.ControllerServer)
[2026-05-30 21:16:40,941] INFO [ControllerRegistrationManager id=0 incarnation=3reGdlDJTzeod6w51dSysA] sendControllerRegistration: attempting to send ControllerRegistrationRequestData(controllerId=0, incarnationId=3reGdlDJTzeod6w51dSysA, zkMigrationReady=false, listeners=[Listener(name='CONTROLLER', host='0.0.0.0', port=9093, securityProtocol=0)], features=[Feature(name='metadata.version', minSupportedVersion=1, maxSupportedVersion=19)]) (kafka.server.ControllerRegistrationManager)
[2026-05-30 21:16:40,943] INFO [BrokerServer id=0] Transition from SHUTDOWN to STARTING (kafka.server.BrokerServer)
[2026-05-30 21:16:40,944] INFO [BrokerServer id=0] Starting broker (kafka.server.BrokerServer)
[2026-05-30 21:16:40,950] INFO [broker-0-ThrottledChannelReaper-Fetch]: Starting (kafka.server.ClientQuotaManager$ThrottledChannelReaper)
[2026-05-30 21:16:40,956] INFO [broker-0-ThrottledChannelReaper-Request]: Starting (kafka.server.ClientQuotaManager$ThrottledChannelReaper)
[2026-05-30 21:16:40,957] INFO [broker-0-ThrottledChannelReaper-Produce]: Starting (kafka.server.ClientQuotaManager$ThrottledChannelReaper)
[2026-05-30 21:16:40,958] INFO [broker-0-ThrottledChannelReaper-ControllerMutation]: Starting (kafka.server.ClientQuotaManager$ThrottledChannelReaper)
[2026-05-30 21:16:41,049] INFO [BrokerServer id=0] Waiting for controller quorum voters future (kafka.server.BrokerServer)
[2026-05-30 21:16:41,050] INFO [BrokerServer id=0] Finished waiting for controller quorum voters future (kafka.server.BrokerServer)
[2026-05-30 21:16:41,055] INFO [broker-0-to-controller-forwarding-channel-manager]: Starting (kafka.server.NodeToControllerRequestThread)
[2026-05-30 21:16:41,055] INFO [broker-0-to-controller-forwarding-channel-manager]: Recorded new KRaft controller, from now on will use node kafka-0.kafka-headless.kafka.svc.cluster.local:9093 (id: 0 rack: null) (kafka.server.NodeToControllerRequestThread)
[2026-05-30 21:16:41,235] INFO [ControllerRegistrationManager id=0 incarnation=3reGdlDJTzeod6w51dSysA] Our registration has been persisted to the metadata log. (kafka.server.ControllerRegistrationManager)
[2026-05-30 21:16:41,236] INFO [ControllerRegistrationManager id=0 incarnation=3reGdlDJTzeod6w51dSysA] RegistrationResponseHandler: controller acknowledged ControllerRegistrationRequest. (kafka.server.ControllerRegistrationManager)
[2026-05-30 21:16:41,237] INFO Updated connection-accept-rate max connection creation rate to 2147483647 (kafka.network.ConnectionQuotas)
[2026-05-30 21:16:41,241] INFO [SocketServer listenerType=BROKER, nodeId=0] Created data-plane acceptor and processors for endpoint : ListenerName(PLAINTEXT) (kafka.network.SocketServer)
[2026-05-30 21:16:41,241] INFO Updated connection-accept-rate max connection creation rate to 2147483647 (kafka.network.ConnectionQuotas)
[2026-05-30 21:16:41,259] INFO [BrokerServer id=0] Transition from STARTING to STARTED (kafka.server.BrokerServer)
[2026-05-30 21:16:41,261] ERROR [BrokerServer id=0] Fatal error during broker startup. Prepare to shutdown (kafka.server.BrokerServer)
org.apache.kafka.common.KafkaException: java.lang.IllegalArgumentException: No serviceName defined in either JAAS or Kafka config
	at org.apache.kafka.common.network.SaslChannelBuilder.configure(SaslChannelBuilder.java:184)
	at org.apache.kafka.common.network.ChannelBuilders.create(ChannelBuilders.java:192)
	at org.apache.kafka.common.network.ChannelBuilders.serverChannelBuilder(ChannelBuilders.java:107)
	at kafka.network.Processor.<init>(SocketServer.scala:973)
	at kafka.network.Acceptor.newProcessor(SocketServer.scala:879)
	at kafka.network.Acceptor.$anonfun$addProcessors$1(SocketServer.scala:849)
	at scala.collection.immutable.Range.foreach$mVc$sp(Range.scala:190)
	at kafka.network.Acceptor.addProcessors(SocketServer.scala:848)
	at kafka.network.DataPlaneAcceptor.configure(SocketServer.scala:523)
	at kafka.network.SocketServer.createDataPlaneAcceptorAndProcessors(SocketServer.scala:251)
	at kafka.network.SocketServer.$anonfun$new$31(SocketServer.scala:175)
	at kafka.network.SocketServer.$anonfun$new$31$adapted(SocketServer.scala:175)
	at scala.collection.IterableOnceOps.foreach(IterableOnce.scala:576)
	at scala.collection.IterableOnceOps.foreach$(IterableOnce.scala:574)
	at scala.collection.AbstractIterable.foreach(Iterable.scala:933)
	at kafka.network.SocketServer.<init>(SocketServer.scala:175)
	at kafka.server.BrokerServer.startup(BrokerServer.scala:255)
	at kafka.server.KafkaRaftServer.$anonfun$startup$2(KafkaRaftServer.scala:99)
	at kafka.server.KafkaRaftServer.$anonfun$startup$2$adapted(KafkaRaftServer.scala:99)
	at scala.Option.foreach(Option.scala:437)
	at kafka.server.KafkaRaftServer.startup(KafkaRaftServer.scala:99)
	at kafka.Kafka$.main(Kafka.scala:112)
	at kafka.Kafka.main(Kafka.scala)
Caused by: java.lang.IllegalArgumentException: No serviceName defined in either JAAS or Kafka config
	at org.apache.kafka.common.security.kerberos.KerberosLogin.getServiceName(KerberosLogin.java:303)
	at org.apache.kafka.common.security.kerberos.KerberosLogin.configure(KerberosLogin.java:92)
	at org.apache.kafka.common.security.authenticator.LoginManager.<init>(LoginManager.java:61)
	at org.apache.kafka.common.security.authenticator.LoginManager.acquireLoginManager(LoginManager.java:112)
	at org.apache.kafka.common.network.SaslChannelBuilder.configure(SaslChannelBuilder.java:170)
	... 22 more
[2026-05-30 21:16:41,264] INFO [BrokerServer id=0] Transition from STARTED to SHUTTING_DOWN (kafka.server.BrokerServer)
[2026-05-30 21:16:41,265] INFO [BrokerServer id=0] shutting down (kafka.server.BrokerServer)
[2026-05-30 21:16:41,266] INFO [BrokerLifecycleManager id=0] Skipping controlled shutdown because we are in state NOT_RUNNING. (kafka.server.BrokerLifecycleManager)
[2026-05-30 21:16:41,266] INFO [BrokerLifecycleManager id=0] beginShutdown: shutting down event queue. (org.apache.kafka.queue.KafkaEventQueue)
[2026-05-30 21:16:41,266] INFO [BrokerLifecycleManager id=0] Transitioning from NOT_RUNNING to SHUTTING_DOWN. (kafka.server.BrokerLifecycleManager)
[2026-05-30 21:16:41,268] INFO [broker-0-to-controller-forwarding-channel-manager]: Shutting down (kafka.server.NodeToControllerRequestThread)
[2026-05-30 21:16:41,269] INFO [broker-0-to-controller-forwarding-channel-manager]: Stopped (kafka.server.NodeToControllerRequestThread)
[2026-05-30 21:16:41,269] INFO [broker-0-to-controller-forwarding-channel-manager]: Shutdown completed (kafka.server.NodeToControllerRequestThread)
[2026-05-30 21:16:41,270] INFO Node to controller channel manager for forwarding shutdown (kafka.server.NodeToControllerChannelManagerImpl)
[2026-05-30 21:16:41,270] INFO Shutting down. (kafka.log.LogManager)
[2026-05-30 21:16:41,350] INFO Shutdown complete. (kafka.log.LogManager)
[2026-05-30 21:16:41,352] INFO [broker-0-ThrottledChannelReaper-Fetch]: Shutting down (kafka.server.ClientQuotaManager$ThrottledChannelReaper)
[2026-05-30 21:16:41,353] INFO [broker-0-ThrottledChannelReaper-Fetch]: Stopped (kafka.server.ClientQuotaManager$ThrottledChannelReaper)
[2026-05-30 21:16:41,353] INFO [broker-0-ThrottledChannelReaper-Fetch]: Shutdown completed (kafka.server.ClientQuotaManager$ThrottledChannelReaper)
[2026-05-30 21:16:41,354] INFO [broker-0-ThrottledChannelReaper-Produce]: Shutting down (kafka.server.ClientQuotaManager$ThrottledChannelReaper)
[2026-05-30 21:16:41,354] INFO [broker-0-ThrottledChannelReaper-Produce]: Stopped (kafka.server.ClientQuotaManager$ThrottledChannelReaper)
[2026-05-30 21:16:41,354] INFO [broker-0-ThrottledChannelReaper-Produce]: Shutdown completed (kafka.server.ClientQuotaManager$ThrottledChannelReaper)
[2026-05-30 21:16:41,354] INFO [broker-0-ThrottledChannelReaper-Request]: Shutting down (kafka.server.ClientQuotaManager$ThrottledChannelReaper)
[2026-05-30 21:16:41,354] INFO [broker-0-ThrottledChannelReaper-Request]: Stopped (kafka.server.ClientQuotaManager$ThrottledChannelReaper)
[2026-05-30 21:16:41,354] INFO [broker-0-ThrottledChannelReaper-Request]: Shutdown completed (kafka.server.ClientQuotaManager$ThrottledChannelReaper)
[2026-05-30 21:16:41,355] INFO [broker-0-ThrottledChannelReaper-ControllerMutation]: Shutting down (kafka.server.ClientQuotaManager$ThrottledChannelReaper)
[2026-05-30 21:16:41,355] INFO [broker-0-ThrottledChannelReaper-ControllerMutation]: Stopped (kafka.server.ClientQuotaManager$ThrottledChannelReaper)
[2026-05-30 21:16:41,355] INFO [broker-0-ThrottledChannelReaper-ControllerMutation]: Shutdown completed (kafka.server.ClientQuotaManager$ThrottledChannelReaper)
[2026-05-30 21:16:41,357] INFO Broker and topic stats closed (kafka.server.BrokerTopicStats)
[2026-05-30 21:16:41,357] INFO [BrokerLifecycleManager id=0] closed event queue. (org.apache.kafka.queue.KafkaEventQueue)
[2026-05-30 21:16:41,358] INFO [BrokerServer id=0] shut down completed (kafka.server.BrokerServer)
[2026-05-30 21:16:41,358] INFO [BrokerServer id=0] Transition from SHUTTING_DOWN to SHUTDOWN (kafka.server.BrokerServer)
[2026-05-30 21:16:41,358] ERROR Exiting Kafka due to fatal exception during startup. (kafka.Kafka$)
org.apache.kafka.common.KafkaException: java.lang.IllegalArgumentException: No serviceName defined in either JAAS or Kafka config
	at org.apache.kafka.common.network.SaslChannelBuilder.configure(SaslChannelBuilder.java:184)
	at org.apache.kafka.common.network.ChannelBuilders.create(ChannelBuilders.java:192)
	at org.apache.kafka.common.network.ChannelBuilders.serverChannelBuilder(ChannelBuilders.java:107)
	at kafka.network.Processor.<init>(SocketServer.scala:973)
	at kafka.network.Acceptor.newProcessor(SocketServer.scala:879)
	at kafka.network.Acceptor.$anonfun$addProcessors$1(SocketServer.scala:849)
	at scala.collection.immutable.Range.foreach$mVc$sp(Range.scala:190)
	at kafka.network.Acceptor.addProcessors(SocketServer.scala:848)
	at kafka.network.DataPlaneAcceptor.configure(SocketServer.scala:523)
	at kafka.network.SocketServer.createDataPlaneAcceptorAndProcessors(SocketServer.scala:251)
	at kafka.network.SocketServer.$anonfun$new$31(SocketServer.scala:175)
	at kafka.network.SocketServer.$anonfun$new$31$adapted(SocketServer.scala:175)
	at scala.collection.IterableOnceOps.foreach(IterableOnce.scala:576)
	at scala.collection.IterableOnceOps.foreach$(IterableOnce.scala:574)
	at scala.collection.AbstractIterable.foreach(Iterable.scala:933)
	at kafka.network.SocketServer.<init>(SocketServer.scala:175)
	at kafka.server.BrokerServer.startup(BrokerServer.scala:255)
	at kafka.server.KafkaRaftServer.$anonfun$startup$2(KafkaRaftServer.scala:99)
	at kafka.server.KafkaRaftServer.$anonfun$startup$2$adapted(KafkaRaftServer.scala:99)
	at scala.Option.foreach(Option.scala:437)
	at kafka.server.KafkaRaftServer.startup(KafkaRaftServer.scala:99)
	at kafka.Kafka$.main(Kafka.scala:112)
	at kafka.Kafka.main(Kafka.scala)
Caused by: java.lang.IllegalArgumentException: No serviceName defined in either JAAS or Kafka config
	at org.apache.kafka.common.security.kerberos.KerberosLogin.getServiceName(KerberosLogin.java:303)
	at org.apache.kafka.common.security.kerberos.KerberosLogin.configure(KerberosLogin.java:92)
	at org.apache.kafka.common.security.authenticator.LoginManager.<init>(LoginManager.java:61)
	at org.apache.kafka.common.security.authenticator.LoginManager.acquireLoginManager(LoginManager.java:112)
	at org.apache.kafka.common.network.SaslChannelBuilder.configure(SaslChannelBuilder.java:170)
	... 22 more
[2026-05-30 21:16:41,360] INFO [ControllerServer id=0] shutting down (kafka.server.ControllerServer)
[2026-05-30 21:16:41,361] INFO [raft-expiration-reaper]: Shutting down (kafka.raft.TimingWheelExpirationService$ExpiredOperationReaper)
[2026-05-30 21:16:41,558] INFO [raft-expiration-reaper]: Stopped (kafka.raft.TimingWheelExpirationService$ExpiredOperationReaper)
[2026-05-30 21:16:41,558] INFO [raft-expiration-reaper]: Shutdown completed (kafka.raft.TimingWheelExpirationService$ExpiredOperationReaper)
[2026-05-30 21:16:41,560] INFO [kafka-0-raft-io-thread]: Shutting down (kafka.raft.KafkaRaftManager$RaftIoThread)
[2026-05-30 21:16:41,560] INFO [RaftManager id=0] Beginning graceful shutdown (org.apache.kafka.raft.KafkaRaftClient)
[2026-05-30 21:16:41,560] INFO [RaftManager id=0] Graceful shutdown completed (org.apache.kafka.raft.KafkaRaftClient)
[2026-05-30 21:16:41,560] INFO [kafka-0-raft-io-thread]: Stopped (kafka.raft.KafkaRaftManager$RaftIoThread)
[2026-05-30 21:16:41,561] INFO [kafka-0-raft-io-thread]: Completed graceful shutdown of RaftClient (kafka.raft.KafkaRaftManager$RaftIoThread)
[2026-05-30 21:16:41,561] INFO [kafka-0-raft-io-thread]: Shutdown completed (kafka.raft.KafkaRaftManager$RaftIoThread)
[2026-05-30 21:16:41,563] INFO [kafka-0-raft-outbound-request-thread]: Shutting down (org.apache.kafka.raft.KafkaNetworkChannel$SendThread)
[2026-05-30 21:16:41,563] INFO [kafka-0-raft-outbound-request-thread]: Stopped (org.apache.kafka.raft.KafkaNetworkChannel$SendThread)
[2026-05-30 21:16:41,563] INFO [kafka-0-raft-outbound-request-thread]: Shutdown completed (org.apache.kafka.raft.KafkaNetworkChannel$SendThread)
[2026-05-30 21:16:41,575] INFO [ProducerStateManager partition=__cluster_metadata-0] Wrote producer snapshot at offset 351087 with 0 producer ids in 10 ms. (org.apache.kafka.storage.internals.log.ProducerStateManager)
[2026-05-30 21:16:41,579] INFO [ControllerRegistrationManager id=0 incarnation=3reGdlDJTzeod6w51dSysA] beginShutdown: shutting down event queue. (org.apache.kafka.queue.KafkaEventQueue)
[2026-05-30 21:16:41,579] INFO [ControllerRegistrationManager id=0 incarnation=3reGdlDJTzeod6w51dSysA] shutting down. (kafka.server.ControllerRegistrationManager)
[2026-05-30 21:16:41,579] INFO [controller-0-to-controller-registration-channel-manager]: Shutting down (kafka.server.NodeToControllerRequestThread)
[2026-05-30 21:16:41,579] INFO [controller-0-to-controller-registration-channel-manager]: Stopped (kafka.server.NodeToControllerRequestThread)
[2026-05-30 21:16:41,579] INFO [controller-0-to-controller-registration-channel-manager]: Shutdown completed (kafka.server.NodeToControllerRequestThread)
[2026-05-30 21:16:41,581] INFO Node to controller channel manager for registration shutdown (kafka.server.NodeToControllerChannelManagerImpl)
[2026-05-30 21:16:41,581] INFO [ControllerRegistrationManager id=0 incarnation=3reGdlDJTzeod6w51dSysA] closed event queue. (org.apache.kafka.queue.KafkaEventQueue)
[2026-05-30 21:16:41,582] INFO [controller-0-to-controller-registration-channel-manager]: Shutdown completed (kafka.server.NodeToControllerRequestThread)
[2026-05-30 21:16:41,582] WARN [NodeToControllerChannelManager id=0 name=registration] Attempting to close NetworkClient that has already been closed. (org.apache.kafka.clients.NetworkClient)
[2026-05-30 21:16:41,582] INFO Node to controller channel manager for registration shutdown (kafka.server.NodeToControllerChannelManagerImpl)
[2026-05-30 21:16:41,585] INFO [ControllerRegistrationManager id=0 incarnation=3reGdlDJTzeod6w51dSysA] closed event queue. (org.apache.kafka.queue.KafkaEventQueue)
[2026-05-30 21:16:41,588] INFO [SocketServer listenerType=CONTROLLER, nodeId=0] Stopping socket server request processors (kafka.network.SocketServer)
[2026-05-30 21:16:41,593] INFO [SocketServer listenerType=CONTROLLER, nodeId=0] Stopped socket server request processors (kafka.network.SocketServer)
[2026-05-30 21:16:41,594] INFO [QuorumController id=0] QuorumController#beginShutdown: shutting down event queue. (org.apache.kafka.queue.KafkaEventQueue)
[2026-05-30 21:16:41,595] INFO [SocketServer listenerType=CONTROLLER, nodeId=0] Shutting down socket server (kafka.network.SocketServer)
[2026-05-30 21:16:41,639] INFO [SocketServer listenerType=CONTROLLER, nodeId=0] Shutdown completed (kafka.network.SocketServer)
[2026-05-30 21:16:41,640] INFO [data-plane Kafka Request Handler on Broker 0], shutting down (kafka.server.KafkaRequestHandlerPool)
[2026-05-30 21:16:41,642] INFO [data-plane Kafka Request Handler on Broker 0], shut down completely (kafka.server.KafkaRequestHandlerPool)
[2026-05-30 21:16:41,643] INFO [ExpirationReaper-0-AlterAcls]: Shutting down (kafka.server.DelayedOperationPurgatory$ExpiredOperationReaper)
[2026-05-30 21:16:41,646] INFO [ExpirationReaper-0-AlterAcls]: Stopped (kafka.server.DelayedOperationPurgatory$ExpiredOperationReaper)
[2026-05-30 21:16:41,647] INFO [ExpirationReaper-0-AlterAcls]: Shutdown completed (kafka.server.DelayedOperationPurgatory$ExpiredOperationReaper)
[2026-05-30 21:16:41,647] INFO [controller-0-ThrottledChannelReaper-Fetch]: Shutting down (kafka.server.ClientQuotaManager$ThrottledChannelReaper)
[2026-05-30 21:16:41,647] INFO [controller-0-ThrottledChannelReaper-Fetch]: Stopped (kafka.server.ClientQuotaManager$ThrottledChannelReaper)
[2026-05-30 21:16:41,647] INFO [controller-0-ThrottledChannelReaper-Fetch]: Shutdown completed (kafka.server.ClientQuotaManager$ThrottledChannelReaper)
[2026-05-30 21:16:41,647] INFO [controller-0-ThrottledChannelReaper-Produce]: Shutting down (kafka.server.ClientQuotaManager$ThrottledChannelReaper)
[2026-05-30 21:16:41,647] INFO [controller-0-ThrottledChannelReaper-Produce]: Stopped (kafka.server.ClientQuotaManager$ThrottledChannelReaper)
[2026-05-30 21:16:41,648] INFO [controller-0-ThrottledChannelReaper-Produce]: Shutdown completed (kafka.server.ClientQuotaManager$ThrottledChannelReaper)
[2026-05-30 21:16:41,648] INFO [controller-0-ThrottledChannelReaper-Request]: Shutting down (kafka.server.ClientQuotaManager$ThrottledChannelReaper)
[2026-05-30 21:16:41,648] INFO [controller-0-ThrottledChannelReaper-Request]: Stopped (kafka.server.ClientQuotaManager$ThrottledChannelReaper)
[2026-05-30 21:16:41,648] INFO [controller-0-ThrottledChannelReaper-Request]: Shutdown completed (kafka.server.ClientQuotaManager$ThrottledChannelReaper)
[2026-05-30 21:16:41,648] INFO [controller-0-ThrottledChannelReaper-ControllerMutation]: Shutting down (kafka.server.ClientQuotaManager$ThrottledChannelReaper)
[2026-05-30 21:16:41,648] INFO [controller-0-ThrottledChannelReaper-ControllerMutation]: Stopped (kafka.server.ClientQuotaManager$ThrottledChannelReaper)
[2026-05-30 21:16:41,648] INFO [controller-0-ThrottledChannelReaper-ControllerMutation]: Shutdown completed (kafka.server.ClientQuotaManager$ThrottledChannelReaper)
[2026-05-30 21:16:41,649] INFO [QuorumController id=0] closed event queue. (org.apache.kafka.queue.KafkaEventQueue)
[2026-05-30 21:16:41,650] INFO [SharedServer id=0] Stopping SharedServer (kafka.server.SharedServer)
[2026-05-30 21:16:41,651] INFO [MetadataLoader id=0] beginShutdown: shutting down event queue. (org.apache.kafka.queue.KafkaEventQueue)
[2026-05-30 21:16:41,651] INFO [SnapshotGenerator id=0] close: shutting down event queue. (org.apache.kafka.queue.KafkaEventQueue)
[2026-05-30 21:16:41,651] INFO [SnapshotGenerator id=0] closed event queue. (org.apache.kafka.queue.KafkaEventQueue)
[2026-05-30 21:16:41,652] INFO [MetadataLoader id=0] closed event queue. (org.apache.kafka.queue.KafkaEventQueue)
[2026-05-30 21:16:41,652] INFO [SnapshotGenerator id=0] closed event queue. (org.apache.kafka.queue.KafkaEventQueue)
[2026-05-30 21:16:41,654] INFO Metrics scheduler closed (org.apache.kafka.common.metrics.Metrics)
[2026-05-30 21:16:41,654] INFO Metrics reporters closed (org.apache.kafka.common.metrics.Metrics)
[2026-05-30 21:16:41,654] INFO App info kafka.server for 0 unregistered (org.apache.kafka.common.utils.AppInfoParser)
[2026-05-30 21:16:41,655] INFO App info kafka.server for 0 unregistered (org.apache.kafka.common.utils.AppInfoParser)
