[2026-05-28T21:34:02Z] ==================================================
[2026-05-28T21:34:02Z] LIVE_AUTO GOVERNANCE VALIDATION STARTED
[2026-05-28T21:34:02Z] ==================================================
[2026-05-28T21:34:02Z] [1/10] Validating semantic governance...
[2026-05-28T21:34:02Z] [FAIL] Semantic governance invalid
[2026-05-28T21:34:02Z] [2/10] Validating LIVE_AUTO certification...
[2026-05-28T21:34:02Z] [PASS] LIVE_AUTO certification validated
[2026-05-28T21:34:02Z] [3/10] Validating runtime authority registry...
[2026-05-28T21:34:02Z] [PASS] Runtime authority registry active
[2026-05-28T21:34:02Z] [4/10] Validating autonomous execution...
[2026-05-28T21:34:02Z] [PASS] Autonomous execution active
[2026-05-28T21:34:02Z] [5/10] Validating institutional containment...
[2026-05-28T21:34:02Z] [PASS] Single-account containment active
[2026-05-28T21:34:02Z] [PASS] Single-strategy containment active
[2026-05-28T21:34:02Z] [PASS] Small-capital containment active
[2026-05-28T21:34:02Z] [6/10] Validating runtime isolation...
[2026-05-28T21:34:02Z] [PASS] Runtime isolation active
[2026-05-28T21:34:02Z] [7/10] Validating telemetry isolation...
[2026-05-28T21:34:02Z] [PASS] Telemetry isolation active
[2026-05-28T21:34:02Z] [8/10] Validating audit lineage...
[2026-05-28T21:34:02Z] [PASS] Audit lineage active
[2026-05-28T21:34:02Z] [9/10] Validating topology decoupling...
[2026-05-28T21:34:02Z] [FAIL] Legacy topology coupling detected
[2026-05-28T21:34:02Z] [10/10] Finalizing governance certification...
[2026-05-28T21:34:02Z] [PASS] Governance certification finalized
[2026-05-28T21:34:02Z] ==================================================
[2026-05-28T21:34:02Z] LIVE_AUTO GOVERNANCE CERTIFICATION FAILED
[2026-05-28T21:34:02Z] ==================================================
[2026-05-28T21:36:43Z] ==================================================
[2026-05-28T21:36:43Z] LIVE_AUTO GOVERNANCE VALIDATION STARTED
[2026-05-28T21:36:43Z] ==================================================
[2026-05-28T21:36:43Z] [1/10] Validating semantic governance...
[2026-05-28T21:36:44Z] [FAIL] Semantic governance invalid
[2026-05-28T21:36:44Z] [2/10] Validating LIVE_AUTO certification...
[2026-05-28T21:36:44Z] [PASS] LIVE_AUTO certification validated
[2026-05-28T21:36:44Z] [3/10] Validating runtime authority registry...
[2026-05-28T21:36:44Z] [PASS] Runtime authority registry active
[2026-05-28T21:36:44Z] [4/10] Validating autonomous execution...
[2026-05-28T21:36:44Z] [PASS] Autonomous execution active
[2026-05-28T21:36:44Z] [5/10] Validating institutional containment...
[2026-05-28T21:36:44Z] [PASS] Single-account containment active
[2026-05-28T21:36:44Z] [PASS] Single-strategy containment active
[2026-05-28T21:36:44Z] [PASS] Small-capital containment active
[2026-05-28T21:36:44Z] [6/10] Validating runtime isolation...
[2026-05-28T21:36:44Z] [PASS] Runtime isolation active
[2026-05-28T21:36:44Z] [7/10] Validating telemetry isolation...
[2026-05-28T21:36:44Z] [PASS] Telemetry isolation active
[2026-05-28T21:36:44Z] [8/10] Validating audit lineage...
[2026-05-28T21:36:44Z] [PASS] Audit lineage active
[2026-05-28T21:36:44Z] [9/10] Validating topology decoupling...
[2026-05-28T21:36:44Z] [FAIL] Legacy topology coupling detected
[2026-05-28T21:36:44Z] [10/10] Finalizing governance certification...
[2026-05-28T21:36:44Z] [PASS] Governance certification finalized
[2026-05-28T21:36:44Z] ==================================================
[2026-05-28T21:36:44Z] LIVE_AUTO GOVERNANCE CERTIFICATION FAILED
[2026-05-28T21:36:44Z] ==================================================
[2026-05-28T21:39:02Z] ==================================================
[2026-05-28T21:39:02Z] LIVE_AUTO GOVERNANCE VALIDATION STARTED
[2026-05-28T21:39:02Z] ==================================================
[2026-05-28T21:39:02Z] [1/10] Validating semantic governance...
[2026-05-28T21:39:02Z] [PASS] Semantic governance validated
[2026-05-28T21:39:02Z] [2/10] Validating LIVE_AUTO certification...
[2026-05-28T21:39:03Z] [PASS] LIVE_AUTO certification validated
[2026-05-28T21:39:03Z] [3/10] Validating runtime authority registry...
[2026-05-28T21:39:03Z] [PASS] Runtime authority registry active
[2026-05-28T21:39:03Z] [4/10] Validating autonomous execution...
[2026-05-28T21:39:03Z] [PASS] Autonomous execution active
[2026-05-28T21:39:03Z] [5/10] Validating institutional containment...
[2026-05-28T21:39:03Z] [PASS] Single-account containment active
[2026-05-28T21:39:03Z] [PASS] Single-strategy containment active
[2026-05-28T21:39:03Z] [PASS] Small-capital containment active
[2026-05-28T21:39:03Z] [6/10] Validating runtime isolation...
[2026-05-28T21:39:03Z] [PASS] Runtime isolation active
[2026-05-28T21:39:03Z] [7/10] Validating telemetry isolation...
[2026-05-28T21:39:03Z] [PASS] Telemetry isolation active
[2026-05-28T21:39:03Z] [8/10] Validating audit lineage...
[2026-05-28T21:39:03Z] [PASS] Audit lineage active
[2026-05-28T21:39:03Z] [9/10] Validating topology decoupling...
[2026-05-28T21:39:03Z] [FAIL] Legacy topology coupling detected
[2026-05-28T21:39:03Z] [10/10] Finalizing governance certification...
[2026-05-28T21:39:03Z] [PASS] Governance certification finalized
[2026-05-28T21:39:03Z] ==================================================
[2026-05-28T21:39:03Z] LIVE_AUTO GOVERNANCE CERTIFICATION FAILED
[2026-05-28T21:39:03Z] ==================================================
[2026-05-28T21:41:19Z] ==================================================
[2026-05-28T21:41:19Z] LIVE_AUTO GOVERNANCE VALIDATION STARTED
[2026-05-28T21:41:19Z] ==================================================
[2026-05-28T21:41:19Z] [1/10] Validating semantic governance...
[2026-05-28T21:41:19Z] [PASS] Semantic governance validated
[2026-05-28T21:41:19Z] [2/10] Validating LIVE_AUTO certification...
[2026-05-28T21:41:19Z] [PASS] LIVE_AUTO certification validated
[2026-05-28T21:41:19Z] [3/10] Validating runtime authority registry...
[2026-05-28T21:41:19Z] [PASS] Runtime authority registry active
[2026-05-28T21:41:19Z] [4/10] Validating autonomous execution...
[2026-05-28T21:41:19Z] [PASS] Autonomous execution active
[2026-05-28T21:41:19Z] [5/10] Validating institutional containment...
[2026-05-28T21:41:19Z] [PASS] Single-account containment active
[2026-05-28T21:41:19Z] [PASS] Single-strategy containment active
[2026-05-28T21:41:19Z] [PASS] Small-capital containment active
[2026-05-28T21:41:19Z] [6/10] Validating runtime isolation...
[2026-05-28T21:41:19Z] [PASS] Runtime isolation active
[2026-05-28T21:41:19Z] [7/10] Validating telemetry isolation...
[2026-05-28T21:41:19Z] [PASS] Telemetry isolation active
[2026-05-28T21:41:19Z] [8/10] Validating audit lineage...
[2026-05-28T21:41:19Z] [PASS] Audit lineage active
[2026-05-28T21:41:19Z] [9/10] Validating topology decoupling...
[2026-05-28T21:41:19Z] [FAIL] Legacy topology coupling detected
[2026-05-28T21:41:19Z] [10/10] Finalizing governance certification...
[2026-05-28T21:41:19Z] [PASS] Governance certification finalized
[2026-05-28T21:41:19Z] ==================================================
[2026-05-28T21:41:19Z] LIVE_AUTO GOVERNANCE CERTIFICATION FAILED
[2026-05-28T21:41:20Z] ==================================================
[2026-05-28T21:46:50Z] ==================================================
[2026-05-28T21:46:50Z] LIVE_AUTO GOVERNANCE VALIDATION STARTED
[2026-05-28T21:46:50Z] ==================================================
[2026-05-28T21:46:50Z] [1/12] Validating semantic governance...
[2026-05-28T21:46:50Z] [PASS] Semantic governance validated
[2026-05-28T21:46:50Z] [2/12] Validating LIVE_AUTO certification...
[2026-05-28T21:46:50Z] [PASS] LIVE_AUTO certification validated
[2026-05-28T21:46:50Z] [3/12] Validating runtime authority registry...
[2026-05-28T21:46:50Z] [PASS] Runtime authority registry active
[2026-05-28T21:46:50Z] [4/12] Validating autonomous execution...
[2026-05-28T21:46:50Z] [PASS] Autonomous execution active
[2026-05-28T21:46:50Z] [5/12] Validating institutional containment...
[2026-05-28T21:46:50Z] [PASS] Single-account containment active
[2026-05-28T21:46:50Z] [PASS] Single-strategy containment active
[2026-05-28T21:46:50Z] [PASS] Small-capital containment active
[2026-05-28T21:46:50Z] [6/12] Validating runtime isolation...
[2026-05-28T21:46:50Z] [PASS] Runtime isolation active
[2026-05-28T21:46:50Z] [7/12] Validating telemetry isolation...
[2026-05-28T21:46:50Z] [PASS] Telemetry isolation active
[2026-05-28T21:46:50Z] [8/12] Validating audit lineage...
[2026-05-28T21:46:50Z] [PASS] Audit lineage active
[2026-05-28T21:46:50Z] [9/12] Validating runtime topology decoupling...
[2026-05-28T21:46:50Z] [PASS] Runtime topology decoupling validated
[2026-05-28T21:46:50Z] [10/12] Validating runtime authority propagation...
[2026-05-28T21:46:50Z] [PASS] Runtime authority propagation validated
[2026-05-28T21:46:50Z] [11/12] Validating governance continuity...
[2026-05-28T21:46:50Z] [PASS] Governance continuity active
[2026-05-28T21:46:50Z] [12/12] Finalizing governance certification...
[2026-05-28T21:46:50Z] [PASS] Governance certification finalized
[2026-05-28T21:46:50Z] ==================================================
[2026-05-28T21:46:50Z] LIVE_AUTO GOVERNANCE CERTIFICATION PASSED
[2026-05-28T21:46:50Z] ==================================================
[2026-05-28T21:46:50Z] [PASS] Autonomous execution governance certified
[2026-05-28T21:46:50Z] [PASS] Runtime authority abstraction certified
[2026-05-28T21:46:50Z] [PASS] Institutional containment certified
[2026-05-28T21:48:54Z] ==================================================
[2026-05-28T21:48:54Z] LIVE_AUTO GOVERNANCE VALIDATION STARTED
[2026-05-28T21:48:54Z] ==================================================
[2026-05-28T21:48:54Z] [1/12] Validating semantic governance...
[2026-05-28T21:48:54Z] [FAIL] Semantic governance invalid
[2026-05-28T21:48:54Z] [2/12] Validating LIVE_AUTO certification...
[2026-05-28T21:48:55Z] [PASS] LIVE_AUTO certification validated
[2026-05-28T21:48:55Z] [3/12] Validating runtime authority registry...
[2026-05-28T21:48:55Z] [PASS] Runtime authority registry active
[2026-05-28T21:48:55Z] [4/12] Validating autonomous execution...
[2026-05-28T21:48:55Z] [PASS] Autonomous execution active
[2026-05-28T21:48:55Z] [5/12] Validating institutional containment...
[2026-05-28T21:48:55Z] [PASS] Single-account containment active
[2026-05-28T21:48:55Z] [PASS] Single-strategy containment active
[2026-05-28T21:48:55Z] [PASS] Small-capital containment active
[2026-05-28T21:48:55Z] [6/12] Validating runtime isolation...
[2026-05-28T21:48:55Z] [PASS] Runtime isolation active
[2026-05-28T21:48:55Z] [7/12] Validating telemetry isolation...
[2026-05-28T21:48:55Z] [PASS] Telemetry isolation active
[2026-05-28T21:48:55Z] [8/12] Validating audit lineage...
[2026-05-28T21:48:55Z] [PASS] Audit lineage active
[2026-05-28T21:48:55Z] [9/12] Validating runtime topology decoupling...
[2026-05-28T21:48:55Z] [PASS] Runtime topology decoupling validated
[2026-05-28T21:48:55Z] [10/12] Validating runtime authority propagation...
[2026-05-28T21:48:55Z] [PASS] Runtime authority propagation validated
[2026-05-28T21:48:55Z] [11/12] Finalizing governance certification...
[2026-05-28T21:48:55Z] [PASS] Governance certification finalized
[2026-05-28T21:48:55Z] ==================================================
[2026-05-28T21:48:55Z] LIVE_AUTO GOVERNANCE CERTIFICATION FAILED
[2026-05-28T21:48:55Z] ==================================================
[2026-05-28T21:53:25Z] ==================================================
[2026-05-28T21:53:25Z] LIVE_AUTO GOVERNANCE VALIDATION STARTED
[2026-05-28T21:53:25Z] ==================================================
[2026-05-28T21:53:25Z] [1/12] Validating semantic governance lineage...
[2026-05-28T21:53:25Z] [PASS] Semantic governance lineage active
[2026-05-28T21:53:25Z] [2/12] Validating LIVE_AUTO certification...
[2026-05-28T21:53:26Z] [PASS] LIVE_AUTO certification validated
[2026-05-28T21:53:26Z] [3/12] Validating runtime authority registry...
[2026-05-28T21:53:26Z] [PASS] Runtime authority registry active
[2026-05-28T21:53:26Z] [4/12] Validating autonomous execution...
[2026-05-28T21:53:26Z] [PASS] Autonomous execution active
[2026-05-28T21:53:26Z] [5/12] Validating institutional containment...
[2026-05-28T21:53:26Z] [PASS] Single-account containment active
[2026-05-28T21:53:26Z] [PASS] Single-strategy containment active
[2026-05-28T21:53:26Z] [PASS] Small-capital containment active
[2026-05-28T21:53:26Z] [6/12] Validating runtime isolation...
[2026-05-28T21:53:26Z] [PASS] Runtime isolation active
[2026-05-28T21:53:26Z] [7/12] Validating telemetry isolation...
[2026-05-28T21:53:26Z] [PASS] Telemetry isolation active
[2026-05-28T21:53:26Z] [8/12] Validating audit lineage...
[2026-05-28T21:53:26Z] [PASS] Audit lineage active
[2026-05-28T21:53:26Z] [9/12] Validating runtime topology decoupling...
[2026-05-28T21:53:26Z] [PASS] Runtime topology decoupling validated
[2026-05-28T21:53:26Z] [10/12] Validating runtime authority propagation...
[2026-05-28T21:53:26Z] [PASS] Runtime authority propagation validated
[2026-05-28T21:53:26Z] [11/12] Finalizing governance certification...
[2026-05-28T21:53:26Z] [PASS] Governance certification finalized
[2026-05-28T21:53:26Z] ==================================================
[2026-05-28T21:53:26Z] LIVE_AUTO GOVERNANCE CERTIFICATION PASSED
[2026-05-28T21:53:26Z] ==================================================
[2026-05-28T21:53:26Z] [PASS] Autonomous execution governance certified
[2026-05-28T21:53:26Z] [PASS] Runtime authority abstraction certified
[2026-05-28T21:53:26Z] [PASS] Institutional containment certified
[2026-05-28T21:54:32Z] ==================================================
[2026-05-28T21:54:32Z] LIVE_AUTO GOVERNANCE VALIDATION STARTED
[2026-05-28T21:54:32Z] ==================================================
[2026-05-28T21:54:32Z] [1/12] Validating semantic governance lineage...
[2026-05-28T21:54:32Z] [PASS] Semantic governance lineage active
[2026-05-28T21:54:32Z] [2/12] Validating LIVE_AUTO certification...
[2026-05-28T21:54:32Z] [PASS] LIVE_AUTO certification validated
[2026-05-28T21:54:32Z] [3/12] Validating runtime authority registry...
[2026-05-28T21:54:32Z] [PASS] Runtime authority registry active
[2026-05-28T21:54:32Z] [4/12] Validating autonomous execution...
[2026-05-28T21:54:32Z] [PASS] Autonomous execution active
[2026-05-28T21:54:32Z] [5/12] Validating institutional containment...
[2026-05-28T21:54:32Z] [PASS] Single-account containment active
[2026-05-28T21:54:32Z] [PASS] Single-strategy containment active
[2026-05-28T21:54:32Z] [PASS] Small-capital containment active
[2026-05-28T21:54:32Z] [6/12] Validating runtime isolation...
[2026-05-28T21:54:32Z] [PASS] Runtime isolation active
[2026-05-28T21:54:32Z] [7/12] Validating telemetry isolation...
[2026-05-28T21:54:32Z] [PASS] Telemetry isolation active
[2026-05-28T21:54:32Z] [8/12] Validating audit lineage...
[2026-05-28T21:54:32Z] [PASS] Audit lineage active
[2026-05-28T21:54:32Z] [9/12] Validating runtime topology decoupling...
[2026-05-28T21:54:32Z] [PASS] Runtime topology decoupling validated
[2026-05-28T21:54:32Z] [10/12] Validating runtime authority propagation...
[2026-05-28T21:54:32Z] [PASS] Runtime authority propagation validated
[2026-05-28T21:54:32Z] [11/12] Finalizing governance certification...
[2026-05-28T21:54:32Z] [PASS] Governance certification finalized
[2026-05-28T21:54:32Z] ==================================================
[2026-05-28T21:54:32Z] LIVE_AUTO GOVERNANCE CERTIFICATION PASSED
[2026-05-28T21:54:32Z] ==================================================
[2026-05-28T21:54:32Z] [PASS] Autonomous execution governance certified
[2026-05-28T21:54:32Z] [PASS] Runtime authority abstraction certified
[2026-05-28T21:54:32Z] [PASS] Institutional containment certified
[2026-05-28T21:58:01Z] ==================================================
[2026-05-28T21:58:01Z] LIVE_AUTO GOVERNANCE VALIDATION STARTED
[2026-05-28T21:58:01Z] ==================================================
[2026-05-28T21:58:01Z] [1/12] Validating semantic governance lineage...
[2026-05-28T21:58:01Z] [PASS] Semantic governance lineage active
[2026-05-28T21:58:01Z] [2/12] Validating LIVE_AUTO certification...
[2026-05-28T21:58:01Z] [PASS] LIVE_AUTO certification validated
[2026-05-28T21:58:01Z] [3/12] Validating runtime authority registry...
[2026-05-28T21:58:01Z] [PASS] Runtime authority registry active
[2026-05-28T21:58:01Z] [4/12] Validating autonomous execution...
[2026-05-28T21:58:01Z] [PASS] Autonomous execution active
[2026-05-28T21:58:01Z] [5/12] Validating institutional containment...
[2026-05-28T21:58:01Z] [PASS] Single-account containment active
[2026-05-28T21:58:01Z] [PASS] Single-strategy containment active
[2026-05-28T21:58:01Z] [PASS] Small-capital containment active
[2026-05-28T21:58:01Z] [6/12] Validating runtime isolation...
[2026-05-28T21:58:01Z] [PASS] Runtime isolation active
[2026-05-28T21:58:01Z] [7/12] Validating telemetry isolation...
[2026-05-28T21:58:01Z] [PASS] Telemetry isolation active
[2026-05-28T21:58:01Z] [8/12] Validating audit lineage...
[2026-05-28T21:58:01Z] [PASS] Audit lineage active
[2026-05-28T21:58:01Z] [9/12] Validating runtime topology decoupling...
[2026-05-28T21:58:01Z] [PASS] Runtime topology decoupling validated
[2026-05-28T21:58:01Z] [10/12] Validating runtime authority propagation...
[2026-05-28T21:58:01Z] [PASS] Runtime authority propagation validated
[2026-05-28T21:58:01Z] [11/12] Finalizing governance certification...
[2026-05-28T21:58:01Z] [PASS] Governance certification finalized
[2026-05-28T21:58:01Z] ==================================================
[2026-05-28T21:58:01Z] LIVE_AUTO GOVERNANCE CERTIFICATION PASSED
[2026-05-28T21:58:01Z] ==================================================
[2026-05-28T21:58:01Z] [PASS] Autonomous execution governance certified
[2026-05-28T21:58:01Z] [PASS] Runtime authority abstraction certified
[2026-05-28T21:58:01Z] [PASS] Institutional containment certified
[2026-05-28T22:00:32Z] ==================================================
[2026-05-28T22:00:32Z] LIVE_AUTO GOVERNANCE VALIDATION STARTED
[2026-05-28T22:00:32Z] ==================================================
[2026-05-28T22:00:32Z] [1/12] Validating semantic governance lineage...
[2026-05-28T22:00:32Z] [PASS] Semantic governance lineage active
[2026-05-28T22:00:32Z] [2/12] Validating LIVE_AUTO certification...
[2026-05-28T22:00:32Z] [PASS] LIVE_AUTO certification validated
[2026-05-28T22:00:32Z] [3/12] Validating runtime authority registry...
[2026-05-28T22:00:32Z] [PASS] Runtime authority registry active
[2026-05-28T22:00:32Z] [4/12] Validating autonomous execution...
[2026-05-28T22:00:32Z] [PASS] Autonomous execution active
[2026-05-28T22:00:32Z] [5/12] Validating institutional containment...
[2026-05-28T22:00:32Z] [PASS] Single-account containment active
[2026-05-28T22:00:32Z] [PASS] Single-strategy containment active
[2026-05-28T22:00:32Z] [PASS] Small-capital containment active
[2026-05-28T22:00:32Z] [6/12] Validating runtime isolation...
[2026-05-28T22:00:32Z] [PASS] Runtime isolation active
[2026-05-28T22:00:32Z] [7/12] Validating telemetry isolation...
[2026-05-28T22:00:32Z] [PASS] Telemetry isolation active
[2026-05-28T22:00:32Z] [8/12] Validating audit lineage...
[2026-05-28T22:00:32Z] [PASS] Audit lineage active
[2026-05-28T22:00:32Z] [9/12] Validating runtime topology decoupling...
[2026-05-28T22:00:32Z] [PASS] Runtime topology decoupling validated
[2026-05-28T22:00:32Z] [10/12] Validating runtime authority propagation...
[2026-05-28T22:00:32Z] [PASS] Runtime authority propagation validated
[2026-05-28T22:00:32Z] [11/12] Finalizing governance certification...
[2026-05-28T22:00:32Z] [PASS] Governance certification finalized
[2026-05-28T22:00:32Z] ==================================================
[2026-05-28T22:00:32Z] LIVE_AUTO GOVERNANCE CERTIFICATION PASSED
[2026-05-28T22:00:32Z] ==================================================
[2026-05-28T22:00:32Z] [PASS] Autonomous execution governance certified
[2026-05-28T22:00:32Z] [PASS] Runtime authority abstraction certified
[2026-05-28T22:00:32Z] [PASS] Institutional containment certified
