/******************************************************************************
 *
 * COREI OPERATING SYSTEM
 *
 * STAGE-25
 * PHASE-17
 * STEP-02
 *
 * FILE:
 * top-ribbon.css
 *
 * PURPOSE:
 * Legacy Ribbon Visuals Removed
 *
 ******************************************************************************/