/******************************************************************************
 *
 * COREI OPERATING SYSTEM
 *
 * STAGE-25
 * PHASE-17
 * STEP-02
 *
 * FILE:
 * navigation.css
 *
 * PURPOSE:
 * Legacy Navigation Visuals Removed
 *
 ******************************************************************************/
