[2026-05-28T20:22:03Z] ==================================================
[2026-05-28T20:22:03Z] LIVE_SEMI ACTIVATION STARTED
[2026-05-28T20:22:03Z] ==================================================
[2026-05-28T20:22:03Z] [1/9] Validating semantic governance...
[2026-05-28T20:22:03Z] [FAIL] Semantic governance validation failed
[2026-05-28T20:22:41Z] ==================================================
[2026-05-28T20:22:41Z] LIVE_SEMI VALIDATION STARTED
[2026-05-28T20:22:41Z] ==================================================
[2026-05-28T20:22:41Z] [1/9] Validating LIVE_SEMI state...
[2026-05-28T20:22:41Z] [PASS] LIVE_SEMI state present
[2026-05-28T20:22:41Z] [2/9] Validating LIVE_SEMI enabled...
[2026-05-28T20:22:41Z] [FAIL] LIVE_SEMI not enabled
[2026-05-28T20:22:41Z] [3/9] Validating account mode...
[2026-05-28T20:22:41Z] [FAIL] Account mode not LIVE_SEMI
[2026-05-28T20:22:41Z] [4/9] Validating Stage 17 lineage...
[2026-05-28T20:22:41Z] [FAIL] Stage 17 lineage missing
[2026-05-28T20:22:41Z] [5/9] Validating Stage 19 lineage...
[2026-05-28T20:22:41Z] [FAIL] Stage 19 lineage missing
[2026-05-28T20:22:41Z] [6/9] Validating broker onboarding...
[2026-05-28T20:22:41Z] [PASS] Broker onboarding validated
[2026-05-28T20:22:41Z] [7/9] Validating human supervision...
[2026-05-28T20:22:41Z] [PASS] Human supervision enforced
[2026-05-28T20:22:41Z] [8/9] Validating LIVE_AUTO prohibition...
[2026-05-28T20:22:41Z] [PASS] LIVE_AUTO correctly disabled
[2026-05-28T20:22:41Z] [9/9] Validating audit lineage...
[2026-05-28T20:22:41Z] [FAIL] Audit lineage missing
[2026-05-28T20:22:41Z] ==================================================
[2026-05-28T20:22:41Z] LIVE_SEMI VALIDATION FAILED
[2026-05-28T20:22:41Z] ==================================================
[2026-05-28T20:24:45Z] ==================================================
[2026-05-28T20:24:45Z] LIVE_SEMI ACTIVATION STARTED
[2026-05-28T20:24:45Z] ==================================================
[2026-05-28T20:24:45Z] [1/9] Validating semantic governance...
[2026-05-28T20:24:45Z] [PASS] Semantic governance validated
[2026-05-28T20:24:45Z] [2/9] Validating Stage 20 orchestrator...
[2026-05-28T20:24:45Z] [PASS] Stage 20 orchestrator validated
[2026-05-28T20:24:45Z] [3/9] Validating Stage 17 gate...
[2026-05-28T20:24:45Z] [PASS] Stage 17 gate validated
[2026-05-28T20:24:45Z] [4/9] Validating Stage 19 gate...
[2026-05-28T20:24:45Z] [PASS] Stage 19 gate validated
[2026-05-28T20:24:45Z] [5/9] Validating broker onboarding...
[2026-05-28T20:24:45Z] [PASS] Broker onboarding validated
[2026-05-28T20:24:45Z] [6/9] Risk-admin authorization...
[2026-05-28T20:24:50Z] [PASS] Risk-admin authorization confirmed
[2026-05-28T20:24:50Z] [7/9] Operator confirmation required...
[2026-05-28T20:25:27Z] [FAIL] Operator confirmation mismatch
[2026-05-28T20:25:35Z] ==================================================
[2026-05-28T20:25:35Z] LIVE_SEMI ACTIVATION STARTED
[2026-05-28T20:25:35Z] ==================================================
[2026-05-28T20:25:35Z] [1/9] Validating semantic governance...
[2026-05-28T20:25:35Z] [PASS] Semantic governance validated
[2026-05-28T20:25:35Z] [2/9] Validating Stage 20 orchestrator...
[2026-05-28T20:25:35Z] [PASS] Stage 20 orchestrator validated
[2026-05-28T20:25:35Z] [3/9] Validating Stage 17 gate...
[2026-05-28T20:25:35Z] [PASS] Stage 17 gate validated
[2026-05-28T20:25:35Z] [4/9] Validating Stage 19 gate...
[2026-05-28T20:25:35Z] [PASS] Stage 19 gate validated
[2026-05-28T20:25:35Z] [5/9] Validating broker onboarding...
[2026-05-28T20:25:35Z] [PASS] Broker onboarding validated
[2026-05-28T20:25:35Z] [6/9] Risk-admin authorization...
[2026-05-28T20:25:39Z] [PASS] Risk-admin authorization confirmed
[2026-05-28T20:25:39Z] [7/9] Operator confirmation required...
[2026-05-28T20:26:01Z] [PASS] Operator confirmation validated
[2026-05-28T20:26:01Z] [8/9] Activating LIVE_SEMI...
[2026-05-28T20:26:01Z] [PASS] LIVE_SEMI state activated
[2026-05-28T20:26:01Z] [9/9] Finalizing activation lineage...
[2026-05-28T20:26:02Z] [PASS] Activation lineage finalized
[2026-05-28T20:26:02Z] ==================================================
[2026-05-28T20:26:02Z] LIVE_SEMI ACTIVATION COMPLETED
[2026-05-28T20:26:02Z] ==================================================
[2026-05-28T20:26:02Z] [PASS] Account ACC_001 now operating in LIVE_SEMI
[2026-05-28T20:26:02Z] [PASS] Human approval required for all execution
[2026-05-28T20:26:02Z] [PASS] LIVE_AUTO remains disabled
[2026-05-28T20:26:22Z] ==================================================
[2026-05-28T20:26:22Z] LIVE_SEMI VALIDATION STARTED
[2026-05-28T20:26:22Z] ==================================================
[2026-05-28T20:26:22Z] [1/9] Validating LIVE_SEMI state...
[2026-05-28T20:26:22Z] [PASS] LIVE_SEMI state present
[2026-05-28T20:26:22Z] [2/9] Validating LIVE_SEMI enabled...
[2026-05-28T20:26:22Z] [PASS] LIVE_SEMI enabled
[2026-05-28T20:26:22Z] [3/9] Validating account mode...
[2026-05-28T20:26:22Z] [PASS] Account mode LIVE_SEMI validated
[2026-05-28T20:26:22Z] [4/9] Validating Stage 17 lineage...
[2026-05-28T20:26:22Z] [PASS] Stage 17 lineage validated
[2026-05-28T20:26:22Z] [5/9] Validating Stage 19 lineage...
[2026-05-28T20:26:22Z] [PASS] Stage 19 lineage validated
[2026-05-28T20:26:22Z] [6/9] Validating broker onboarding...
[2026-05-28T20:26:22Z] [PASS] Broker onboarding validated
[2026-05-28T20:26:23Z] [7/9] Validating human supervision...
[2026-05-28T20:26:23Z] [PASS] Human supervision enforced
[2026-05-28T20:26:23Z] [8/9] Validating LIVE_AUTO prohibition...
[2026-05-28T20:26:23Z] [PASS] LIVE_AUTO correctly disabled
[2026-05-28T20:26:23Z] [9/9] Validating audit lineage...
[2026-05-28T20:26:23Z] [PASS] Audit lineage generated
[2026-05-28T20:26:23Z] ==================================================
[2026-05-28T20:26:23Z] LIVE_SEMI VALIDATION PASSED
[2026-05-28T20:26:23Z] ==================================================
[2026-05-28T20:28:24Z] ==================================================
[2026-05-28T20:28:24Z] LIVE_SEMI ACTIVATION STARTED
[2026-05-28T20:28:24Z] ==================================================
[2026-05-28T20:28:24Z] [1/9] Validating semantic governance...
[2026-05-28T20:28:24Z] [FAIL] Semantic governance validation failed
[2026-05-28T20:28:34Z] ==================================================
[2026-05-28T20:28:34Z] LIVE_SEMI VALIDATION STARTED
[2026-05-28T20:28:34Z] ==================================================
[2026-05-28T20:28:34Z] [1/9] Validating LIVE_SEMI state...
[2026-05-28T20:28:34Z] [PASS] LIVE_SEMI state present
[2026-05-28T20:28:34Z] [2/9] Validating LIVE_SEMI enabled...
[2026-05-28T20:28:34Z] [PASS] LIVE_SEMI enabled
[2026-05-28T20:28:34Z] [3/9] Validating account mode...
[2026-05-28T20:28:34Z] [PASS] Account mode LIVE_SEMI validated
[2026-05-28T20:28:34Z] [4/9] Validating Stage 17 lineage...
[2026-05-28T20:28:34Z] [PASS] Stage 17 lineage validated
[2026-05-28T20:28:34Z] [5/9] Validating Stage 19 lineage...
[2026-05-28T20:28:34Z] [PASS] Stage 19 lineage validated
[2026-05-28T20:28:34Z] [6/9] Validating broker onboarding...
[2026-05-28T20:28:34Z] [PASS] Broker onboarding validated
[2026-05-28T20:28:34Z] [7/9] Validating human supervision...
[2026-05-28T20:28:34Z] [PASS] Human supervision enforced
[2026-05-28T20:28:34Z] [8/9] Validating LIVE_AUTO prohibition...
[2026-05-28T20:28:34Z] [PASS] LIVE_AUTO correctly disabled
[2026-05-28T20:28:34Z] [9/9] Validating audit lineage...
[2026-05-28T20:28:34Z] [PASS] Audit lineage generated
[2026-05-28T20:28:34Z] ==================================================
[2026-05-28T20:28:34Z] LIVE_SEMI VALIDATION PASSED
[2026-05-28T20:28:34Z] ==================================================
