[2026-05-28T19:26:47Z] ==================================================
[2026-05-28T19:26:47Z] STAGE 20 ORCHESTRATOR STARTED
[2026-05-28T19:26:47Z] ==================================================
[2026-05-28T19:26:47Z] [PASS] Stage 20 governance state validated
[2026-05-28T19:26:47Z] Validating semantic freeze governance...
[2026-05-28T19:26:47Z] [FAIL] Semantic governance validation failed
[2026-05-28T19:27:58Z] ==================================================
[2026-05-28T19:27:58Z] STAGE 20 ORCHESTRATOR STARTED
[2026-05-28T19:27:58Z] ==================================================
[2026-05-28T19:27:58Z] [PASS] Stage 20 governance state validated
[2026-05-28T19:27:58Z] Validating semantic freeze governance...
[2026-05-28T19:27:58Z] [PASS] Semantic governance certified
[2026-05-28T19:27:58Z] [PASS] All foundational checkpoints validated
[2026-05-28T19:27:58Z] [PASS] Stage 20 orchestration validated
[2026-05-28T19:27:58Z] ==================================================
[2026-05-28T19:27:58Z] STAGE 20 READY FOR BROKER ONBOARDING
[2026-05-28T19:27:58Z] ==================================================
[2026-05-28T19:29:03Z] ==================================================
[2026-05-28T19:29:03Z] STAGE 20 ORCHESTRATOR STARTED
[2026-05-28T19:29:03Z] ==================================================
[2026-05-28T19:29:03Z] [PASS] Stage 20 governance state validated
[2026-05-28T19:29:03Z] Validating semantic freeze governance...
[2026-05-28T19:29:03Z] [PASS] Semantic governance certified
[2026-05-28T19:29:03Z] [PASS] All foundational checkpoints validated
[2026-05-28T19:29:03Z] [PASS] Stage 20 orchestration validated
[2026-05-28T19:29:03Z] ==================================================
[2026-05-28T19:29:03Z] STAGE 20 READY FOR BROKER ONBOARDING
[2026-05-28T19:29:03Z] ==================================================
[MASTER_FLOW_UPDATE] Stage 20 canonical master-flow alignment initialized
[AUTHORITATIVE_STAGE_INDEX] Stage 20 lifecycle indexing canonicalized
[2026-05-28T19:49:57Z] ==================================================
[2026-05-28T19:49:57Z] STAGE 20 ORCHESTRATOR STARTED
[2026-05-28T19:49:57Z] ==================================================
[2026-05-28T19:49:57Z] [PASS] Stage 20 governance state validated
[2026-05-28T19:49:57Z] Validating semantic freeze governance...
[2026-05-28T19:49:57Z] [PASS] Semantic governance certified
[2026-05-28T19:49:57Z] [PASS] All foundational checkpoints validated
[2026-05-28T19:49:57Z] [PASS] Stage 20 orchestration validated
[2026-05-28T19:49:57Z] ==================================================
[2026-05-28T19:49:57Z] STAGE 20 READY FOR BROKER ONBOARDING
[2026-05-28T19:49:57Z] ==================================================
[2026-05-28T19:53:34Z] ==================================================
[2026-05-28T19:53:34Z] STAGE 20 ORCHESTRATOR STARTED
[2026-05-28T19:53:34Z] ==================================================
[2026-05-28T19:53:34Z] [PASS] Stage 20 governance state validated
[2026-05-28T19:53:34Z] Validating semantic freeze governance...
[2026-05-28T19:53:34Z] [PASS] Semantic governance certified
[2026-05-28T19:53:34Z] [PASS] All foundational checkpoints validated
[2026-05-28T19:53:34Z] [PASS] Stage 20 orchestration validated
[2026-05-28T19:53:34Z] ==================================================
[2026-05-28T19:53:34Z] STAGE 20 READY FOR BROKER ONBOARDING
[2026-05-28T19:53:34Z] ==================================================
[2026-05-28T20:24:45Z] ==================================================
[2026-05-28T20:24:45Z] STAGE 20 ORCHESTRATOR STARTED
[2026-05-28T20:24:45Z] ==================================================
[2026-05-28T20:24:45Z] [PASS] Stage 20 governance state validated
[2026-05-28T20:24:45Z] Validating semantic freeze governance...
[2026-05-28T20:24:45Z] [PASS] Semantic governance certified
[2026-05-28T20:24:45Z] [PASS] All foundational checkpoints validated
[2026-05-28T20:24:45Z] [PASS] Stage 20 orchestration validated
[2026-05-28T20:24:45Z] ==================================================
[2026-05-28T20:24:45Z] STAGE 20 READY FOR BROKER ONBOARDING
[2026-05-28T20:24:45Z] ==================================================
[2026-05-28T20:25:35Z] ==================================================
[2026-05-28T20:25:35Z] STAGE 20 ORCHESTRATOR STARTED
[2026-05-28T20:25:35Z] ==================================================
[2026-05-28T20:25:35Z] [PASS] Stage 20 governance state validated
[2026-05-28T20:25:35Z] Validating semantic freeze governance...
[2026-05-28T20:25:35Z] [PASS] Semantic governance certified
[2026-05-28T20:25:35Z] [PASS] All foundational checkpoints validated
[2026-05-28T20:25:35Z] [PASS] Stage 20 orchestration validated
[2026-05-28T20:25:35Z] ==================================================
[2026-05-28T20:25:35Z] STAGE 20 READY FOR BROKER ONBOARDING
[2026-05-28T20:25:35Z] ==================================================
[2026-05-28T20:54:08Z] ==================================================
[2026-05-28T20:54:08Z] STAGE 20 ORCHESTRATOR STARTED
[2026-05-28T20:54:08Z] ==================================================
[2026-05-28T20:54:08Z] [PASS] Stage 20 governance state validated
[2026-05-28T20:54:08Z] Validating semantic freeze governance...
[2026-05-28T20:54:08Z] [PASS] Semantic governance certified
[2026-05-28T20:54:08Z] [PASS] All foundational checkpoints validated
[2026-05-28T20:54:08Z] [PASS] Stage 20 orchestration validated
[2026-05-28T20:54:08Z] ==================================================
[2026-05-28T20:54:08Z] STAGE 20 READY FOR BROKER ONBOARDING
[2026-05-28T20:54:08Z] ==================================================
[2026-05-28T20:56:27Z] ==================================================
[2026-05-28T20:56:27Z] STAGE 20 ORCHESTRATOR STARTED
[2026-05-28T20:56:27Z] ==================================================
[2026-05-28T20:56:27Z] [PASS] Stage 20 governance state validated
[2026-05-28T20:56:27Z] Validating semantic freeze governance...
[2026-05-28T20:56:27Z] [PASS] Semantic governance certified
[2026-05-28T20:56:27Z] [PASS] All foundational checkpoints validated
[2026-05-28T20:56:27Z] [PASS] Stage 20 orchestration validated
[2026-05-28T20:56:27Z] ==================================================
[2026-05-28T20:56:27Z] STAGE 20 READY FOR BROKER ONBOARDING
[2026-05-28T20:56:27Z] ==================================================
[2026-05-28T20:58:52Z] ==================================================
[2026-05-28T20:58:52Z] STAGE 20 ORCHESTRATOR STARTED
[2026-05-28T20:58:52Z] ==================================================
[2026-05-28T20:58:52Z] [PASS] Stage 20 governance state validated
[2026-05-28T20:58:52Z] Validating semantic freeze governance...
[2026-05-28T20:58:52Z] [PASS] Semantic governance certified
[2026-05-28T20:58:52Z] [PASS] All foundational checkpoints validated
[2026-05-28T20:58:52Z] [PASS] Stage 20 orchestration validated
[2026-05-28T20:58:52Z] ==================================================
[2026-05-28T20:58:52Z] STAGE 20 READY FOR BROKER ONBOARDING
[2026-05-28T20:58:52Z] ==================================================
[2026-05-28T21:08:44Z] ==================================================
[2026-05-28T21:08:44Z] STAGE 20 ORCHESTRATOR STARTED
[2026-05-28T21:08:44Z] ==================================================
[2026-05-28T21:08:44Z] [PASS] Stage 20 governance state validated
[2026-05-28T21:08:44Z] Validating semantic freeze governance...
[2026-05-28T21:08:44Z] [PASS] Semantic governance certified
[2026-05-28T21:08:44Z] [PASS] All foundational checkpoints validated
[2026-05-28T21:08:44Z] [PASS] Stage 20 orchestration validated
[2026-05-28T21:08:44Z] ==================================================
[2026-05-28T21:08:44Z] STAGE 20 READY FOR BROKER ONBOARDING
[2026-05-28T21:08:44Z] ==================================================
[2026-05-28T21:11:20Z] ==================================================
[2026-05-28T21:11:20Z] STAGE 20 ORCHESTRATOR STARTED
[2026-05-28T21:11:20Z] ==================================================
[2026-05-28T21:11:20Z] [PASS] Stage 20 governance state validated
[2026-05-28T21:11:20Z] Validating semantic freeze governance...
[2026-05-28T21:11:20Z] [PASS] Semantic governance certified
[2026-05-28T21:11:20Z] [PASS] All foundational checkpoints validated
[2026-05-28T21:11:20Z] [PASS] Stage 20 orchestration validated
[2026-05-28T21:11:20Z] ==================================================
[2026-05-28T21:11:20Z] STAGE 20 READY FOR BROKER ONBOARDING
[2026-05-28T21:11:20Z] ==================================================
[2026-05-28T21:14:04Z] ==================================================
[2026-05-28T21:14:04Z] STAGE 20 ORCHESTRATOR STARTED
[2026-05-28T21:14:04Z] ==================================================
[2026-05-28T21:14:04Z] [PASS] Stage 20 governance state validated
[2026-05-28T21:14:04Z] Validating semantic freeze governance...
[2026-05-28T21:14:04Z] [PASS] Semantic governance certified
[2026-05-28T21:14:04Z] [PASS] All foundational checkpoints validated
[2026-05-28T21:14:04Z] [PASS] Stage 20 orchestration validated
[2026-05-28T21:14:04Z] ==================================================
[2026-05-28T21:14:04Z] STAGE 20 READY FOR BROKER ONBOARDING
[2026-05-28T21:14:04Z] ==================================================
[2026-05-28T21:19:58Z] ==================================================
[2026-05-28T21:19:58Z] STAGE 20 ORCHESTRATOR STARTED
[2026-05-28T21:19:58Z] ==================================================
[2026-05-28T21:19:58Z] [PASS] Stage 20 governance state validated
[2026-05-28T21:19:58Z] Validating semantic freeze governance...
[2026-05-28T21:19:58Z] [PASS] Semantic governance certified
[2026-05-28T21:19:58Z] [PASS] All foundational checkpoints validated
[2026-05-28T21:19:58Z] [PASS] Stage 20 orchestration validated
[2026-05-28T21:19:58Z] ==================================================
[2026-05-28T21:19:58Z] STAGE 20 READY FOR BROKER ONBOARDING
[2026-05-28T21:19:58Z] ==================================================
[2026-05-28T21:22:45Z] ==================================================
[2026-05-28T21:22:45Z] STAGE 20 ORCHESTRATOR STARTED
[2026-05-28T21:22:45Z] ==================================================
[2026-05-28T21:22:45Z] [PASS] Stage 20 governance state validated
[2026-05-28T21:22:45Z] Validating semantic freeze governance...
[2026-05-28T21:22:45Z] [PASS] Semantic governance certified
[2026-05-28T21:22:45Z] [PASS] All foundational checkpoints validated
[2026-05-28T21:22:45Z] [PASS] Stage 20 orchestration validated
[2026-05-28T21:22:45Z] ==================================================
[2026-05-28T21:22:45Z] STAGE 20 READY FOR BROKER ONBOARDING
[2026-05-28T21:22:45Z] ==================================================
