==================================================
STAGE-21 GOVERNANCE RECONCILIATION
==================================================
[INFO] Collecting cluster topology...
[INFO] Collecting namespace inventory...
[INFO] Collecting pod inventory...
[INFO] Collecting ingress exposure...
[INFO] Collecting service exposure...
[INFO] Collecting daemonsets...
[INFO] Collecting deployments...
[INFO] Collecting statefulsets...
[INFO] Collecting PVC inventory...
[INFO] Collecting storage classes...
[INFO] Collecting Kafka topology...
[INFO] Collecting Vault topology...
No resources found in vault namespace.
[INFO] Collecting Falco topology...
No resources found in falco namespace.
[INFO] Collecting PSA labels...
[INFO] Collecting exposed ports...
[INFO] Collecting firewall state...
[INFO] Collecting Harbor images...
No resources found in harbor namespace.
[INFO] Collecting ArgoCD applications...
error: the server doesn't have a resource type "applications"
[INFO] Collecting cert-manager inventory...
error: the server doesn't have a resource type "certificates"
[INFO] Reconciliation completed successfully.
