==================================================
STAGE-16 AUDIT
==================================================

[NAMESPACES]
execution         Active   3m5s
trading-infra     Active   2m59s

[DEPLOYMENTS]

[PODS]

[CONFIG FILES]
infrastructure/phases/stage-16-broker-connectivity/audit.sh
infrastructure/phases/stage-16-broker-connectivity/backup.sh
infrastructure/phases/stage-16-broker-connectivity/DEFERRED-HARDENING.md
infrastructure/phases/stage-16-broker-connectivity/EXECUTION-GOVERNANCE.md
infrastructure/phases/stage-16-broker-connectivity/GOVERNANCE-INDEX.md
infrastructure/phases/stage-16-broker-connectivity/inventory.sh
infrastructure/phases/stage-16-broker-connectivity/MOCK-GOVERNANCE.md
infrastructure/phases/stage-16-broker-connectivity/README.md
infrastructure/phases/stage-16-broker-connectivity/RECOVERY-GOVERNANCE.md
infrastructure/phases/stage-16-broker-connectivity/rollback.sh
infrastructure/phases/stage-16-broker-connectivity/SCOPE.md
infrastructure/phases/stage-16-broker-connectivity/SERVICE-BOUNDARIES.md
infrastructure/phases/stage-16-broker-connectivity/setup.sh
infrastructure/phases/stage-16-broker-connectivity/snapshot.sh
infrastructure/phases/stage-16-broker-connectivity/state.sh
infrastructure/phases/stage-16-broker-connectivity/TOPOLOGY-INVENTORY.md
infrastructure/phases/stage-16-broker-connectivity/validate-governance.sh
infrastructure/phases/stage-16-broker-connectivity/validate-scope.sh
infrastructure/phases/stage-16-broker-connectivity/validate.sh
infrastructure/phases/stage-16-broker-connectivity/validate-topology.sh

[COMPONENT TOPOLOGY]
infrastructure/components
infrastructure/components/argocd
infrastructure/components/broker-adapter
infrastructure/components/cert-manager
infrastructure/components/containerd
infrastructure/components/copy-trade-engine
infrastructure/components/docker
infrastructure/components/ems
infrastructure/components/execution
infrastructure/components/falco
infrastructure/components/fill-handler
infrastructure/components/helm
infrastructure/components/ingress
infrastructure/components/istio
infrastructure/components/kafka
infrastructure/components/keycloak
infrastructure/components/kong
infrastructure/components/kubectl
infrastructure/components/longhorn
infrastructure/components/metallb
infrastructure/components/network-policy
infrastructure/components/oms
infrastructure/components/pgbouncer
infrastructure/components/postgres
infrastructure/components/rbac
infrastructure/components/reconciliation
infrastructure/components/redis
infrastructure/components/registry
infrastructure/components/schema-registry
infrastructure/components/smart-order-router
infrastructure/components/_standards
infrastructure/components/terraform
infrastructure/components/timescaledb
infrastructure/components/vault
infrastructure/components/wireguard
