[2026-05-28T19:47:43Z] ==================================================
[2026-05-28T19:47:43Z] BROKER ONBOARDING STARTED
[2026-05-28T19:47:43Z] ==================================================
[2026-05-28T19:47:43Z] [1/9] Validating semantic governance...
[2026-05-28T19:47:43Z] [FAIL] Semantic governance validation failed
[2026-05-28T19:47:52Z] ==================================================
[2026-05-28T19:47:52Z] BROKER ONBOARDING VALIDATION STARTED
[2026-05-28T19:47:52Z] ==================================================
[2026-05-28T19:47:52Z] [1/7] Validating onboarding state...
[2026-05-28T19:47:52Z] [PASS] Broker onboarding state present
[2026-05-28T19:47:52Z] [2/7] Validating broker onboarding completion...
[2026-05-28T19:47:52Z] [FAIL] Broker onboarding incomplete
[2026-05-28T19:47:52Z] [3/7] Validating broker connectivity...
[2026-05-28T19:47:52Z] [FAIL] Broker connectivity failed
[2026-05-28T19:47:52Z] [4/7] Validating EMS heartbeat...
[2026-05-28T19:47:52Z] [FAIL] EMS heartbeat validation failed
[2026-05-28T19:47:52Z] [5/7] Validating live tick flow...
[2026-05-28T19:47:52Z] [FAIL] Live tick validation failed
[2026-05-28T19:47:52Z] [6/7] Validating synthetic execution probe...
[2026-05-28T19:47:52Z] [FAIL] Synthetic execution probe failed
[2026-05-28T19:47:52Z] [7/7] Validating execution constraints...
[2026-05-28T19:47:52Z] [FAIL] LIVE_AUTO improperly enabled
[2026-05-28T19:47:52Z] ==================================================
[2026-05-28T19:47:52Z] BROKER ONBOARDING VALIDATION FAILED
[2026-05-28T19:47:52Z] ==================================================
[2026-05-28T19:47:58Z] ==================================================
[2026-05-28T19:47:58Z] SYNTHETIC EXECUTION PROBE STARTED
[2026-05-28T19:47:58Z] ==================================================
[2026-05-28T19:47:58Z] [1/6] Validating broker onboarding state...
[2026-05-28T19:47:58Z] [PASS] Broker onboarding state present
[2026-05-28T19:47:58Z] [2/6] Validating broker connectivity...
[2026-05-28T19:47:58Z] [FAIL] Broker connectivity not established
[2026-05-28T19:49:56Z] ==================================================
[2026-05-28T19:49:56Z] BROKER ONBOARDING STARTED
[2026-05-28T19:49:56Z] ==================================================
[2026-05-28T19:49:56Z] [1/9] Validating semantic governance...
[2026-05-28T19:49:57Z] [PASS] Semantic governance validated
[2026-05-28T19:49:57Z] [2/9] Validating Stage 20 orchestrator...
[2026-05-28T19:49:57Z] [PASS] Stage 20 orchestrator validated
[2026-05-28T19:49:57Z] [3/9] Validating install-state gates...
[2026-05-28T19:49:57Z] [FAIL] Stage 17 gate not passed
[2026-05-28T19:50:14Z] ==================================================
[2026-05-28T19:50:14Z] BROKER ONBOARDING VALIDATION STARTED
[2026-05-28T19:50:14Z] ==================================================
[2026-05-28T19:50:14Z] [1/7] Validating onboarding state...
[2026-05-28T19:50:14Z] [PASS] Broker onboarding state present
[2026-05-28T19:50:14Z] [2/7] Validating broker onboarding completion...
[2026-05-28T19:50:14Z] [FAIL] Broker onboarding incomplete
[2026-05-28T19:50:14Z] [3/7] Validating broker connectivity...
[2026-05-28T19:50:14Z] [FAIL] Broker connectivity failed
[2026-05-28T19:50:14Z] [4/7] Validating EMS heartbeat...
[2026-05-28T19:50:14Z] [FAIL] EMS heartbeat validation failed
[2026-05-28T19:50:14Z] [5/7] Validating live tick flow...
[2026-05-28T19:50:14Z] [FAIL] Live tick validation failed
[2026-05-28T19:50:14Z] [6/7] Validating synthetic execution probe...
[2026-05-28T19:50:14Z] [FAIL] Synthetic execution probe failed
[2026-05-28T19:50:14Z] [7/7] Validating execution constraints...
[2026-05-28T19:50:14Z] [FAIL] LIVE_AUTO improperly enabled
[2026-05-28T19:50:14Z] ==================================================
[2026-05-28T19:50:14Z] BROKER ONBOARDING VALIDATION FAILED
[2026-05-28T19:50:14Z] ==================================================
[2026-05-28T19:50:22Z] ==================================================
[2026-05-28T19:50:22Z] SYNTHETIC EXECUTION PROBE STARTED
[2026-05-28T19:50:22Z] ==================================================
[2026-05-28T19:50:22Z] [1/6] Validating broker onboarding state...
[2026-05-28T19:50:22Z] [PASS] Broker onboarding state present
[2026-05-28T19:50:22Z] [2/6] Validating broker connectivity...
[2026-05-28T19:50:22Z] [FAIL] Broker connectivity not established
[2026-05-28T19:53:34Z] ==================================================
[2026-05-28T19:53:34Z] BROKER ONBOARDING STARTED
[2026-05-28T19:53:34Z] ==================================================
[2026-05-28T19:53:34Z] [1/9] Validating semantic governance...
[2026-05-28T19:53:34Z] [PASS] Semantic governance validated
[2026-05-28T19:53:34Z] [2/9] Validating Stage 20 orchestrator...
[2026-05-28T19:53:34Z] [PASS] Stage 20 orchestrator validated
[2026-05-28T19:53:34Z] [3/9] Validating install-state gates...
[2026-05-28T19:53:34Z] [PASS] Install-state gates validated
[2026-05-28T19:53:34Z] [4/9] Broker selection...
[2026-05-28T19:53:34Z] [5/9] Secure credential onboarding...
[2026-05-28T19:53:40Z] [PASS] Vault onboarding confirmed
[2026-05-28T19:53:40Z] [6/9] Activating broker connectivity...
[2026-05-28T19:53:40Z] [PASS] Broker activation configuration written
[2026-05-28T19:53:40Z] [7/9] EMS heartbeat validation...
[2026-05-28T19:53:42Z] [PASS] EMS heartbeat validation simulated
[2026-05-28T19:53:42Z] [8/9] Live tick validation...
[2026-05-28T19:53:44Z] [PASS] Live tick validation simulated
[2026-05-28T19:53:44Z] [9/9] Synthetic execution probe...
[2026-05-28T19:53:46Z] [PASS] Synthetic execution probe simulated
[2026-05-28T19:53:46Z] ==================================================
[2026-05-28T19:53:46Z] BROKER ONBOARDING COMPLETED
[2026-05-28T19:53:46Z] ==================================================
[2026-05-28T19:53:46Z] [PASS] Broker connectivity established safely
[2026-05-28T19:53:46Z] [PASS] LIVE_AUTO remains disabled
[2026-05-28T19:53:46Z] [PASS] Platform remains governance-controlled
[2026-05-28T19:54:01Z] ==================================================
[2026-05-28T19:54:01Z] BROKER ONBOARDING VALIDATION STARTED
[2026-05-28T19:54:01Z] ==================================================
[2026-05-28T19:54:01Z] [1/7] Validating onboarding state...
[2026-05-28T19:54:01Z] [PASS] Broker onboarding state present
[2026-05-28T19:54:01Z] [2/7] Validating broker onboarding completion...
[2026-05-28T19:54:01Z] [PASS] Broker onboarding completed
[2026-05-28T19:54:01Z] [3/7] Validating broker connectivity...
[2026-05-28T19:54:01Z] [PASS] Broker connectivity validated
[2026-05-28T19:54:01Z] [4/7] Validating EMS heartbeat...
[2026-05-28T19:54:01Z] [PASS] EMS heartbeat validated
[2026-05-28T19:54:01Z] [5/7] Validating live tick flow...
[2026-05-28T19:54:01Z] [PASS] Live tick validation passed
[2026-05-28T19:54:01Z] [6/7] Validating synthetic execution probe...
[2026-05-28T19:54:01Z] [PASS] Synthetic execution probe passed
[2026-05-28T19:54:01Z] [7/7] Validating execution constraints...
[2026-05-28T19:54:01Z] [PASS] LIVE_AUTO correctly disabled
[2026-05-28T19:54:01Z] ==================================================
[2026-05-28T19:54:01Z] BROKER ONBOARDING VALIDATION PASSED
[2026-05-28T19:54:01Z] ==================================================
[2026-05-28T19:54:18Z] ==================================================
[2026-05-28T19:54:18Z] SYNTHETIC EXECUTION PROBE STARTED
[2026-05-28T19:54:18Z] ==================================================
[2026-05-28T19:54:18Z] [1/6] Validating broker onboarding state...
[2026-05-28T19:54:18Z] [PASS] Broker onboarding state present
[2026-05-28T19:54:18Z] [2/6] Validating broker connectivity...
[2026-05-28T19:54:18Z] [PASS] Broker connectivity validated
[2026-05-28T19:54:18Z] [3/6] Validating EMS heartbeat...
[2026-05-28T19:54:18Z] [PASS] EMS heartbeat validated
[2026-05-28T19:54:18Z] [4/6] Simulating synthetic order path...
[2026-05-28T19:54:20Z] [PASS] Synthetic routing simulation completed
[2026-05-28T19:54:20Z] [5/6] Validating execution constraints...
[2026-05-28T19:54:20Z] [PASS] Execution constraints enforced
[2026-05-28T19:54:20Z] [6/6] Finalizing synthetic probe...
[2026-05-28T19:54:21Z] [PASS] Synthetic probe finalized
[2026-05-28T19:54:21Z] ==================================================
[2026-05-28T19:54:21Z] SYNTHETIC EXECUTION PROBE PASSED
[2026-05-28T19:54:21Z] ==================================================
[2026-05-28T19:54:21Z] [PASS] Execution-path reachability validated
[2026-05-28T19:54:21Z] [PASS] No real execution performed
[2026-05-28T19:54:21Z] [PASS] Governance constraints preserved
[2026-05-28T19:57:00Z] ==================================================
[2026-05-28T19:57:00Z] BROKER ONBOARDING VALIDATION STARTED
[2026-05-28T19:57:00Z] ==================================================
[2026-05-28T19:57:00Z] [1/7] Validating onboarding state...
[2026-05-28T19:57:00Z] [PASS] Broker onboarding state present
[2026-05-28T19:57:00Z] [2/7] Validating broker onboarding completion...
[2026-05-28T19:57:00Z] [PASS] Broker onboarding completed
[2026-05-28T19:57:00Z] [3/7] Validating broker connectivity...
[2026-05-28T19:57:01Z] [PASS] Broker connectivity validated
[2026-05-28T19:57:01Z] [4/7] Validating EMS heartbeat...
[2026-05-28T19:57:01Z] [PASS] EMS heartbeat validated
[2026-05-28T19:57:01Z] [5/7] Validating live tick flow...
[2026-05-28T19:57:01Z] [PASS] Live tick validation passed
[2026-05-28T19:57:01Z] [6/7] Validating synthetic execution probe...
[2026-05-28T19:57:01Z] [PASS] Synthetic execution probe passed
[2026-05-28T19:57:01Z] [7/7] Validating execution constraints...
[2026-05-28T19:57:01Z] [PASS] LIVE_AUTO correctly disabled
[2026-05-28T19:57:01Z] ==================================================
[2026-05-28T19:57:01Z] BROKER ONBOARDING VALIDATION PASSED
[2026-05-28T19:57:01Z] ==================================================
[2026-05-28T19:57:13Z] ==================================================
[2026-05-28T19:57:13Z] SYNTHETIC EXECUTION PROBE STARTED
[2026-05-28T19:57:13Z] ==================================================
[2026-05-28T19:57:13Z] [1/6] Validating broker onboarding state...
[2026-05-28T19:57:13Z] [PASS] Broker onboarding state present
[2026-05-28T19:57:13Z] [2/6] Validating broker connectivity...
[2026-05-28T19:57:13Z] [PASS] Broker connectivity validated
[2026-05-28T19:57:13Z] [3/6] Validating EMS heartbeat...
[2026-05-28T19:57:13Z] [PASS] EMS heartbeat validated
[2026-05-28T19:57:13Z] [4/6] Simulating synthetic order path...
[2026-05-28T19:57:15Z] [PASS] Synthetic routing simulation completed
[2026-05-28T19:57:15Z] [5/6] Validating execution constraints...
[2026-05-28T19:57:15Z] [PASS] Execution constraints enforced
[2026-05-28T19:57:15Z] [6/6] Finalizing synthetic probe...
[2026-05-28T19:57:16Z] [PASS] Synthetic probe finalized
[2026-05-28T19:57:16Z] ==================================================
[2026-05-28T19:57:16Z] SYNTHETIC EXECUTION PROBE PASSED
[2026-05-28T19:57:16Z] ==================================================
[2026-05-28T19:57:16Z] [PASS] Execution-path reachability validated
[2026-05-28T19:57:16Z] [PASS] No real execution performed
[2026-05-28T19:57:16Z] [PASS] Governance constraints preserved
[2026-05-28T20:22:41Z] ==================================================
[2026-05-28T20:22:41Z] BROKER ONBOARDING VALIDATION STARTED
[2026-05-28T20:22:41Z] ==================================================
[2026-05-28T20:22:41Z] [1/7] Validating onboarding state...
[2026-05-28T20:22:41Z] [PASS] Broker onboarding state present
[2026-05-28T20:22:41Z] [2/7] Validating broker onboarding completion...
[2026-05-28T20:22:41Z] [PASS] Broker onboarding completed
[2026-05-28T20:22:41Z] [3/7] Validating broker connectivity...
[2026-05-28T20:22:41Z] [PASS] Broker connectivity validated
[2026-05-28T20:22:41Z] [4/7] Validating EMS heartbeat...
[2026-05-28T20:22:41Z] [PASS] EMS heartbeat validated
[2026-05-28T20:22:41Z] [5/7] Validating live tick flow...
[2026-05-28T20:22:41Z] [PASS] Live tick validation passed
[2026-05-28T20:22:41Z] [6/7] Validating synthetic execution probe...
[2026-05-28T20:22:41Z] [PASS] Synthetic execution probe passed
[2026-05-28T20:22:41Z] [7/7] Validating execution constraints...
[2026-05-28T20:22:41Z] [PASS] LIVE_AUTO correctly disabled
[2026-05-28T20:22:41Z] ==================================================
[2026-05-28T20:22:41Z] BROKER ONBOARDING VALIDATION PASSED
[2026-05-28T20:22:41Z] ==================================================
[2026-05-28T20:24:45Z] ==================================================
[2026-05-28T20:24:45Z] BROKER ONBOARDING VALIDATION STARTED
[2026-05-28T20:24:45Z] ==================================================
[2026-05-28T20:24:45Z] [1/7] Validating onboarding state...
[2026-05-28T20:24:45Z] [PASS] Broker onboarding state present
[2026-05-28T20:24:45Z] [2/7] Validating broker onboarding completion...
[2026-05-28T20:24:45Z] [PASS] Broker onboarding completed
[2026-05-28T20:24:45Z] [3/7] Validating broker connectivity...
[2026-05-28T20:24:45Z] [PASS] Broker connectivity validated
[2026-05-28T20:24:45Z] [4/7] Validating EMS heartbeat...
[2026-05-28T20:24:45Z] [PASS] EMS heartbeat validated
[2026-05-28T20:24:45Z] [5/7] Validating live tick flow...
[2026-05-28T20:24:45Z] [PASS] Live tick validation passed
[2026-05-28T20:24:45Z] [6/7] Validating synthetic execution probe...
[2026-05-28T20:24:45Z] [PASS] Synthetic execution probe passed
[2026-05-28T20:24:45Z] [7/7] Validating execution constraints...
[2026-05-28T20:24:45Z] [PASS] LIVE_AUTO correctly disabled
[2026-05-28T20:24:45Z] ==================================================
[2026-05-28T20:24:45Z] BROKER ONBOARDING VALIDATION PASSED
[2026-05-28T20:24:45Z] ==================================================
[2026-05-28T20:25:35Z] ==================================================
[2026-05-28T20:25:35Z] BROKER ONBOARDING VALIDATION STARTED
[2026-05-28T20:25:35Z] ==================================================
[2026-05-28T20:25:35Z] [1/7] Validating onboarding state...
[2026-05-28T20:25:35Z] [PASS] Broker onboarding state present
[2026-05-28T20:25:35Z] [2/7] Validating broker onboarding completion...
[2026-05-28T20:25:35Z] [PASS] Broker onboarding completed
[2026-05-28T20:25:35Z] [3/7] Validating broker connectivity...
[2026-05-28T20:25:35Z] [PASS] Broker connectivity validated
[2026-05-28T20:25:35Z] [4/7] Validating EMS heartbeat...
[2026-05-28T20:25:35Z] [PASS] EMS heartbeat validated
[2026-05-28T20:25:35Z] [5/7] Validating live tick flow...
[2026-05-28T20:25:35Z] [PASS] Live tick validation passed
[2026-05-28T20:25:35Z] [6/7] Validating synthetic execution probe...
[2026-05-28T20:25:35Z] [PASS] Synthetic execution probe passed
[2026-05-28T20:25:35Z] [7/7] Validating execution constraints...
[2026-05-28T20:25:35Z] [PASS] LIVE_AUTO correctly disabled
[2026-05-28T20:25:35Z] ==================================================
[2026-05-28T20:25:35Z] BROKER ONBOARDING VALIDATION PASSED
[2026-05-28T20:25:35Z] ==================================================
[2026-05-28T20:26:22Z] ==================================================
[2026-05-28T20:26:22Z] BROKER ONBOARDING VALIDATION STARTED
[2026-05-28T20:26:22Z] ==================================================
[2026-05-28T20:26:22Z] [1/7] Validating onboarding state...
[2026-05-28T20:26:22Z] [PASS] Broker onboarding state present
[2026-05-28T20:26:22Z] [2/7] Validating broker onboarding completion...
[2026-05-28T20:26:22Z] [PASS] Broker onboarding completed
[2026-05-28T20:26:22Z] [3/7] Validating broker connectivity...
[2026-05-28T20:26:22Z] [PASS] Broker connectivity validated
[2026-05-28T20:26:22Z] [4/7] Validating EMS heartbeat...
[2026-05-28T20:26:22Z] [PASS] EMS heartbeat validated
[2026-05-28T20:26:22Z] [5/7] Validating live tick flow...
[2026-05-28T20:26:22Z] [PASS] Live tick validation passed
[2026-05-28T20:26:22Z] [6/7] Validating synthetic execution probe...
[2026-05-28T20:26:22Z] [PASS] Synthetic execution probe passed
[2026-05-28T20:26:22Z] [7/7] Validating execution constraints...
[2026-05-28T20:26:22Z] [PASS] LIVE_AUTO correctly disabled
[2026-05-28T20:26:22Z] ==================================================
[2026-05-28T20:26:22Z] BROKER ONBOARDING VALIDATION PASSED
[2026-05-28T20:26:22Z] ==================================================
[2026-05-28T20:28:34Z] ==================================================
[2026-05-28T20:28:34Z] BROKER ONBOARDING VALIDATION STARTED
[2026-05-28T20:28:34Z] ==================================================
[2026-05-28T20:28:34Z] [1/7] Validating onboarding state...
[2026-05-28T20:28:34Z] [PASS] Broker onboarding state present
[2026-05-28T20:28:34Z] [2/7] Validating broker onboarding completion...
[2026-05-28T20:28:34Z] [PASS] Broker onboarding completed
[2026-05-28T20:28:34Z] [3/7] Validating broker connectivity...
[2026-05-28T20:28:34Z] [PASS] Broker connectivity validated
[2026-05-28T20:28:34Z] [4/7] Validating EMS heartbeat...
[2026-05-28T20:28:34Z] [PASS] EMS heartbeat validated
[2026-05-28T20:28:34Z] [5/7] Validating live tick flow...
[2026-05-28T20:28:34Z] [PASS] Live tick validation passed
[2026-05-28T20:28:34Z] [6/7] Validating synthetic execution probe...
[2026-05-28T20:28:34Z] [PASS] Synthetic execution probe passed
[2026-05-28T20:28:34Z] [7/7] Validating execution constraints...
[2026-05-28T20:28:34Z] [PASS] LIVE_AUTO correctly disabled
[2026-05-28T20:28:34Z] ==================================================
[2026-05-28T20:28:34Z] BROKER ONBOARDING VALIDATION PASSED
[2026-05-28T20:28:34Z] ==================================================
