metaPropertiesEnsemble=MetaPropertiesEnsemble(metadataLogDir=Optional.empty, dirs={/var/lib/kafka/data/logs: MetaProperties(version=1, clusterId=MkU3OEVBNTcwNTJENDM2Qk, nodeId=0, directoryId=wMy22utBrLK9FU8Xi6N7Vw)})
All of the log directories are already formatted.
[2026-05-31 16:23:57,653] INFO Registered kafka:type=kafka.Log4jController MBean (kafka.utils.Log4jControllerRegistration$)
[2026-05-31 16:23:58,240] INFO Setting -D jdk.tls.rejectClientInitiatedRenegotiation=true to disable client-initiated TLS renegotiation (org.apache.zookeeper.common.X509Util)
[2026-05-31 16:23:58,565] INFO Registered signal handlers for TERM, INT, HUP (org.apache.kafka.common.utils.LoggingSignalHandler)
[2026-05-31 16:23:58,622] INFO [ControllerServer id=0] Starting controller (kafka.server.ControllerServer)
[2026-05-31 16:23:59,327] INFO Updated connection-accept-rate max connection creation rate to 2147483647 (kafka.network.ConnectionQuotas)
[2026-05-31 16:23:59,365] INFO [SocketServer listenerType=CONTROLLER, nodeId=0] Created data-plane acceptor and processors for endpoint : ListenerName(CONTROLLER) (kafka.network.SocketServer)
[2026-05-31 16:23:59,372] INFO authorizerStart completed for endpoint CONTROLLER. Endpoint is now READY. (org.apache.kafka.server.network.EndpointReadyFutures)
[2026-05-31 16:23:59,373] INFO [SharedServer id=0] Starting SharedServer (kafka.server.SharedServer)
[2026-05-31 16:23:59,535] INFO [LogLoader partition=__cluster_metadata-0, dir=/var/lib/kafka/data/logs] Recovering unflushed segment 0. 0/1 recovered for __cluster_metadata-0. (kafka.log.LogLoader)
[2026-05-31 16:23:59,539] INFO [LogLoader partition=__cluster_metadata-0, dir=/var/lib/kafka/data/logs] Loading producer state till offset 0 with message format version 2 (kafka.log.UnifiedLog$)
[2026-05-31 16:23:59,540] INFO [LogLoader partition=__cluster_metadata-0, dir=/var/lib/kafka/data/logs] Reloading from producer snapshot and rebuilding producer state from offset 0 (kafka.log.UnifiedLog$)
[2026-05-31 16:23:59,541] INFO Deleted producer state snapshot /var/lib/kafka/data/logs/__cluster_metadata-0/00000000000000351208.snapshot (org.apache.kafka.storage.internals.log.SnapshotFile)
[2026-05-31 16:23:59,541] INFO Deleted producer state snapshot /var/lib/kafka/data/logs/__cluster_metadata-0/00000000000000351211.snapshot (org.apache.kafka.storage.internals.log.SnapshotFile)
[2026-05-31 16:23:59,541] INFO [LogLoader partition=__cluster_metadata-0, dir=/var/lib/kafka/data/logs] Producer state recovery took 1ms for snapshot load and 0ms for segment recovery from offset 0 (kafka.log.UnifiedLog$)
[2026-05-31 16:24:01,218] INFO [ProducerStateManager partition=__cluster_metadata-0] Wrote producer snapshot at offset 351211 with 0 producer ids in 9 ms. (org.apache.kafka.storage.internals.log.ProducerStateManager)
[2026-05-31 16:24:01,230] INFO [LogLoader partition=__cluster_metadata-0, dir=/var/lib/kafka/data/logs] Loading producer state till offset 351211 with message format version 2 (kafka.log.UnifiedLog$)
[2026-05-31 16:24:01,230] INFO [LogLoader partition=__cluster_metadata-0, dir=/var/lib/kafka/data/logs] Reloading from producer snapshot and rebuilding producer state from offset 351211 (kafka.log.UnifiedLog$)
[2026-05-31 16:24:01,230] INFO [ProducerStateManager partition=__cluster_metadata-0] Loading producer state from snapshot file 'SnapshotFile(offset=351211, file=/var/lib/kafka/data/logs/__cluster_metadata-0/00000000000000351211.snapshot)' (org.apache.kafka.storage.internals.log.ProducerStateManager)
[2026-05-31 16:24:01,232] INFO [LogLoader partition=__cluster_metadata-0, dir=/var/lib/kafka/data/logs] Producer state recovery took 2ms for snapshot load and 0ms for segment recovery from offset 351211 (kafka.log.UnifiedLog$)
[2026-05-31 16:24:01,262] INFO Initialized snapshots with IDs SortedSet(OffsetAndEpoch(offset=8725, epoch=3), OffsetAndEpoch(offset=20311, epoch=4), OffsetAndEpoch(offset=27508, epoch=4), OffsetAndEpoch(offset=34781, epoch=4), OffsetAndEpoch(offset=41979, epoch=4), OffsetAndEpoch(offset=49254, epoch=4), OffsetAndEpoch(offset=56454, epoch=4), OffsetAndEpoch(offset=63652, epoch=4), OffsetAndEpoch(offset=70850, epoch=4), OffsetAndEpoch(offset=78048, epoch=4), OffsetAndEpoch(offset=85215, epoch=4), OffsetAndEpoch(offset=92412, epoch=4), OffsetAndEpoch(offset=99609, epoch=4), OffsetAndEpoch(offset=106806, epoch=4), OffsetAndEpoch(offset=114004, epoch=4), OffsetAndEpoch(offset=121197, epoch=4), OffsetAndEpoch(offset=128394, epoch=4), OffsetAndEpoch(offset=135584, epoch=4), OffsetAndEpoch(offset=142811, epoch=4), OffsetAndEpoch(offset=149994, epoch=4), OffsetAndEpoch(offset=157192, epoch=4), OffsetAndEpoch(offset=164390, epoch=4), OffsetAndEpoch(offset=171588, epoch=4), OffsetAndEpoch(offset=178786, epoch=4), OffsetAndEpoch(offset=185984, epoch=4), OffsetAndEpoch(offset=193164, epoch=4), OffsetAndEpoch(offset=200347, epoch=4), OffsetAndEpoch(offset=207545, epoch=4), OffsetAndEpoch(offset=214739, epoch=4), OffsetAndEpoch(offset=222013, epoch=4), OffsetAndEpoch(offset=229350, epoch=4), OffsetAndEpoch(offset=236546, epoch=4), OffsetAndEpoch(offset=243744, epoch=4), OffsetAndEpoch(offset=251023, epoch=4), OffsetAndEpoch(offset=258221, epoch=4), OffsetAndEpoch(offset=265419, epoch=4), OffsetAndEpoch(offset=272617, epoch=4), OffsetAndEpoch(offset=279815, epoch=4), OffsetAndEpoch(offset=287143, epoch=4), OffsetAndEpoch(offset=294340, epoch=4), OffsetAndEpoch(offset=301539, epoch=4), OffsetAndEpoch(offset=308733, epoch=4), OffsetAndEpoch(offset=324006, epoch=16), OffsetAndEpoch(offset=331203, epoch=16), OffsetAndEpoch(offset=338398, epoch=16), OffsetAndEpoch(offset=345596, epoch=16)) from /var/lib/kafka/data/logs/__cluster_metadata-0 (kafka.raft.KafkaMetadataLog$)
[2026-05-31 16:24:01,275] INFO [raft-expiration-reaper]: Starting (kafka.raft.TimingWheelExpirationService$ExpiredOperationReaper)
[2026-05-31 16:24:01,497] INFO [RaftManager id=0] Completed transition to ResignedState(localId=0, epoch=188, voters=[0], electionTimeoutMs=1012, unackedVoters=[], preferredSuccessors=[]) from null (org.apache.kafka.raft.QuorumState)
[2026-05-31 16:24:01,518] INFO [RaftManager id=0] Completed transition to CandidateState(localId=0, epoch=189, retries=1, voteStates={0=GRANTED}, highWatermark=Optional.empty, electionTimeoutMs=1855) from ResignedState(localId=0, epoch=188, voters=[0], electionTimeoutMs=1012, unackedVoters=[], preferredSuccessors=[]) (org.apache.kafka.raft.QuorumState)
[2026-05-31 16:24:01,531] INFO [RaftManager id=0] Completed transition to Leader(localId=0, epoch=189, epochStartOffset=351211, highWatermark=Optional.empty, voterStates={0=ReplicaState(nodeId=0, endOffset=Optional.empty, lastFetchTimestamp=-1, lastCaughtUpTimestamp=-1, hasAcknowledgedLeader=true)}) from CandidateState(localId=0, epoch=189, retries=1, voteStates={0=GRANTED}, highWatermark=Optional.empty, electionTimeoutMs=1855) (org.apache.kafka.raft.QuorumState)
[2026-05-31 16:24:01,557] INFO [kafka-0-raft-outbound-request-thread]: Starting (org.apache.kafka.raft.KafkaNetworkChannel$SendThread)
[2026-05-31 16:24:01,559] INFO [kafka-0-raft-io-thread]: Starting (kafka.raft.KafkaRaftManager$RaftIoThread)
[2026-05-31 16:24:01,574] INFO [RaftManager id=0] High watermark set to LogOffsetMetadata(offset=351212, metadata=Optional[(segmentBaseOffset=0,relativePositionInSegment=25230133)]) for the first time for epoch 189 based on indexOfHw 0 and voters [ReplicaState(nodeId=0, endOffset=Optional[LogOffsetMetadata(offset=351212, metadata=Optional[(segmentBaseOffset=0,relativePositionInSegment=25230133)])], lastFetchTimestamp=-1, lastCaughtUpTimestamp=-1, hasAcknowledgedLeader=true)] (org.apache.kafka.raft.LeaderState)
[2026-05-31 16:24:01,576] INFO [MetadataLoader id=0] initializeNewPublishers: The loader is still catching up because we have loaded up to offset -1, but the high water mark is 351212 (org.apache.kafka.image.loader.MetadataLoader)
[2026-05-31 16:24:01,578] INFO [ControllerServer id=0] Waiting for controller quorum voters future (kafka.server.ControllerServer)
[2026-05-31 16:24:01,578] INFO [ControllerServer id=0] Finished waiting for controller quorum voters future (kafka.server.ControllerServer)
[2026-05-31 16:24:01,629] INFO [RaftManager id=0] Registered the listener org.apache.kafka.image.loader.MetadataLoader@1030508333 (org.apache.kafka.raft.KafkaRaftClient)
[2026-05-31 16:24:01,635] INFO [MetadataLoader id=0] handleLoadSnapshot(00000000000000345596-0000000016): incrementing HandleLoadSnapshotCount to 1. (org.apache.kafka.image.loader.MetadataLoader)
[2026-05-31 16:24:01,643] INFO [RaftManager id=0] Registered the listener org.apache.kafka.controller.QuorumController$QuorumMetaLogListener@625595112 (org.apache.kafka.raft.KafkaRaftClient)
[2026-05-31 16:24:01,656] INFO [controller-0-ThrottledChannelReaper-Fetch]: Starting (kafka.server.ClientQuotaManager$ThrottledChannelReaper)
[2026-05-31 16:24:01,658] INFO [controller-0-ThrottledChannelReaper-Produce]: Starting (kafka.server.ClientQuotaManager$ThrottledChannelReaper)
[2026-05-31 16:24:01,662] INFO [controller-0-ThrottledChannelReaper-Request]: Starting (kafka.server.ClientQuotaManager$ThrottledChannelReaper)
[2026-05-31 16:24:01,721] INFO [controller-0-ThrottledChannelReaper-ControllerMutation]: Starting (kafka.server.ClientQuotaManager$ThrottledChannelReaper)
[2026-05-31 16:24:01,729] INFO [MetadataLoader id=0] handleLoadSnapshot(00000000000000345596-0000000016): generated a metadata delta between offset -1 and this snapshot in 93881 us. (org.apache.kafka.image.loader.MetadataLoader)
[2026-05-31 16:24:01,731] INFO [MetadataLoader id=0] maybePublishMetadata(SNAPSHOT): The loader is still catching up because we have loaded up to offset 345595, but the high water mark is 351212 (org.apache.kafka.image.loader.MetadataLoader)
[2026-05-31 16:24:01,731] INFO [MetadataLoader id=0] initializeNewPublishers: The loader is still catching up because we have loaded up to offset 345595, but the high water mark is 351212 (org.apache.kafka.image.loader.MetadataLoader)
[2026-05-31 16:24:01,822] INFO [ExpirationReaper-0-AlterAcls]: Starting (kafka.server.DelayedOperationPurgatory$ExpiredOperationReaper)
[2026-05-31 16:24:02,037] INFO [ControllerServer id=0] Waiting for the controller metadata publishers to be installed (kafka.server.ControllerServer)
[2026-05-31 16:24:02,328] INFO [MetadataLoader id=0] maybePublishMetadata(LOG_DELTA): The loader finished catching up to the current high water mark of 351212 (org.apache.kafka.image.loader.MetadataLoader)
[2026-05-31 16:24:02,332] INFO [MetadataLoader id=0] InitializeNewPublishers: initializing SnapshotGenerator with a snapshot at offset 351211 (org.apache.kafka.image.loader.MetadataLoader)
[2026-05-31 16:24:02,333] INFO [ControllerServer id=0] Finished waiting for the controller metadata publishers to be installed (kafka.server.ControllerServer)
[2026-05-31 16:24:02,334] INFO [SocketServer listenerType=CONTROLLER, nodeId=0] Enabling request processing. (kafka.network.SocketServer)
[2026-05-31 16:24:02,338] INFO [MetadataLoader id=0] InitializeNewPublishers: initializing KRaftMetadataCachePublisher with a snapshot at offset 351211 (org.apache.kafka.image.loader.MetadataLoader)
[2026-05-31 16:24:02,339] INFO [MetadataLoader id=0] InitializeNewPublishers: initializing FeaturesPublisher with a snapshot at offset 351211 (org.apache.kafka.image.loader.MetadataLoader)
[2026-05-31 16:24:02,339] INFO Awaiting socket connections on 0.0.0.0:9093. (kafka.network.DataPlaneAcceptor)
[2026-05-31 16:24:02,340] INFO [ControllerServer id=0] Loaded new metadata Features(version=3.7-IV4, finalizedFeatures={metadata.version=19}, finalizedFeaturesEpoch=351211). (org.apache.kafka.metadata.publisher.FeaturesPublisher)
[2026-05-31 16:24:02,340] INFO [MetadataLoader id=0] InitializeNewPublishers: initializing ControllerRegistrationsPublisher with a snapshot at offset 351211 (org.apache.kafka.image.loader.MetadataLoader)
[2026-05-31 16:24:02,340] INFO [MetadataLoader id=0] InitializeNewPublishers: initializing ControllerRegistrationManager with a snapshot at offset 351211 (org.apache.kafka.image.loader.MetadataLoader)
[2026-05-31 16:24:02,341] INFO [MetadataLoader id=0] InitializeNewPublishers: initializing DynamicConfigPublisher controller id=0 with a snapshot at offset 351211 (org.apache.kafka.image.loader.MetadataLoader)
[2026-05-31 16:24:02,342] INFO [ControllerRegistrationManager id=0 incarnation=MWxNGrctT6yABcUqhEIuBQ] Found registration for RYiXVSa5RfaBnDjhOfuQrw instead of our incarnation. (kafka.server.ControllerRegistrationManager)
[2026-05-31 16:24:02,343] INFO [MetadataLoader id=0] InitializeNewPublishers: initializing DynamicClientQuotaPublisher controller id=0 with a snapshot at offset 351211 (org.apache.kafka.image.loader.MetadataLoader)
[2026-05-31 16:24:02,343] INFO [MetadataLoader id=0] InitializeNewPublishers: initializing ScramPublisher controller id=0 with a snapshot at offset 351211 (org.apache.kafka.image.loader.MetadataLoader)
[2026-05-31 16:24:02,345] INFO [MetadataLoader id=0] InitializeNewPublishers: initializing DelegationTokenPublisher controller id=0 with a snapshot at offset 351211 (org.apache.kafka.image.loader.MetadataLoader)
[2026-05-31 16:24:02,347] INFO [MetadataLoader id=0] InitializeNewPublishers: initializing ControllerMetadataMetricsPublisher with a snapshot at offset 351211 (org.apache.kafka.image.loader.MetadataLoader)
[2026-05-31 16:24:02,347] INFO [MetadataLoader id=0] InitializeNewPublishers: initializing AclPublisher controller id=0 with a snapshot at offset 351211 (org.apache.kafka.image.loader.MetadataLoader)
[2026-05-31 16:24:02,432] INFO [ControllerRegistrationManager id=0 incarnation=MWxNGrctT6yABcUqhEIuBQ] initialized channel manager. (kafka.server.ControllerRegistrationManager)
[2026-05-31 16:24:02,433] INFO [controller-0-to-controller-registration-channel-manager]: Starting (kafka.server.NodeToControllerRequestThread)
[2026-05-31 16:24:02,433] INFO [ControllerServer id=0] Waiting for all of the authorizer futures to be completed (kafka.server.ControllerServer)
[2026-05-31 16:24:02,433] INFO [ControllerServer id=0] Finished waiting for all of the authorizer futures to be completed (kafka.server.ControllerServer)
[2026-05-31 16:24:02,433] INFO [ControllerServer id=0] Waiting for all of the SocketServer Acceptors to be started (kafka.server.ControllerServer)
[2026-05-31 16:24:02,433] INFO [ControllerServer id=0] Finished waiting for all of the SocketServer Acceptors to be started (kafka.server.ControllerServer)
[2026-05-31 16:24:02,434] INFO [BrokerServer id=0] Transition from SHUTDOWN to STARTING (kafka.server.BrokerServer)
[2026-05-31 16:24:02,435] INFO [ControllerRegistrationManager id=0 incarnation=MWxNGrctT6yABcUqhEIuBQ] sendControllerRegistration: attempting to send ControllerRegistrationRequestData(controllerId=0, incarnationId=MWxNGrctT6yABcUqhEIuBQ, zkMigrationReady=false, listeners=[Listener(name='CONTROLLER', host='0.0.0.0', port=9093, securityProtocol=0)], features=[Feature(name='metadata.version', minSupportedVersion=1, maxSupportedVersion=19)]) (kafka.server.ControllerRegistrationManager)
[2026-05-31 16:24:02,435] INFO [BrokerServer id=0] Starting broker (kafka.server.BrokerServer)
[2026-05-31 16:24:02,437] INFO [controller-0-to-controller-registration-channel-manager]: Recorded new KRaft controller, from now on will use node kafka-0.kafka-headless.kafka.svc.cluster.local:9093 (id: 0 rack: null) (kafka.server.NodeToControllerRequestThread)
[2026-05-31 16:24:02,441] INFO [broker-0-ThrottledChannelReaper-Fetch]: Starting (kafka.server.ClientQuotaManager$ThrottledChannelReaper)
[2026-05-31 16:24:02,442] INFO [broker-0-ThrottledChannelReaper-Produce]: Starting (kafka.server.ClientQuotaManager$ThrottledChannelReaper)
[2026-05-31 16:24:02,442] INFO [broker-0-ThrottledChannelReaper-Request]: Starting (kafka.server.ClientQuotaManager$ThrottledChannelReaper)
[2026-05-31 16:24:02,443] INFO [broker-0-ThrottledChannelReaper-ControllerMutation]: Starting (kafka.server.ClientQuotaManager$ThrottledChannelReaper)
[2026-05-31 16:24:02,535] INFO [BrokerServer id=0] Waiting for controller quorum voters future (kafka.server.BrokerServer)
[2026-05-31 16:24:02,535] INFO [BrokerServer id=0] Finished waiting for controller quorum voters future (kafka.server.BrokerServer)
[2026-05-31 16:24:02,541] INFO [broker-0-to-controller-forwarding-channel-manager]: Starting (kafka.server.NodeToControllerRequestThread)
[2026-05-31 16:24:02,543] INFO [broker-0-to-controller-forwarding-channel-manager]: Recorded new KRaft controller, from now on will use node kafka-0.kafka-headless.kafka.svc.cluster.local:9093 (id: 0 rack: null) (kafka.server.NodeToControllerRequestThread)
[2026-05-31 16:24:02,723] INFO Updated connection-accept-rate max connection creation rate to 2147483647 (kafka.network.ConnectionQuotas)
[2026-05-31 16:24:02,729] INFO [SocketServer listenerType=BROKER, nodeId=0] Created data-plane acceptor and processors for endpoint : ListenerName(PLAINTEXT) (kafka.network.SocketServer)
[2026-05-31 16:24:02,729] INFO Updated connection-accept-rate max connection creation rate to 2147483647 (kafka.network.ConnectionQuotas)
[2026-05-31 16:24:02,748] INFO [BrokerServer id=0] Transition from STARTING to STARTED (kafka.server.BrokerServer)
[2026-05-31 16:24:02,751] ERROR [BrokerServer id=0] Fatal error during broker startup. Prepare to shutdown (kafka.server.BrokerServer)
org.apache.kafka.common.KafkaException: java.lang.IllegalArgumentException: No serviceName defined in either JAAS or Kafka config
	at org.apache.kafka.common.network.SaslChannelBuilder.configure(SaslChannelBuilder.java:184)
	at org.apache.kafka.common.network.ChannelBuilders.create(ChannelBuilders.java:192)
	at org.apache.kafka.common.network.ChannelBuilders.serverChannelBuilder(ChannelBuilders.java:107)
	at kafka.network.Processor.<init>(SocketServer.scala:973)
	at kafka.network.Acceptor.newProcessor(SocketServer.scala:879)
	at kafka.network.Acceptor.$anonfun$addProcessors$1(SocketServer.scala:849)
	at scala.collection.immutable.Range.foreach$mVc$sp(Range.scala:190)
	at kafka.network.Acceptor.addProcessors(SocketServer.scala:848)
	at kafka.network.DataPlaneAcceptor.configure(SocketServer.scala:523)
	at kafka.network.SocketServer.createDataPlaneAcceptorAndProcessors(SocketServer.scala:251)
	at kafka.network.SocketServer.$anonfun$new$31(SocketServer.scala:175)
	at kafka.network.SocketServer.$anonfun$new$31$adapted(SocketServer.scala:175)
	at scala.collection.IterableOnceOps.foreach(IterableOnce.scala:576)
	at scala.collection.IterableOnceOps.foreach$(IterableOnce.scala:574)
	at scala.collection.AbstractIterable.foreach(Iterable.scala:933)
	at kafka.network.SocketServer.<init>(SocketServer.scala:175)
	at kafka.server.BrokerServer.startup(BrokerServer.scala:255)
	at kafka.server.KafkaRaftServer.$anonfun$startup$2(KafkaRaftServer.scala:99)
	at kafka.server.KafkaRaftServer.$anonfun$startup$2$adapted(KafkaRaftServer.scala:99)
	at scala.Option.foreach(Option.scala:437)
	at kafka.server.KafkaRaftServer.startup(KafkaRaftServer.scala:99)
	at kafka.Kafka$.main(Kafka.scala:112)
	at kafka.Kafka.main(Kafka.scala)
Caused by: java.lang.IllegalArgumentException: No serviceName defined in either JAAS or Kafka config
	at org.apache.kafka.common.security.kerberos.KerberosLogin.getServiceName(KerberosLogin.java:303)
	at org.apache.kafka.common.security.kerberos.KerberosLogin.configure(KerberosLogin.java:92)
	at org.apache.kafka.common.security.authenticator.LoginManager.<init>(LoginManager.java:61)
	at org.apache.kafka.common.security.authenticator.LoginManager.acquireLoginManager(LoginManager.java:112)
	at org.apache.kafka.common.network.SaslChannelBuilder.configure(SaslChannelBuilder.java:170)
	... 22 more
[2026-05-31 16:24:02,753] INFO [BrokerServer id=0] Transition from STARTED to SHUTTING_DOWN (kafka.server.BrokerServer)
[2026-05-31 16:24:02,753] INFO [BrokerServer id=0] shutting down (kafka.server.BrokerServer)
[2026-05-31 16:24:02,754] INFO [BrokerLifecycleManager id=0] Skipping controlled shutdown because we are in state NOT_RUNNING. (kafka.server.BrokerLifecycleManager)
[2026-05-31 16:24:02,754] INFO [BrokerLifecycleManager id=0] beginShutdown: shutting down event queue. (org.apache.kafka.queue.KafkaEventQueue)
[2026-05-31 16:24:02,754] INFO [BrokerLifecycleManager id=0] Transitioning from NOT_RUNNING to SHUTTING_DOWN. (kafka.server.BrokerLifecycleManager)
[2026-05-31 16:24:02,821] INFO [broker-0-to-controller-forwarding-channel-manager]: Shutting down (kafka.server.NodeToControllerRequestThread)
[2026-05-31 16:24:02,821] INFO [broker-0-to-controller-forwarding-channel-manager]: Stopped (kafka.server.NodeToControllerRequestThread)
[2026-05-31 16:24:02,822] INFO [ControllerRegistrationManager id=0 incarnation=MWxNGrctT6yABcUqhEIuBQ] Our registration has been persisted to the metadata log. (kafka.server.ControllerRegistrationManager)
[2026-05-31 16:24:02,822] INFO [broker-0-to-controller-forwarding-channel-manager]: Shutdown completed (kafka.server.NodeToControllerRequestThread)
[2026-05-31 16:24:02,824] INFO [ControllerRegistrationManager id=0 incarnation=MWxNGrctT6yABcUqhEIuBQ] RegistrationResponseHandler: controller acknowledged ControllerRegistrationRequest. (kafka.server.ControllerRegistrationManager)
[2026-05-31 16:24:02,825] INFO Node to controller channel manager for forwarding shutdown (kafka.server.NodeToControllerChannelManagerImpl)
[2026-05-31 16:24:02,826] INFO Shutting down. (kafka.log.LogManager)
[2026-05-31 16:24:02,861] INFO Shutdown complete. (kafka.log.LogManager)
[2026-05-31 16:24:02,863] INFO [broker-0-ThrottledChannelReaper-Fetch]: Shutting down (kafka.server.ClientQuotaManager$ThrottledChannelReaper)
[2026-05-31 16:24:02,864] INFO [broker-0-ThrottledChannelReaper-Fetch]: Stopped (kafka.server.ClientQuotaManager$ThrottledChannelReaper)
[2026-05-31 16:24:02,864] INFO [broker-0-ThrottledChannelReaper-Fetch]: Shutdown completed (kafka.server.ClientQuotaManager$ThrottledChannelReaper)
[2026-05-31 16:24:02,864] INFO [broker-0-ThrottledChannelReaper-Produce]: Shutting down (kafka.server.ClientQuotaManager$ThrottledChannelReaper)
[2026-05-31 16:24:02,865] INFO [broker-0-ThrottledChannelReaper-Produce]: Stopped (kafka.server.ClientQuotaManager$ThrottledChannelReaper)
[2026-05-31 16:24:02,865] INFO [broker-0-ThrottledChannelReaper-Produce]: Shutdown completed (kafka.server.ClientQuotaManager$ThrottledChannelReaper)
[2026-05-31 16:24:02,865] INFO [broker-0-ThrottledChannelReaper-Request]: Shutting down (kafka.server.ClientQuotaManager$ThrottledChannelReaper)
[2026-05-31 16:24:02,865] INFO [broker-0-ThrottledChannelReaper-Request]: Stopped (kafka.server.ClientQuotaManager$ThrottledChannelReaper)
[2026-05-31 16:24:02,865] INFO [broker-0-ThrottledChannelReaper-Request]: Shutdown completed (kafka.server.ClientQuotaManager$ThrottledChannelReaper)
[2026-05-31 16:24:02,865] INFO [broker-0-ThrottledChannelReaper-ControllerMutation]: Shutting down (kafka.server.ClientQuotaManager$ThrottledChannelReaper)
[2026-05-31 16:24:02,865] INFO [broker-0-ThrottledChannelReaper-ControllerMutation]: Stopped (kafka.server.ClientQuotaManager$ThrottledChannelReaper)
[2026-05-31 16:24:02,865] INFO [broker-0-ThrottledChannelReaper-ControllerMutation]: Shutdown completed (kafka.server.ClientQuotaManager$ThrottledChannelReaper)
[2026-05-31 16:24:02,869] INFO Broker and topic stats closed (kafka.server.BrokerTopicStats)
[2026-05-31 16:24:02,869] INFO [BrokerLifecycleManager id=0] closed event queue. (org.apache.kafka.queue.KafkaEventQueue)
[2026-05-31 16:24:02,870] INFO [BrokerServer id=0] shut down completed (kafka.server.BrokerServer)
[2026-05-31 16:24:02,870] INFO [BrokerServer id=0] Transition from SHUTTING_DOWN to SHUTDOWN (kafka.server.BrokerServer)
[2026-05-31 16:24:02,870] ERROR Exiting Kafka due to fatal exception during startup. (kafka.Kafka$)
org.apache.kafka.common.KafkaException: java.lang.IllegalArgumentException: No serviceName defined in either JAAS or Kafka config
	at org.apache.kafka.common.network.SaslChannelBuilder.configure(SaslChannelBuilder.java:184)
	at org.apache.kafka.common.network.ChannelBuilders.create(ChannelBuilders.java:192)
	at org.apache.kafka.common.network.ChannelBuilders.serverChannelBuilder(ChannelBuilders.java:107)
	at kafka.network.Processor.<init>(SocketServer.scala:973)
	at kafka.network.Acceptor.newProcessor(SocketServer.scala:879)
	at kafka.network.Acceptor.$anonfun$addProcessors$1(SocketServer.scala:849)
	at scala.collection.immutable.Range.foreach$mVc$sp(Range.scala:190)
	at kafka.network.Acceptor.addProcessors(SocketServer.scala:848)
	at kafka.network.DataPlaneAcceptor.configure(SocketServer.scala:523)
	at kafka.network.SocketServer.createDataPlaneAcceptorAndProcessors(SocketServer.scala:251)
	at kafka.network.SocketServer.$anonfun$new$31(SocketServer.scala:175)
	at kafka.network.SocketServer.$anonfun$new$31$adapted(SocketServer.scala:175)
	at scala.collection.IterableOnceOps.foreach(IterableOnce.scala:576)
	at scala.collection.IterableOnceOps.foreach$(IterableOnce.scala:574)
	at scala.collection.AbstractIterable.foreach(Iterable.scala:933)
	at kafka.network.SocketServer.<init>(SocketServer.scala:175)
	at kafka.server.BrokerServer.startup(BrokerServer.scala:255)
	at kafka.server.KafkaRaftServer.$anonfun$startup$2(KafkaRaftServer.scala:99)
	at kafka.server.KafkaRaftServer.$anonfun$startup$2$adapted(KafkaRaftServer.scala:99)
	at scala.Option.foreach(Option.scala:437)
	at kafka.server.KafkaRaftServer.startup(KafkaRaftServer.scala:99)
	at kafka.Kafka$.main(Kafka.scala:112)
	at kafka.Kafka.main(Kafka.scala)
Caused by: java.lang.IllegalArgumentException: No serviceName defined in either JAAS or Kafka config
	at org.apache.kafka.common.security.kerberos.KerberosLogin.getServiceName(KerberosLogin.java:303)
	at org.apache.kafka.common.security.kerberos.KerberosLogin.configure(KerberosLogin.java:92)
	at org.apache.kafka.common.security.authenticator.LoginManager.<init>(LoginManager.java:61)
	at org.apache.kafka.common.security.authenticator.LoginManager.acquireLoginManager(LoginManager.java:112)
	at org.apache.kafka.common.network.SaslChannelBuilder.configure(SaslChannelBuilder.java:170)
	... 22 more
[2026-05-31 16:24:02,872] INFO [ControllerServer id=0] shutting down (kafka.server.ControllerServer)
[2026-05-31 16:24:02,874] INFO [raft-expiration-reaper]: Shutting down (kafka.raft.TimingWheelExpirationService$ExpiredOperationReaper)
[2026-05-31 16:24:02,919] INFO [raft-expiration-reaper]: Stopped (kafka.raft.TimingWheelExpirationService$ExpiredOperationReaper)
[2026-05-31 16:24:02,919] INFO [raft-expiration-reaper]: Shutdown completed (kafka.raft.TimingWheelExpirationService$ExpiredOperationReaper)
[2026-05-31 16:24:02,920] INFO [kafka-0-raft-io-thread]: Shutting down (kafka.raft.KafkaRaftManager$RaftIoThread)
[2026-05-31 16:24:02,920] INFO [RaftManager id=0] Beginning graceful shutdown (org.apache.kafka.raft.KafkaRaftClient)
[2026-05-31 16:24:02,921] INFO [RaftManager id=0] Graceful shutdown completed (org.apache.kafka.raft.KafkaRaftClient)
[2026-05-31 16:24:02,922] INFO [kafka-0-raft-io-thread]: Completed graceful shutdown of RaftClient (kafka.raft.KafkaRaftManager$RaftIoThread)
[2026-05-31 16:24:02,922] INFO [kafka-0-raft-io-thread]: Stopped (kafka.raft.KafkaRaftManager$RaftIoThread)
[2026-05-31 16:24:02,922] INFO [kafka-0-raft-io-thread]: Shutdown completed (kafka.raft.KafkaRaftManager$RaftIoThread)
[2026-05-31 16:24:02,927] INFO [kafka-0-raft-outbound-request-thread]: Shutting down (org.apache.kafka.raft.KafkaNetworkChannel$SendThread)
[2026-05-31 16:24:02,927] INFO [kafka-0-raft-outbound-request-thread]: Stopped (org.apache.kafka.raft.KafkaNetworkChannel$SendThread)
[2026-05-31 16:24:02,928] INFO [kafka-0-raft-outbound-request-thread]: Shutdown completed (org.apache.kafka.raft.KafkaNetworkChannel$SendThread)
[2026-05-31 16:24:02,935] INFO [ProducerStateManager partition=__cluster_metadata-0] Wrote producer snapshot at offset 351213 with 0 producer ids in 7 ms. (org.apache.kafka.storage.internals.log.ProducerStateManager)
[2026-05-31 16:24:02,939] INFO [ControllerRegistrationManager id=0 incarnation=MWxNGrctT6yABcUqhEIuBQ] beginShutdown: shutting down event queue. (org.apache.kafka.queue.KafkaEventQueue)
[2026-05-31 16:24:02,940] INFO [ControllerRegistrationManager id=0 incarnation=MWxNGrctT6yABcUqhEIuBQ] shutting down. (kafka.server.ControllerRegistrationManager)
[2026-05-31 16:24:02,940] INFO [controller-0-to-controller-registration-channel-manager]: Shutting down (kafka.server.NodeToControllerRequestThread)
[2026-05-31 16:24:02,941] INFO [controller-0-to-controller-registration-channel-manager]: Stopped (kafka.server.NodeToControllerRequestThread)
[2026-05-31 16:24:02,941] INFO [controller-0-to-controller-registration-channel-manager]: Shutdown completed (kafka.server.NodeToControllerRequestThread)
[2026-05-31 16:24:02,942] INFO Node to controller channel manager for registration shutdown (kafka.server.NodeToControllerChannelManagerImpl)
[2026-05-31 16:24:02,946] INFO [ControllerRegistrationManager id=0 incarnation=MWxNGrctT6yABcUqhEIuBQ] closed event queue. (org.apache.kafka.queue.KafkaEventQueue)
[2026-05-31 16:24:02,947] INFO [controller-0-to-controller-registration-channel-manager]: Shutdown completed (kafka.server.NodeToControllerRequestThread)
[2026-05-31 16:24:02,947] WARN [NodeToControllerChannelManager id=0 name=registration] Attempting to close NetworkClient that has already been closed. (org.apache.kafka.clients.NetworkClient)
[2026-05-31 16:24:02,947] INFO Node to controller channel manager for registration shutdown (kafka.server.NodeToControllerChannelManagerImpl)
[2026-05-31 16:24:02,948] INFO [ControllerRegistrationManager id=0 incarnation=MWxNGrctT6yABcUqhEIuBQ] closed event queue. (org.apache.kafka.queue.KafkaEventQueue)
[2026-05-31 16:24:02,950] INFO [SocketServer listenerType=CONTROLLER, nodeId=0] Stopping socket server request processors (kafka.network.SocketServer)
[2026-05-31 16:24:02,954] INFO [SocketServer listenerType=CONTROLLER, nodeId=0] Stopped socket server request processors (kafka.network.SocketServer)
[2026-05-31 16:24:02,954] INFO [QuorumController id=0] QuorumController#beginShutdown: shutting down event queue. (org.apache.kafka.queue.KafkaEventQueue)
[2026-05-31 16:24:02,955] INFO [SocketServer listenerType=CONTROLLER, nodeId=0] Shutting down socket server (kafka.network.SocketServer)
[2026-05-31 16:24:02,967] INFO [SocketServer listenerType=CONTROLLER, nodeId=0] Shutdown completed (kafka.network.SocketServer)
[2026-05-31 16:24:03,018] INFO [data-plane Kafka Request Handler on Broker 0], shutting down (kafka.server.KafkaRequestHandlerPool)
[2026-05-31 16:24:03,020] INFO [data-plane Kafka Request Handler on Broker 0], shut down completely (kafka.server.KafkaRequestHandlerPool)
[2026-05-31 16:24:03,021] INFO [ExpirationReaper-0-AlterAcls]: Shutting down (kafka.server.DelayedOperationPurgatory$ExpiredOperationReaper)
[2026-05-31 16:24:03,021] INFO [ExpirationReaper-0-AlterAcls]: Stopped (kafka.server.DelayedOperationPurgatory$ExpiredOperationReaper)
[2026-05-31 16:24:03,022] INFO [ExpirationReaper-0-AlterAcls]: Shutdown completed (kafka.server.DelayedOperationPurgatory$ExpiredOperationReaper)
[2026-05-31 16:24:03,022] INFO [controller-0-ThrottledChannelReaper-Fetch]: Shutting down (kafka.server.ClientQuotaManager$ThrottledChannelReaper)
[2026-05-31 16:24:03,022] INFO [controller-0-ThrottledChannelReaper-Fetch]: Stopped (kafka.server.ClientQuotaManager$ThrottledChannelReaper)
[2026-05-31 16:24:03,023] INFO [controller-0-ThrottledChannelReaper-Fetch]: Shutdown completed (kafka.server.ClientQuotaManager$ThrottledChannelReaper)
[2026-05-31 16:24:03,023] INFO [controller-0-ThrottledChannelReaper-Produce]: Shutting down (kafka.server.ClientQuotaManager$ThrottledChannelReaper)
[2026-05-31 16:24:03,023] INFO [controller-0-ThrottledChannelReaper-Produce]: Stopped (kafka.server.ClientQuotaManager$ThrottledChannelReaper)
[2026-05-31 16:24:03,023] INFO [controller-0-ThrottledChannelReaper-Produce]: Shutdown completed (kafka.server.ClientQuotaManager$ThrottledChannelReaper)
[2026-05-31 16:24:03,024] INFO [controller-0-ThrottledChannelReaper-Request]: Shutting down (kafka.server.ClientQuotaManager$ThrottledChannelReaper)
[2026-05-31 16:24:03,024] INFO [controller-0-ThrottledChannelReaper-Request]: Stopped (kafka.server.ClientQuotaManager$ThrottledChannelReaper)
[2026-05-31 16:24:03,024] INFO [controller-0-ThrottledChannelReaper-Request]: Shutdown completed (kafka.server.ClientQuotaManager$ThrottledChannelReaper)
[2026-05-31 16:24:03,024] INFO [controller-0-ThrottledChannelReaper-ControllerMutation]: Shutting down (kafka.server.ClientQuotaManager$ThrottledChannelReaper)
[2026-05-31 16:24:03,024] INFO [controller-0-ThrottledChannelReaper-ControllerMutation]: Stopped (kafka.server.ClientQuotaManager$ThrottledChannelReaper)
[2026-05-31 16:24:03,025] INFO [controller-0-ThrottledChannelReaper-ControllerMutation]: Shutdown completed (kafka.server.ClientQuotaManager$ThrottledChannelReaper)
[2026-05-31 16:24:03,025] INFO [QuorumController id=0] closed event queue. (org.apache.kafka.queue.KafkaEventQueue)
[2026-05-31 16:24:03,027] INFO [SharedServer id=0] Stopping SharedServer (kafka.server.SharedServer)
[2026-05-31 16:24:03,027] INFO [MetadataLoader id=0] beginShutdown: shutting down event queue. (org.apache.kafka.queue.KafkaEventQueue)
[2026-05-31 16:24:03,027] INFO [SnapshotGenerator id=0] beginShutdown: shutting down event queue. (org.apache.kafka.queue.KafkaEventQueue)
[2026-05-31 16:24:03,027] INFO [SnapshotGenerator id=0] closed event queue. (org.apache.kafka.queue.KafkaEventQueue)
[2026-05-31 16:24:03,028] INFO [MetadataLoader id=0] closed event queue. (org.apache.kafka.queue.KafkaEventQueue)
[2026-05-31 16:24:03,028] INFO [SnapshotGenerator id=0] closed event queue. (org.apache.kafka.queue.KafkaEventQueue)
[2026-05-31 16:24:03,030] INFO Metrics scheduler closed (org.apache.kafka.common.metrics.Metrics)
[2026-05-31 16:24:03,030] INFO Metrics reporters closed (org.apache.kafka.common.metrics.Metrics)
[2026-05-31 16:24:03,030] INFO App info kafka.server for 0 unregistered (org.apache.kafka.common.utils.AppInfoParser)
[2026-05-31 16:24:03,030] INFO App info kafka.server for 0 unregistered (org.apache.kafka.common.utils.AppInfoParser)
